Component: ARM Compiler 5.06 update 6 (build 750) Tool: armlink [4d35ed]

==============================================================================

Section Cross References

    main.o(i.SystemClock_Config) refers to stm32f1xx_ll_utils.o(i.LL_Init1msTick) for LL_Init1msTick
    main.o(i.SystemClock_Config) refers to stm32f1xx_ll_utils.o(i.LL_SetSystemCoreClock) for LL_SetSystemCoreClock
    main.o(i.main) refers to main.o(i.SystemClock_Config) for SystemClock_Config
    main.o(i.main) refers to chrono.o(i.Chrono_Conf) for Chrono_Conf
    main.o(i.main) refers to chrono.o(i.Chrono_Start) for Chrono_Start
    main.o(i.main) refers to chrono.o(i.Chrono_Background) for Chrono_Background
    chrono.o(i.Chrono_Background) refers to girouette.o(i.girouette_get_angle) for girouette_get_angle
    chrono.o(i.Chrono_Background) refers to ffixi.o(.text) for __aeabi_f2iz
    chrono.o(i.Chrono_Background) refers to servomoteurs.o(i.servo_setAngle) for servo_setAngle
    chrono.o(i.Chrono_Background) refers to plateau.o(i.get_vitesse_sens) for get_vitesse_sens
    chrono.o(i.Chrono_Background) refers to plateau.o(i.bougerPlateau) for bougerPlateau
    chrono.o(i.Chrono_Background) refers to accelerometre.o(i.getAngle) for getAngle
    chrono.o(i.Chrono_Background) refers to accelerometre.o(i.bougerVoile) for bougerVoile
    chrono.o(i.Chrono_Background) refers to management.o(i.getAlimentationState) for getAlimentationState
    chrono.o(i.Chrono_Background) refers to management.o(i.Usart_sendBatInfo) for Usart_sendBatInfo
    chrono.o(i.Chrono_Background) refers to management.o(i.usart_sendClearMessage) for usart_sendClearMessage
    chrono.o(i.Chrono_Background) refers to chrono.o(.data) for angle
    chrono.o(i.Chrono_Conf) refers to mytimer.o(i.MyTimer_Conf) for MyTimer_Conf
    chrono.o(i.Chrono_Conf) refers to mytimer.o(i.MyTimer_IT_Conf) for MyTimer_IT_Conf
    chrono.o(i.Chrono_Conf) refers to mytimer.o(i.MyTimer_IT_Enable) for MyTimer_IT_Enable
    chrono.o(i.Chrono_Conf) refers to management.o(i.Usart_conf) for Usart_conf
    chrono.o(i.Chrono_Conf) refers to management.o(i.Adc_Conf) for Adc_Conf
    chrono.o(i.Chrono_Conf) refers to plateau.o(i.gpio_RF_init) for gpio_RF_init
    chrono.o(i.Chrono_Conf) refers to plateau.o(i.timer_RF_init) for timer_RF_init
    chrono.o(i.Chrono_Conf) refers to plateau.o(i.gpio_mcc_init) for gpio_mcc_init
    chrono.o(i.Chrono_Conf) refers to plateau.o(i.timer_pwm_mcc_init) for timer_pwm_mcc_init
    chrono.o(i.Chrono_Conf) refers to accelerometre.o(i.Adc_Conf_ACC) for Adc_Conf_ACC
    chrono.o(i.Chrono_Conf) refers to accelerometre.o(i.timer_pwm_init) for timer_pwm_init
    chrono.o(i.Chrono_Conf) refers to accelerometre.o(i.gpio_servom_init) for gpio_servom_init
    chrono.o(i.Chrono_Conf) refers to girouette.o(i.girouetteConf) for girouetteConf
    chrono.o(i.Chrono_Conf) refers to servomoteurs.o(i.servo_start) for servo_start
    chrono.o(i.Chrono_Conf) refers to chrono.o(.data) for Chrono_Time
    chrono.o(i.Chrono_Conf) refers to chrono.o(i.Chrono_Task_10ms) for Chrono_Task_10ms
    chrono.o(i.Chrono_Read) refers to chrono.o(.data) for Chrono_Time
    chrono.o(i.Chrono_Reset) refers to chrono.o(.data) for Chrono_Time
    chrono.o(i.Chrono_Start) refers to mytimer.o(i.MyTimer_Start) for MyTimer_Start
    chrono.o(i.Chrono_Start) refers to chrono.o(.data) for Chrono_Timer
    chrono.o(i.Chrono_Stop) refers to mytimer.o(i.MyTimer_Stop) for MyTimer_Stop
    chrono.o(i.Chrono_Stop) refers to chrono.o(.data) for Chrono_Timer
    chrono.o(i.Chrono_Task_10ms) refers to chrono.o(.data) for cpt
    mytimer.o(i.MyTimer_Conf) refers to mytimer.o(i.LL_APB1_GRP1_EnableClock) for LL_APB1_GRP1_EnableClock
    mytimer.o(i.MyTimer_Conf) refers to stm32f1xx_ll_tim.o(i.LL_TIM_Init) for LL_TIM_Init
    mytimer.o(i.MyTimer_Conf) refers to mytimer.o(i.LL_TIM_DisableIT_UPDATE) for LL_TIM_DisableIT_UPDATE
    mytimer.o(i.MyTimer_Conf) refers to mytimer.o(i.LL_TIM_DisableCounter) for LL_TIM_DisableCounter
    mytimer.o(i.MyTimer_IT_Conf) refers to mytimer.o(i.LL_TIM_DisableIT_UPDATE) for LL_TIM_DisableIT_UPDATE
    mytimer.o(i.MyTimer_IT_Conf) refers to mytimer.o(.data) for Ptr_ItFct_TIM1
    mytimer.o(i.MyTimer_IT_Disable) refers to mytimer.o(i.LL_TIM_DisableIT_UPDATE) for LL_TIM_DisableIT_UPDATE
    mytimer.o(i.MyTimer_Stop) refers to mytimer.o(i.LL_TIM_DisableCounter) for LL_TIM_DisableCounter
    mytimer.o(i.TIM1_UP_IRQHandler) refers to mytimer.o(i.LL_TIM_ClearFlag_UPDATE) for LL_TIM_ClearFlag_UPDATE
    mytimer.o(i.TIM1_UP_IRQHandler) refers to mytimer.o(.data) for Ptr_ItFct_TIM1
    mytimer.o(i.TIM2_IRQHandler) refers to mytimer.o(i.LL_TIM_ClearFlag_UPDATE) for LL_TIM_ClearFlag_UPDATE
    mytimer.o(i.TIM2_IRQHandler) refers to mytimer.o(.data) for Ptr_ItFct_TIM2
    mytimer.o(i.TIM3_IRQHandler) refers to mytimer.o(i.LL_TIM_ClearFlag_UPDATE) for LL_TIM_ClearFlag_UPDATE
    mytimer.o(i.TIM3_IRQHandler) refers to mytimer.o(.data) for Ptr_ItFct_TIM3
[...]
    plateau.o(i.gpio_mcc_init) refers to stm32f1xx_ll_gpio.o(i.LL_GPIO_Init) for LL_GPIO_Init
    plateau.o(i.timer_RF_init) refers to plateau.o(i.LL_APB1_GRP1_EnableClock) for LL_APB1_GRP1_EnableClock
    plateau.o(i.timer_RF_init) refers to stm32f1xx_ll_tim.o(i.LL_TIM_Init) for LL_TIM_Init
    plateau.o(i.timer_RF_init) refers to plateau.o(i.LL_TIM_EnableCounter) for LL_TIM_EnableCounter
    plateau.o(i.timer_RF_init) refers to plateau.o(.data) for vitesse
    plateau.o(i.timer_pwm_mcc_init) refers to plateau.o(i.LL_APB1_GRP1_EnableClock) for LL_APB1_GRP1_EnableClock
    plateau.o(i.timer_pwm_mcc_init) refers to stm32f1xx_ll_tim.o(i.LL_TIM_Init) for LL_TIM_Init
    plateau.o(i.timer_pwm_mcc_init) refers to plateau.o(i.LL_TIM_OC_SetMode) for LL_TIM_OC_SetMode
    plateau.o(i.timer_pwm_mcc_init) refers to plateau.o(i.LL_TIM_EnableCounter) for LL_TIM_EnableCounter
    servomoteurs.o(i.servoConf) refers to stm32f1xx_ll_gpio.o(i.LL_GPIO_Init) for LL_GPIO_Init
    servomoteurs.o(i.servoConf) refers to servomoteurs.o(.data) for TimerServo
    servomoteurs.o(i.servo_setAngle) refers to fflti.o(.text) for __aeabi_i2f
    servomoteurs.o(i.servo_setAngle) refers to f2d.o(.text) for __aeabi_f2d
    servomoteurs.o(i.servo_setAngle) refers to dmul.o(.text) for __aeabi_dmul
    servomoteurs.o(i.servo_setAngle) refers to dadd.o(.text) for __aeabi_dadd
    servomoteurs.o(i.servo_setAngle) refers to d2f.o(.text) for __aeabi_d2f
    servomoteurs.o(i.servo_setAngle) refers to dfixi.o(.text) for __aeabi_d2iz
    servomoteurs.o(i.servo_setAngle) refers to mytimer.o(i.Timer_PWM_high_level_counter) for Timer_PWM_high_level_counter
    servomoteurs.o(i.servo_setAngle) refers to servomoteurs.o(.data) for TimerServo
    servomoteurs.o(i.servo_start) refers to servomoteurs.o(i.servoConf) for servoConf
    servomoteurs.o(i.servo_start) refers to servomoteurs.o(i.servo_setAngle) for servo_setAngle
    servomoteurs.o(i.servo_start) refers to servomoteurs.o(.data) for TimerServo
    stm32f1xx_ll_rcc.o(i.LL_RCC_DeInit) refers to stm32f1xx_ll_rcc.o(i.LL_RCC_PLL_IsReady) for LL_RCC_PLL_IsReady
    stm32f1xx_ll_rcc.o(i.LL_RCC_GetADCClockFreq) refers to main.o(i.assert_failed) for assert_failed
    stm32f1xx_ll_rcc.o(i.LL_RCC_GetADCClockFreq) refers to stm32f1xx_ll_rcc.o(i.RCC_GetSystemClockFreq) for RCC_GetSystemClockFreq
    stm32f1xx_ll_rcc.o(i.LL_RCC_GetADCClockFreq) refers to stm32f1xx_ll_rcc.o(i.RCC_GetHCLKClockFreq) for RCC_GetHCLKClockFreq
    stm32f1xx_ll_rcc.o(i.LL_RCC_GetADCClockFreq) refers to stm32f1xx_ll_rcc.o(i.RCC_GetPCLK2ClockFreq) for RCC_GetPCLK2ClockFreq
    stm32f1xx_ll_rcc.o(i.LL_RCC_GetSystemClocksFreq) refers to stm32f1xx_ll_rcc.o(i.RCC_GetSystemClockFreq) for RCC_GetSystemClockFreq
    stm32f1xx_ll_rcc.o(i.LL_RCC_GetSystemClocksFreq) refers to stm32f1xx_ll_rcc.o(i.RCC_GetHCLKClockFreq) for RCC_GetHCLKClockFreq
    stm32f1xx_ll_rcc.o(i.LL_RCC_GetSystemClocksFreq) refers to stm32f1xx_ll_rcc.o(i.RCC_GetPCLK1ClockFreq) for RCC_GetPCLK1ClockFreq
    stm32f1xx_ll_rcc.o(i.LL_RCC_GetSystemClocksFreq) refers to stm32f1xx_ll_rcc.o(i.RCC_GetPCLK2ClockFreq) for RCC_GetPCLK2ClockFreq
    stm32f1xx_ll_rcc.o(i.LL_RCC_GetUSBClockFreq) refers to main.o(i.assert_failed) for assert_failed
    stm32f1xx_ll_rcc.o(i.LL_RCC_GetUSBClockFreq) refers to stm32f1xx_ll_rcc.o(i.LL_RCC_PLL_IsReady) for LL_RCC_PLL_IsReady
    stm32f1xx_ll_rcc.o(i.LL_RCC_GetUSBClockFreq) refers to stm32f1xx_ll_rcc.o(i.RCC_PLL_GetFreqDomain_SYS) for RCC_PLL_GetFreqDomain_SYS
    stm32f1xx_ll_rcc.o(i.RCC_GetHCLKClockFreq) refers to system_stm32f1xx.o(.constdata) for AHBPrescTable
    stm32f1xx_ll_rcc.o(i.RCC_GetPCLK1ClockFreq) refers to system_stm32f1xx.o(.constdata) for APBPrescTable
    stm32f1xx_ll_rcc.o(i.RCC_GetPCLK2ClockFreq) refers to system_stm32f1xx.o(.constdata) for APBPrescTable
    stm32f1xx_ll_rcc.o(i.RCC_GetSystemClockFreq) refers to stm32f1xx_ll_rcc.o(i.RCC_PLL_GetFreqDomain_SYS) for RCC_PLL_GetFreqDomain_SYS
    stm32f1xx_ll_utils.o(i.LL_PLL_ConfigSystemClock_HSE) refers to main.o(i.assert_failed) for assert_failed
    stm32f1xx_ll_utils.o(i.LL_PLL_ConfigSystemClock_HSE) refers to stm32f1xx_ll_utils.o(i.UTILS_PLL_IsBusy) for UTILS_PLL_IsBusy
    stm32f1xx_ll_utils.o(i.LL_PLL_ConfigSystemClock_HSE) refers to stm32f1xx_ll_utils.o(i.UTILS_GetPLLOutputFrequency) for UTILS_GetPLLOutputFrequency
    stm32f1xx_ll_utils.o(i.LL_PLL_ConfigSystemClock_HSE) refers to stm32f1xx_ll_utils.o(i.LL_RCC_HSE_IsReady) for LL_RCC_HSE_IsReady
    stm32f1xx_ll_utils.o(i.LL_PLL_ConfigSystemClock_HSE) refers to stm32f1xx_ll_utils.o(i.LL_RCC_PLL_ConfigDomain_SYS) for LL_RCC_PLL_ConfigDomain_SYS
    stm32f1xx_ll_utils.o(i.LL_PLL_ConfigSystemClock_HSE) refers to stm32f1xx_ll_utils.o(i.UTILS_EnablePLLAndSwitchSystem) for UTILS_EnablePLLAndSwitchSystem
    stm32f1xx_ll_utils.o(i.LL_PLL_ConfigSystemClock_HSI) refers to stm32f1xx_ll_utils.o(i.UTILS_PLL_IsBusy) for UTILS_PLL_IsBusy
    stm32f1xx_ll_utils.o(i.LL_PLL_ConfigSystemClock_HSI) refers to stm32f1xx_ll_utils.o(i.UTILS_GetPLLOutputFrequency) for UTILS_GetPLLOutputFrequency
    stm32f1xx_ll_utils.o(i.LL_PLL_ConfigSystemClock_HSI) refers to stm32f1xx_ll_utils.o(i.LL_RCC_HSI_IsReady) for LL_RCC_HSI_IsReady
    stm32f1xx_ll_utils.o(i.LL_PLL_ConfigSystemClock_HSI) refers to stm32f1xx_ll_utils.o(i.LL_RCC_PLL_ConfigDomain_SYS) for LL_RCC_PLL_ConfigDomain_SYS
    stm32f1xx_ll_utils.o(i.LL_PLL_ConfigSystemClock_HSI) refers to stm32f1xx_ll_utils.o(i.UTILS_EnablePLLAndSwitchSystem) for UTILS_EnablePLLAndSwitchSystem
    stm32f1xx_ll_utils.o(i.LL_SetSystemCoreClock) refers to system_stm32f1xx.o(.data) for SystemCoreClock
    stm32f1xx_ll_utils.o(i.UTILS_EnablePLLAndSwitchSystem) refers to main.o(i.assert_failed) for assert_failed
    stm32f1xx_ll_utils.o(i.UTILS_EnablePLLAndSwitchSystem) refers to stm32f1xx_ll_utils.o(i.UTILS_SetFlashLatency) for UTILS_SetFlashLatency
    stm32f1xx_ll_utils.o(i.UTILS_EnablePLLAndSwitchSystem) refers to stm32f1xx_ll_utils.o(i.LL_RCC_PLL_IsReady) for LL_RCC_PLL_IsReady
    stm32f1xx_ll_utils.o(i.UTILS_EnablePLLAndSwitchSystem) refers to stm32f1xx_ll_utils.o(i.LL_SetSystemCoreClock) for LL_SetSystemCoreClock
    stm32f1xx_ll_utils.o(i.UTILS_EnablePLLAndSwitchSystem) refers to system_stm32f1xx.o(.constdata) for AHBPrescTable
    stm32f1xx_ll_utils.o(i.UTILS_EnablePLLAndSwitchSystem) refers to system_stm32f1xx.o(.data) for SystemCoreClock
    stm32f1xx_ll_utils.o(i.UTILS_GetPLLOutputFrequency) refers to main.o(i.assert_failed) for assert_failed
    stm32f1xx_ll_utils.o(i.UTILS_PLL_IsBusy) refers to stm32f1xx_ll_utils.o(i.LL_RCC_PLL_IsReady) for LL_RCC_PLL_IsReady
    stm32f1xx_ll_tim.o(i.IC1Config) refers to main.o(i.assert_failed) for assert_failed
    stm32f1xx_ll_tim.o(i.IC2Config) refers to main.o(i.assert_failed) for assert_failed
    stm32f1xx_ll_tim.o(i.IC3Config) refers to main.o(i.assert_failed) for assert_failed
    stm32f1xx_ll_tim.o(i.IC4Config) refers to main.o(i.assert_failed) for assert_failed
    stm32f1xx_ll_tim.o(i.LL_TIM_BDTR_Init) refers to main.o(i.assert_failed) for assert_failed
    stm32f1xx_ll_tim.o(i.LL_TIM_DeInit) refers to main.o(i.assert_failed) for assert_failed
    stm32f1xx_ll_tim.o(i.LL_TIM_DeInit) refers to stm32f1xx_ll_tim.o(i.LL_APB1_GRP1_ForceReset) for LL_APB1_GRP1_ForceReset
    stm32f1xx_ll_tim.o(i.LL_TIM_DeInit) refers to stm32f1xx_ll_tim.o(i.LL_APB1_GRP1_ReleaseReset) for LL_APB1_GRP1_ReleaseReset
    stm32f1xx_ll_tim.o(i.LL_TIM_ENCODER_Init) refers to main.o(i.assert_failed) for assert_failed
    stm32f1xx_ll_tim.o(i.LL_TIM_HALLSENSOR_Init) refers to main.o(i.assert_failed) for assert_failed
    stm32f1xx_ll_tim.o(i.LL_TIM_HALLSENSOR_Init) refers to stm32f1xx_ll_tim.o(i.LL_TIM_OC_SetCompareCH2) for LL_TIM_OC_SetCompareCH2
    stm32f1xx_ll_tim.o(i.LL_TIM_IC_Init) refers to stm32f1xx_ll_tim.o(i.IC1Config) for IC1Config
    stm32f1xx_ll_tim.o(i.LL_TIM_IC_Init) refers to stm32f1xx_ll_tim.o(i.IC2Config) for IC2Config
    stm32f1xx_ll_tim.o(i.LL_TIM_IC_Init) refers to stm32f1xx_ll_tim.o(i.IC3Config) for IC3Config
    stm32f1xx_ll_tim.o(i.LL_TIM_IC_Init) refers to stm32f1xx_ll_tim.o(i.IC4Config) for IC4Config
    stm32f1xx_ll_tim.o(i.LL_TIM_Init) refers to main.o(i.assert_failed) for assert_failed
    stm32f1xx_ll_tim.o(i.LL_TIM_OC_Init) refers to stm32f1xx_ll_tim.o(i.OC1Config) for OC1Config
    stm32f1xx_ll_tim.o(i.LL_TIM_OC_Init) refers to stm32f1xx_ll_tim.o(i.OC2Config) for OC2Config
    stm32f1xx_ll_tim.o(i.LL_TIM_OC_Init) refers to stm32f1xx_ll_tim.o(i.OC3Config) for OC3Config
    stm32f1xx_ll_tim.o(i.LL_TIM_OC_Init) refers to stm32f1xx_ll_tim.o(i.OC4Config) for OC4Config
    stm32f1xx_ll_tim.o(i.OC1Config) refers to main.o(i.assert_failed) for assert_failed
    stm32f1xx_ll_tim.o(i.OC2Config) refers to main.o(i.assert_failed) for assert_failed
    stm32f1xx_ll_tim.o(i.OC2Config) refers to stm32f1xx_ll_tim.o(i.LL_TIM_OC_SetCompareCH2) for LL_TIM_OC_SetCompareCH2
    stm32f1xx_ll_tim.o(i.OC3Config) refers to main.o(i.assert_failed) for assert_failed
    stm32f1xx_ll_tim.o(i.OC4Config) refers to main.o(i.assert_failed) for assert_failed
    stm32f1xx_ll_adc.o(i.LL_ADC_CommonDeInit) refers to main.o(i.assert_failed) for assert_failed
    stm32f1xx_ll_adc.o(i.LL_ADC_CommonInit) refers to main.o(i.assert_failed) for assert_failed
    stm32f1xx_ll_adc.o(i.LL_ADC_CommonInit) refers to stm32f1xx_ll_adc.o(i.LL_ADC_IsEnabled) for LL_ADC_IsEnabled
    stm32f1xx_ll_adc.o(i.LL_ADC_DeInit) refers to main.o(i.assert_failed) for assert_failed
    stm32f1xx_ll_adc.o(i.LL_ADC_DeInit) refers to stm32f1xx_ll_adc.o(i.LL_ADC_IsEnabled) for LL_ADC_IsEnabled
    stm32f1xx_ll_adc.o(i.LL_ADC_INJ_Init) refers to main.o(i.assert_failed) for assert_failed
    stm32f1xx_ll_adc.o(i.LL_ADC_INJ_Init) refers to stm32f1xx_ll_adc.o(i.LL_ADC_IsEnabled) for LL_ADC_IsEnabled
    stm32f1xx_ll_adc.o(i.LL_ADC_Init) refers to main.o(i.assert_failed) for assert_failed
    stm32f1xx_ll_adc.o(i.LL_ADC_Init) refers to stm32f1xx_ll_adc.o(i.LL_ADC_IsEnabled) for LL_ADC_IsEnabled
    stm32f1xx_ll_adc.o(i.LL_ADC_REG_Init) refers to main.o(i.assert_failed) for assert_failed
    stm32f1xx_ll_adc.o(i.LL_ADC_REG_Init) refers to stm32f1xx_ll_adc.o(i.LL_ADC_IsEnabled) for LL_ADC_IsEnabled
    stm32f1xx_ll_gpio.o(i.LL_GPIO_DeInit) refers to main.o(i.assert_failed) for assert_failed
    stm32f1xx_ll_gpio.o(i.LL_GPIO_DeInit) refers to stm32f1xx_ll_gpio.o(i.LL_APB2_GRP1_ForceReset) for LL_APB2_GRP1_ForceReset
    stm32f1xx_ll_gpio.o(i.LL_GPIO_DeInit) refers to stm32f1xx_ll_gpio.o(i.LL_APB2_GRP1_ReleaseReset) for LL_APB2_GRP1_ReleaseReset
    stm32f1xx_ll_gpio.o(i.LL_GPIO_Init) refers to main.o(i.assert_failed) for assert_failed
    stm32f1xx_ll_usart.o(i.LL_USART_ClockInit) refers to main.o(i.assert_failed) for assert_failed
    stm32f1xx_ll_usart.o(i.LL_USART_ClockInit) refers to stm32f1xx_ll_usart.o(i.LL_USART_IsEnabled) for LL_USART_IsEnabled
    stm32f1xx_ll_usart.o(i.LL_USART_DeInit) refers to main.o(i.assert_failed) for assert_failed
    stm32f1xx_ll_usart.o(i.LL_USART_DeInit) refers to stm32f1xx_ll_usart.o(i.LL_APB1_GRP1_ForceReset) for LL_APB1_GRP1_ForceReset
    stm32f1xx_ll_usart.o(i.LL_USART_DeInit) refers to stm32f1xx_ll_usart.o(i.LL_APB1_GRP1_ReleaseReset) for LL_APB1_GRP1_ReleaseReset
    stm32f1xx_ll_usart.o(i.LL_USART_Init) refers to main.o(i.assert_failed) for assert_failed
    stm32f1xx_ll_usart.o(i.LL_USART_Init) refers to stm32f1xx_ll_usart.o(i.LL_USART_IsEnabled) for LL_USART_IsEnabled
    stm32f1xx_ll_usart.o(i.LL_USART_Init) refers to stm32f1xx_ll_rcc.o(i.LL_RCC_GetSystemClocksFreq) for LL_RCC_GetSystemClocksFreq
    stm32f1xx_ll_usart.o(i.LL_USART_Init) refers to stm32f1xx_ll_usart.o(i.LL_USART_SetBaudRate) for LL_USART_SetBaudRate
    system_stm32f1xx.o(i.SystemCoreClockUpdate) refers to system_stm32f1xx.o(.data) for SystemCoreClock
    system_stm32f1xx.o(i.SystemCoreClockUpdate) refers to system_stm32f1xx.o(.constdata) for AHBPrescTable
    startup_stm32f103xb.o(RESET) refers to startup_stm32f103xb.o(STACK) for __initial_sp
    startup_stm32f103xb.o(RESET) refers to startup_stm32f103xb.o(.text) for Reset_Handler
    startup_stm32f103xb.o(RESET) refers to mytimer.o(i.TIM1_UP_IRQHandler) for TIM1_UP_IRQHandler
    startup_stm32f103xb.o(RESET) refers to mytimer.o(i.TIM2_IRQHandler) for TIM2_IRQHandler
    startup_stm32f103xb.o(RESET) refers to mytimer.o(i.TIM3_IRQHandler) for TIM3_IRQHandler
    startup_stm32f103xb.o(RESET) refers to mytimer.o(i.TIM4_IRQHandler) for TIM4_IRQHandler
    startup_stm32f103xb.o(.text) refers to system_stm32f1xx.o(i.SystemInit) for SystemInit
    startup_stm32f103xb.o(.text) refers to entry.o(.ARM.Collect$$$$00000000) for __main
    acos.o(i.__softfp_acos) refers (Special) to iusefp.o(.text) for __I$use$fp
    acos.o(i.__softfp_acos) refers to acos.o(i.acos) for acos
    acos.o(i.acos) refers (Special) to iusefp.o(.text) for __I$use$fp
    acos.o(i.acos) refers to dunder.o(i.__mathlib_dbl_infnan) for __mathlib_dbl_infnan
    acos.o(i.acos) refers to errno.o(i.__set_errno) for __set_errno
    acos.o(i.acos) refers to dunder.o(i.__mathlib_dbl_invalid) for __mathlib_dbl_invalid
    acos.o(i.acos) refers to dmul.o(.text) for __aeabi_dmul
    acos.o(i.acos) refers to poly.o(i.__kernel_poly) for __kernel_poly
    acos.o(i.acos) refers to dadd.o(.text) for __aeabi_dadd
    acos.o(i.acos) refers to ddiv.o(.text) for __aeabi_ddiv
    acos.o(i.acos) refers to dscalb.o(.text) for __ARM_scalbn
    acos.o(i.acos) refers to sqrt.o(i.sqrt) for sqrt
    acos.o(i.acos) refers to acos.o(.constdata) for .constdata
    acos.o(.constdata) refers (Special) to iusefp.o(.text) for __I$use$fp
    acos_x.o(i.____softfp_acos$lsc) refers (Special) to iusefp.o(.text) for __I$use$fp
    acos_x.o(i.____softfp_acos$lsc) refers to acos_x.o(i.__acos$lsc) for __acos$lsc
    acos_x.o(i.__acos$lsc) refers (Special) to iusefp.o(.text) for __I$use$fp
    acos_x.o(i.__acos$lsc) refers to dunder.o(i.__mathlib_dbl_infnan) for __mathlib_dbl_infnan
    acos_x.o(i.__acos$lsc) refers to errno.o(i.__set_errno) for __set_errno
    acos_x.o(i.__acos$lsc) refers to dmul.o(.text) for __aeabi_dmul
    acos_x.o(i.__acos$lsc) refers to poly.o(i.__kernel_poly) for __kernel_poly
    acos_x.o(i.__acos$lsc) refers to dadd.o(.text) for __aeabi_dadd
    acos_x.o(i.__acos$lsc) refers to ddiv.o(.text) for __aeabi_ddiv
    acos_x.o(i.__acos$lsc) refers to dscalb.o(.text) for __ARM_scalbn
    acos_x.o(i.__acos$lsc) refers to sqrt.o(i.sqrt) for sqrt
    acos_x.o(i.__acos$lsc) refers to acos_x.o(.constdata) for .constdata
    acos_x.o(.constdata) refers (Special) to iusefp.o(.text) for __I$use$fp
    entry.o(.ARM.Collect$$$$00000000) refers (Special) to entry10a.o(.ARM.Collect$$$$0000000D) for __rt_final_cpp
    entry.o(.ARM.Collect$$$$00000000) refers (Special) to entry11a.o(.ARM.Collect$$$$0000000F) for __rt_final_exit
    entry.o(.ARM.Collect$$$$00000000) refers (Special) to entry7b.o(.ARM.Collect$$$$00000008) for _main_clock
    entry.o(.ARM.Collect$$$$00000000) refers (Special) to entry8b.o(.ARM.Collect$$$$0000000A) for _main_cpp_init
    entry.o(.ARM.Collect$$$$00000000) refers (Special) to entry9a.o(.ARM.Collect$$$$0000000B) for _main_init
    entry.o(.ARM.Collect$$$$00000000) refers (Special) to entry5.o(.ARM.Collect$$$$00000004) for _main_scatterload
    entry.o(.ARM.Collect$$$$00000000) refers (Special) to entry2.o(.ARM.Collect$$$$00000001) for _main_stk
    fdiv.o(.text) refers (Special) to iusefp.o(.text) for __I$use$fp
    fdiv.o(.text) refers to fepilogue.o(.text) for _float_round
    dadd.o(.text) refers (Special) to iusefp.o(.text) for __I$use$fp
    dadd.o(.text) refers to llshl.o(.text) for __aeabi_llsl
    dadd.o(.text) refers to llsshr.o(.text) for __aeabi_lasr
    dadd.o(.text) refers to depilogue.o(.text) for _double_epilogue
    dmul.o(.text) refers (Special) to iusefp.o(.text) for __I$use$fp
    dmul.o(.text) refers to depilogue.o(.text) for _double_epilogue
    ddiv.o(.text) refers (Special) to iusefp.o(.text) for __I$use$fp
    ddiv.o(.text) refers to depilogue.o(.text) for _double_round
    fflti.o(.text) refers (Special) to iusefp.o(.text) for __I$use$fp
    fflti.o(.text) refers to fepilogue.o(.text) for _float_epilogue
    dflti.o(.text) refers (Special) to iusefp.o(.text) for __I$use$fp
    dflti.o(.text) refers to depilogue.o(.text) for _double_epilogue
    dfltui.o(.text) refers (Special) to iusefp.o(.text) for __I$use$fp
    dfltui.o(.text) refers to depilogue.o(.text) for _double_epilogue
    ffixi.o(.text) refers (Special) to iusefp.o(.text) for __I$use$fp
    dfixi.o(.text) refers (Special) to iusefp.o(.text) for __I$use$fp
    dfixi.o(.text) refers to llushr.o(.text) for __aeabi_llsr
    f2d.o(.text) refers (Special) to iusefp.o(.text) for __I$use$fp
    cdcmple.o(.text) refers (Special) to iusefp.o(.text) for __I$use$fp
    cdrcmple.o(.text) refers (Special) to iusefp.o(.text) for __I$use$fp
    d2f.o(.text) refers (Special) to iusefp.o(.text) for __I$use$fp
    d2f.o(.text) refers to fepilogue.o(.text) for _float_round
    cfcmple.o(.text) refers (Special) to iusefp.o(.text) for __I$use$fp
    cfrcmple.o(.text) refers (Special) to iusefp.o(.text) for __I$use$fp
    dunder.o(i.__mathlib_dbl_divzero) refers to ddiv.o(.text) for __aeabi_ddiv
    dunder.o(i.__mathlib_dbl_infnan) refers to dscalb.o(.text) for __ARM_scalbn
    dunder.o(i.__mathlib_dbl_infnan2) refers to dadd.o(.text) for __aeabi_dadd
    dunder.o(i.__mathlib_dbl_invalid) refers to ddiv.o(.text) for __aeabi_ddiv
    dunder.o(i.__mathlib_dbl_overflow) refers to dscalb.o(.text) for __ARM_scalbn
    dunder.o(i.__mathlib_dbl_posinfnan) refers to dmul.o(.text) for __aeabi_dmul
    dunder.o(i.__mathlib_dbl_underflow) refers to dscalb.o(.text) for __ARM_scalbn
    poly.o(i.__kernel_poly) refers (Special) to iusefp.o(.text) for __I$use$fp
    poly.o(i.__kernel_poly) refers to dmul.o(.text) for __aeabi_dmul
    poly.o(i.__kernel_poly) refers to dadd.o(.text) for __aeabi_dadd
    sqrt.o(i.__softfp_sqrt) refers (Special) to iusefp.o(.text) for __I$use$fp
    sqrt.o(i.__softfp_sqrt) refers to dsqrt.o(.text) for _dsqrt
    sqrt.o(i.__softfp_sqrt) refers to errno.o(i.__set_errno) for __set_errno
    sqrt.o(i.sqrt) refers (Special) to iusefp.o(.text) for __I$use$fp
    sqrt.o(i.sqrt) refers to dsqrt.o(.text) for _dsqrt
    sqrt.o(i.sqrt) refers to errno.o(i.__set_errno) for __set_errno
    sqrt_x.o(i.____softfp_sqrt$lsc) refers (Special) to iusefp.o(.text) for __I$use$fp
    sqrt_x.o(i.____softfp_sqrt$lsc) refers to cdcmple.o(.text) for __aeabi_cdcmple
    sqrt_x.o(i.____softfp_sqrt$lsc) refers to errno.o(i.__set_errno) for __set_errno
    sqrt_x.o(i.____softfp_sqrt$lsc) refers to dsqrt.o(.text) for _dsqrt
    sqrt_x.o(i.__sqrt$lsc) refers (Special) to iusefp.o(.text) for __I$use$fp
    sqrt_x.o(i.__sqrt$lsc) refers to cdcmple.o(.text) for __aeabi_cdcmple
    sqrt_x.o(i.__sqrt$lsc) refers to errno.o(i.__set_errno) for __set_errno
    sqrt_x.o(i.__sqrt$lsc) refers to dsqrt.o(.text) for _dsqrt
    entry2.o(.ARM.Collect$$$$00000001) refers to entry2.o(.ARM.Collect$$$$00002712) for __lit__00000000
    entry2.o(.ARM.Collect$$$$00002712) refers to startup_stm32f103xb.o(STACK) for __initial_sp
    entry2.o(__vectab_stack_and_reset_area) refers to startup_stm32f103xb.o(STACK) for __initial_sp
    entry2.o(__vectab_stack_and_reset_area) refers to entry.o(.ARM.Collect$$$$00000000) for __main
    entry5.o(.ARM.Collect$$$$00000004) refers to init.o(.text) for __scatterload
    entry9a.o(.ARM.Collect$$$$0000000B) refers to main.o(i.main) for main
    entry9b.o(.ARM.Collect$$$$0000000C) refers to main.o(i.main) for main
    errno.o(i.__aeabi_errno_addr) refers to errno.o(.data) for .data
    errno.o(i.__read_errno) refers to errno.o(.data) for .data
    errno.o(i.__set_errno) refers to errno.o(.data) for .data
    depilogue.o(.text) refers to llshl.o(.text) for __aeabi_llsl
    depilogue.o(.text) refers to llushr.o(.text) for __aeabi_llsr
    init.o(.text) refers to entry5.o(.ARM.Collect$$$$00000004) for __main_after_scatterload
    dsqrt.o(.text) refers to llushr.o(.text) for __aeabi_llsr
    dsqrt.o(.text) refers to depilogue.o(.text) for _double_round


==============================================================================

Removing Unused input sections from the image.

    Removing main.o(.rev16_text), (4 bytes).
    Removing main.o(.revsh_text), (4 bytes).
    Removing main.o(.rrx_text), (6 bytes).
    Removing chrono.o(.rev16_text), (4 bytes).
    Removing chrono.o(.revsh_text), (4 bytes).
    Removing chrono.o(.rrx_text), (6 bytes).
    Removing chrono.o(i.Chrono_Read), (8 bytes).
    Removing chrono.o(i.Chrono_Reset), (20 bytes).
    Removing chrono.o(i.Chrono_Stop), (16 bytes).
    Removing chrono.o(.constdata), (35 bytes).
    Removing mytimer.o(.rev16_text), (4 bytes).
    Removing mytimer.o(.revsh_text), (4 bytes).
    Removing mytimer.o(.rrx_text), (6 bytes).
    Removing mytimer.o(i.MyTimer_IT_Disable), (12 bytes).
    Removing mytimer.o(i.MyTimer_Stop), (12 bytes).
    Removing mytimer.o(.constdata), (35 bytes).
    Removing accelerometre.o(.rev16_text), (4 bytes).
    Removing accelerometre.o(.revsh_text), (4 bytes).
    Removing accelerometre.o(.rrx_text), (6 bytes).
    Removing girouette.o(.rev16_text), (4 bytes).
    Removing girouette.o(.revsh_text), (4 bytes).
    Removing girouette.o(.rrx_text), (6 bytes).
    Removing girouette.o(i.EXTI9_5_IRQnHandler), (48 bytes).
    Removing girouette.o(.constdata), (35 bytes).
    Removing management.o(.rev16_text), (4 bytes).
    Removing management.o(.revsh_text), (4 bytes).
    Removing management.o(.rrx_text), (6 bytes).
    Removing plateau.o(.rev16_text), (4 bytes).
    Removing plateau.o(.revsh_text), (4 bytes).
    Removing plateau.o(.rrx_text), (6 bytes).
    Removing servomoteurs.o(.rev16_text), (4 bytes).
    Removing servomoteurs.o(.revsh_text), (4 bytes).
    Removing servomoteurs.o(.rrx_text), (6 bytes).
    Removing servomoteurs.o(.constdata), (35 bytes).
    Removing stm32f1xx_ll_rcc.o(.rev16_text), (4 bytes).
    Removing stm32f1xx_ll_rcc.o(.revsh_text), (4 bytes).
    Removing stm32f1xx_ll_rcc.o(.rrx_text), (6 bytes).
    Removing stm32f1xx_ll_rcc.o(i.LL_RCC_DeInit), (152 bytes).
    Removing stm32f1xx_ll_rcc.o(i.LL_RCC_GetADCClockFreq), (124 bytes).
    Removing stm32f1xx_ll_rcc.o(i.LL_RCC_GetUSBClockFreq), (120 bytes).
    Removing stm32f1xx_ll_rcc.o(i.LL_RCC_PLL_IsReady), (16 bytes).
    Removing stm32f1xx_ll_utils.o(.rev16_text), (4 bytes).
    Removing stm32f1xx_ll_utils.o(.revsh_text), (4 bytes).
    Removing stm32f1xx_ll_utils.o(.rrx_text), (6 bytes).
    Removing stm32f1xx_ll_utils.o(i.LL_PLL_ConfigSystemClock_HSE), (260 bytes).
    Removing stm32f1xx_ll_utils.o(i.LL_PLL_ConfigSystemClock_HSI), (104 bytes).
    Removing stm32f1xx_ll_utils.o(i.LL_RCC_HSE_IsReady), (16 bytes).
    Removing stm32f1xx_ll_utils.o(i.LL_RCC_HSI_IsReady), (16 bytes).
    Removing stm32f1xx_ll_utils.o(i.LL_RCC_PLL_ConfigDomain_SYS), (28 bytes).
    Removing stm32f1xx_ll_utils.o(i.LL_RCC_PLL_IsReady), (16 bytes).
    Removing stm32f1xx_ll_utils.o(i.LL_mDelay), (40 bytes).
    Removing stm32f1xx_ll_utils.o(i.UTILS_EnablePLLAndSwitchSystem), (416 bytes).
    Removing stm32f1xx_ll_utils.o(i.UTILS_GetPLLOutputFrequency), (228 bytes).
    Removing stm32f1xx_ll_utils.o(i.UTILS_PLL_IsBusy), (16 bytes).
    Removing stm32f1xx_ll_utils.o(i.UTILS_SetFlashLatency), (80 bytes).
    Removing stm32f1xx_ll_tim.o(.rev16_text), (4 bytes).
    Removing stm32f1xx_ll_tim.o(.revsh_text), (4 bytes).
    Removing stm32f1xx_ll_tim.o(.rrx_text), (6 bytes).
    Removing stm32f1xx_ll_tim.o(i.IC1Config), (376 bytes).
    Removing stm32f1xx_ll_tim.o(i.IC2Config), (376 bytes).
    Removing stm32f1xx_ll_tim.o(i.IC3Config), (380 bytes).
    Removing stm32f1xx_ll_tim.o(i.IC4Config), (380 bytes).
    Removing stm32f1xx_ll_tim.o(i.LL_APB1_GRP1_ForceReset), (16 bytes).
    Removing stm32f1xx_ll_tim.o(i.LL_APB1_GRP1_ReleaseReset), (16 bytes).
    Removing stm32f1xx_ll_tim.o(i.LL_TIM_BDTR_Init), (312 bytes).
    Removing stm32f1xx_ll_tim.o(i.LL_TIM_BDTR_StructInit), (18 bytes).
    Removing stm32f1xx_ll_tim.o(i.LL_TIM_DeInit), (192 bytes).
    Removing stm32f1xx_ll_tim.o(i.LL_TIM_ENCODER_StructInit), (36 bytes).
    Removing stm32f1xx_ll_tim.o(i.LL_TIM_HALLSENSOR_Init), (396 bytes).
    Removing stm32f1xx_ll_tim.o(i.LL_TIM_HALLSENSOR_StructInit), (12 bytes).
    Removing stm32f1xx_ll_tim.o(i.LL_TIM_IC_Init), (92 bytes).
    Removing stm32f1xx_ll_tim.o(i.LL_TIM_IC_StructInit), (18 bytes).
    Removing stm32f1xx_ll_tim.o(i.LL_TIM_OC_Init), (92 bytes).
    Removing stm32f1xx_ll_tim.o(i.LL_TIM_OC_SetCompareCH2), (4 bytes).
    Removing stm32f1xx_ll_tim.o(i.LL_TIM_OC_StructInit), (20 bytes).
    Removing stm32f1xx_ll_tim.o(i.LL_TIM_StructInit), (18 bytes).
    Removing stm32f1xx_ll_tim.o(i.OC1Config), (404 bytes).
    Removing stm32f1xx_ll_tim.o(i.OC2Config), (404 bytes).
    Removing stm32f1xx_ll_tim.o(i.OC3Config), (404 bytes).
    Removing stm32f1xx_ll_tim.o(i.OC4Config), (372 bytes).
    Removing stm32f1xx_ll_tim.o(.constdata), (35 bytes).
    Removing stm32f1xx_ll_adc.o(.rev16_text), (4 bytes).
    Removing stm32f1xx_ll_adc.o(.revsh_text), (4 bytes).
    Removing stm32f1xx_ll_adc.o(.rrx_text), (6 bytes).
    Removing stm32f1xx_ll_adc.o(i.LL_ADC_CommonDeInit), (100 bytes).
    Removing stm32f1xx_ll_adc.o(i.LL_ADC_CommonStructInit), (6 bytes).
    Removing stm32f1xx_ll_adc.o(i.LL_ADC_DeInit), (272 bytes).
    Removing stm32f1xx_ll_adc.o(i.LL_ADC_INJ_Init), (316 bytes).
    Removing stm32f1xx_ll_adc.o(i.LL_ADC_INJ_StructInit), (16 bytes).
    Removing stm32f1xx_ll_adc.o(i.LL_ADC_REG_StructInit), (18 bytes).
    Removing stm32f1xx_ll_adc.o(i.LL_ADC_StructInit), (12 bytes).
    Removing stm32f1xx_ll_gpio.o(.rev16_text), (4 bytes).
    Removing stm32f1xx_ll_gpio.o(.revsh_text), (4 bytes).
    Removing stm32f1xx_ll_gpio.o(.rrx_text), (6 bytes).
    Removing stm32f1xx_ll_gpio.o(i.LL_APB2_GRP1_ForceReset), (16 bytes).
    Removing stm32f1xx_ll_gpio.o(i.LL_APB2_GRP1_ReleaseReset), (16 bytes).
    Removing stm32f1xx_ll_gpio.o(i.LL_GPIO_DeInit), (212 bytes).
    Removing stm32f1xx_ll_gpio.o(i.LL_GPIO_StructInit), (24 bytes).
    Removing stm32f1xx_ll_usart.o(.rev16_text), (4 bytes).
    Removing stm32f1xx_ll_usart.o(.revsh_text), (4 bytes).
    Removing stm32f1xx_ll_usart.o(.rrx_text), (6 bytes).
    Removing stm32f1xx_ll_usart.o(i.LL_APB1_GRP1_ForceReset), (16 bytes).
    Removing stm32f1xx_ll_usart.o(i.LL_APB1_GRP1_ReleaseReset), (16 bytes).
    Removing stm32f1xx_ll_usart.o(i.LL_USART_ClockInit), (276 bytes).
    Removing stm32f1xx_ll_usart.o(i.LL_USART_ClockStructInit), (12 bytes).
    Removing stm32f1xx_ll_usart.o(i.LL_USART_DeInit), (180 bytes).
    Removing stm32f1xx_ll_usart.o(i.LL_USART_StructInit), (24 bytes).
    Removing system_stm32f1xx.o(.rev16_text), (4 bytes).
    Removing system_stm32f1xx.o(.revsh_text), (4 bytes).
    Removing system_stm32f1xx.o(.rrx_text), (6 bytes).
    Removing system_stm32f1xx.o(i.SystemCoreClockUpdate), (164 bytes).
    Removing startup_stm32f103xb.o(HEAP), (512 bytes).

112 unused section(s) (total 8679 bytes) removed from the image.

==============================================================================

Image Symbol Table

    Local Symbols

    Symbol Name                              Value     Ov Type        Size  Object(Section)

    ../Src/main.c                            0x00000000   Number         0  main.o ABSOLUTE
    ../Src/system_stm32f1xx.c                0x00000000   Number         0  system_stm32f1xx.o ABSOLUTE
    ../clib/microlib/errno.c                 0x00000000   Number         0  errno.o ABSOLUTE
    ../clib/microlib/init/entry.s            0x00000000   Number         0  entry8b.o ABSOLUTE
    ../clib/microlib/init/entry.s            0x00000000   Number         0  entry.o ABSOLUTE
    ../clib/microlib/init/entry.s            0x00000000   Number         0  entry8a.o ABSOLUTE
    ../clib/microlib/init/entry.s            0x00000000   Number         0  entry7b.o ABSOLUTE
    ../clib/microlib/init/entry.s            0x00000000   Number         0  entry7a.o ABSOLUTE
    ../clib/microlib/init/entry.s            0x00000000   Number         0  entry5.o ABSOLUTE
    ../clib/microlib/init/entry.s            0x00000000   Number         0  entry2.o ABSOLUTE
    ../clib/microlib/init/entry.s            0x00000000   Number         0  entry9b.o ABSOLUTE
    ../clib/microlib/init/entry.s            0x00000000   Number         0  entry11b.o ABSOLUTE
    ../clib/microlib/init/entry.s            0x00000000   Number         0  entry11a.o ABSOLUTE
    ../clib/microlib/init/entry.s            0x00000000   Number         0  entry10b.o ABSOLUTE
    ../clib/microlib/init/entry.s            0x00000000   Number         0  entry10a.o ABSOLUTE
    ../clib/microlib/init/entry.s            0x00000000   Number         0  entry9a.o ABSOLUTE
    ../clib/microlib/longlong.c              0x00000000   Number         0  llsshr.o ABSOLUTE
    ../clib/microlib/longlong.c              0x00000000   Number         0  llushr.o ABSOLUTE
    ../clib/microlib/longlong.c              0x00000000   Number         0  llshl.o ABSOLUTE
    ../clib/microlib/string/memcpy.c         0x00000000   Number         0  memcpyb.o ABSOLUTE
    ../clib/microlib/string/memcpy.c         0x00000000   Number         0  memcpya.o ABSOLUTE
    ../clib/microlib/stubs.s                 0x00000000   Number         0  iusefp.o ABSOLUTE
    ../fplib/microlib/d2f.c                  0x00000000   Number         0  d2f.o ABSOLUTE
    ../fplib/microlib/f2d.c                  0x00000000   Number         0  f2d.o ABSOLUTE
    ../fplib/microlib/fpadd.c                0x00000000   Number         0  dadd.o ABSOLUTE
    ../fplib/microlib/fpdiv.c                0x00000000   Number         0  fdiv.o ABSOLUTE
    ../fplib/microlib/fpdiv.c                0x00000000   Number         0  ddiv.o ABSOLUTE
    ../fplib/microlib/fpepilogue.c           0x00000000   Number         0  depilogue.o ABSOLUTE
    ../fplib/microlib/fpepilogue.c           0x00000000   Number         0  fepilogue.o ABSOLUTE
    ../fplib/microlib/fpfix.c                0x00000000   Number         0  dfixi.o ABSOLUTE
    ../fplib/microlib/fpfix.c                0x00000000   Number         0  ffixi.o ABSOLUTE
    ../fplib/microlib/fpflt.c                0x00000000   Number         0  fflti.o ABSOLUTE
    ../fplib/microlib/fpflt.c                0x00000000   Number         0  dflti.o ABSOLUTE
    ../fplib/microlib/fpflt.c                0x00000000   Number         0  dfltui.o ABSOLUTE
    ../fplib/microlib/fpmul.c                0x00000000   Number         0  dmul.o ABSOLUTE
    ../fplib/microlib/fpscalb.c              0x00000000   Number         0  dscalb.o ABSOLUTE
    ../fplib/microlib/fpsqrt.c               0x00000000   Number         0  dsqrt.o ABSOLUTE
    ../mathlib/acos.c                        0x00000000   Number         0  acos.o ABSOLUTE
    ../mathlib/acos.c                        0x00000000   Number         0  acos_x.o ABSOLUTE
    ../mathlib/dunder.c                      0x00000000   Number         0  dunder.o ABSOLUTE
    ../mathlib/poly.c                        0x00000000   Number         0  poly.o ABSOLUTE
    ../mathlib/sqrt.c                        0x00000000   Number         0  sqrt_x.o ABSOLUTE
    ../mathlib/sqrt.c                        0x00000000   Number         0  sqrt.o ABSOLUTE
    ..\LLDrivers\src\stm32f1xx_ll_adc.c      0x00000000   Number         0  stm32f1xx_ll_adc.o ABSOLUTE
    ..\LLDrivers\src\stm32f1xx_ll_gpio.c     0x00000000   Number         0  stm32f1xx_ll_gpio.o ABSOLUTE
    ..\LLDrivers\src\stm32f1xx_ll_rcc.c      0x00000000   Number         0  stm32f1xx_ll_rcc.o ABSOLUTE
    ..\LLDrivers\src\stm32f1xx_ll_tim.c      0x00000000   Number         0  stm32f1xx_ll_tim.o ABSOLUTE
    ..\LLDrivers\src\stm32f1xx_ll_usart.c    0x00000000   Number         0  stm32f1xx_ll_usart.o ABSOLUTE
    ..\LLDrivers\src\stm32f1xx_ll_utils.c    0x00000000   Number         0  stm32f1xx_ll_utils.o ABSOLUTE
    ..\MyDrivers\Accelerometre.c             0x00000000   Number         0  accelerometre.o ABSOLUTE
    ..\MyDrivers\Girouette.c                 0x00000000   Number         0  girouette.o ABSOLUTE
    ..\MyDrivers\Management.c                0x00000000   Number         0  management.o ABSOLUTE
    ..\MyDrivers\MyTimer.c                   0x00000000   Number         0  mytimer.o ABSOLUTE
    ..\MyDrivers\plateau.c                   0x00000000   Number         0  plateau.o ABSOLUTE
    ..\MyDrivers\servomoteurs.c              0x00000000   Number         0  servomoteurs.o ABSOLUTE
    ..\Services\Chrono.c                     0x00000000   Number         0  chrono.o ABSOLUTE
    ..\Src\main.c                            0x00000000   Number         0  main.o ABSOLUTE
    ..\Src\system_stm32f1xx.c                0x00000000   Number         0  system_stm32f1xx.o ABSOLUTE
    ..\\LLDrivers\\src\\stm32f1xx_ll_adc.c   0x00000000   Number         0  stm32f1xx_ll_adc.o ABSOLUTE
    ..\\LLDrivers\\src\\stm32f1xx_ll_gpio.c  0x00000000   Number         0  stm32f1xx_ll_gpio.o ABSOLUTE
    ..\\LLDrivers\\src\\stm32f1xx_ll_rcc.c   0x00000000   Number         0  stm32f1xx_ll_rcc.o ABSOLUTE
    ..\\LLDrivers\\src\\stm32f1xx_ll_tim.c   0x00000000   Number         0  stm32f1xx_ll_tim.o ABSOLUTE
    ..\\LLDrivers\\src\\stm32f1xx_ll_usart.c 0x00000000   Number         0  stm32f1xx_ll_usart.o ABSOLUTE
    ..\\LLDrivers\\src\\stm32f1xx_ll_utils.c 0x00000000   Number         0  stm32f1xx_ll_utils.o ABSOLUTE
    ..\\MyDrivers\\Accelerometre.c           0x00000000   Number         0  accelerometre.o ABSOLUTE
    ..\\MyDrivers\\Girouette.c               0x00000000   Number         0  girouette.o ABSOLUTE
    ..\\MyDrivers\\Management.c              0x00000000   Number         0  management.o ABSOLUTE
    ..\\MyDrivers\\MyTimer.c                 0x00000000   Number         0  mytimer.o ABSOLUTE
    ..\\MyDrivers\\plateau.c                 0x00000000   Number         0  plateau.o ABSOLUTE
    ..\\MyDrivers\\servomoteurs.c            0x00000000   Number         0  servomoteurs.o ABSOLUTE
    ..\\Services\\Chrono.c                   0x00000000   Number         0  chrono.o ABSOLUTE
    cdcmple.s                                0x00000000   Number         0  cdcmple.o ABSOLUTE
    cdrcmple.s                               0x00000000   Number         0  cdrcmple.o ABSOLUTE
    cfcmple.s                                0x00000000   Number         0  cfcmple.o ABSOLUTE
    cfrcmple.s                               0x00000000   Number         0  cfrcmple.o ABSOLUTE
    dc.s                                     0x00000000   Number         0  dc.o ABSOLUTE
    handlers.s                               0x00000000   Number         0  handlers.o ABSOLUTE
    init.s                                   0x00000000   Number         0  init.o ABSOLUTE
    startup_stm32f103xb.s                    0x00000000   Number         0  startup_stm32f103xb.o ABSOLUTE
    RESET                                    0x08000000   Section      236  startup_stm32f103xb.o(RESET)
    .ARM.Collect$$$$00000000                 0x080000ec   Section        0  entry.o(.ARM.Collect$$$$00000000)
    .ARM.Collect$$$$00000001                 0x080000ec   Section        4  entry2.o(.ARM.Collect$$$$00000001)
    .ARM.Collect$$$$00000004                 0x080000f0   Section        4  entry5.o(.ARM.Collect$$$$00000004)
    .ARM.Collect$$$$00000008                 0x080000f4   Section        0  entry7b.o(.ARM.Collect$$$$00000008)
    .ARM.Collect$$$$0000000A                 0x080000f4   Section        0  entry8b.o(.ARM.Collect$$$$0000000A)
    .ARM.Collect$$$$0000000B                 0x080000f4   Section        8  entry9a.o(.ARM.Collect$$$$0000000B)
    .ARM.Collect$$$$0000000D                 0x080000fc   Section        0  entry10a.o(.ARM.Collect$$$$0000000D)
    .ARM.Collect$$$$0000000F                 0x080000fc   Section        0  entry11a.o(.ARM.Collect$$$$0000000F)
    .ARM.Collect$$$$00002712                 0x080000fc   Section        4  entry2.o(.ARM.Collect$$$$00002712)
    __lit__00000000                          0x080000fc   Data           4  entry2.o(.ARM.Collect$$$$00002712)
    .text                                    0x08000100   Section       36  startup_stm32f103xb.o(.text)
    .text                                    0x08000124   Section        0  memcpya.o(.text)
    .text                                    0x08000148   Section        0  fdiv.o(.text)
    .text                                    0x080001c4   Section        0  dadd.o(.text)
    .text                                    0x08000312   Section        0  dmul.o(.text)
    .text                                    0x080003f6   Section        0  ddiv.o(.text)
    .text                                    0x080004d4   Section        0  fflti.o(.text)
    .text                                    0x080004e6   Section        0  dflti.o(.text)
    .text                                    0x08000508   Section        0  dfltui.o(.text)
    .text                                    0x08000522   Section        0  ffixi.o(.text)
    .text                                    0x08000554   Section        0  dfixi.o(.text)
    .text                                    0x08000592   Section        0  f2d.o(.text)
    .text                                    0x080005b8   Section       48  cdcmple.o(.text)
    .text                                    0x080005e8   Section       48  cdrcmple.o(.text)
    .text                                    0x08000618   Section        0  d2f.o(.text)
    .text                                    0x08000650   Section       20  cfcmple.o(.text)
    .text                                    0x08000664   Section       20  cfrcmple.o(.text)
    .text                                    0x08000678   Section        0  llshl.o(.text)
    .text                                    0x08000696   Section        0  llushr.o(.text)
    .text                                    0x080006b6   Section        0  llsshr.o(.text)
    .text                                    0x080006da   Section        0  fepilogue.o(.text)
    .text                                    0x080006da   Section        0  iusefp.o(.text)
    .text                                    0x08000748   Section        0  depilogue.o(.text)
    .text                                    0x08000802   Section        0  dscalb.o(.text)
    .text                                    0x08000830   Section       36  init.o(.text)
    .text                                    0x08000854   Section        0  dsqrt.o(.text)
    i.Adc_Conf                               0x080008f8   Section        0  management.o(i.Adc_Conf)
    i.Adc_Conf_ACC                           0x080009e0   Section        0  accelerometre.o(i.Adc_Conf_ACC)
    i.Chrono_Background                      0x08000af4   Section        0  chrono.o(i.Chrono_Background)
    i.Chrono_Conf                            0x08000b68   Section        0  chrono.o(i.Chrono_Conf)
    i.Chrono_Start                           0x08000bf0   Section        0  chrono.o(i.Chrono_Start)
    i.Chrono_Task_10ms                       0x08000c00   Section        0  chrono.o(i.Chrono_Task_10ms)
    i.LL_ADC_CommonInit                      0x08000c60   Section        0  stm32f1xx_ll_adc.o(i.LL_ADC_CommonInit)
    i.LL_ADC_Init                            0x08000d38   Section        0  stm32f1xx_ll_adc.o(i.LL_ADC_Init)
    i.LL_ADC_IsEnabled                       0x08000ddc   Section        0  stm32f1xx_ll_adc.o(i.LL_ADC_IsEnabled)
    LL_ADC_IsEnabled                         0x08000ddd   Thumb Code    10  stm32f1xx_ll_adc.o(i.LL_ADC_IsEnabled)
    i.LL_ADC_REG_Init                        0x08000de8   Section        0  stm32f1xx_ll_adc.o(i.LL_ADC_REG_Init)
    i.LL_APB1_GRP1_EnableClock               0x08000fe0   Section        0  mytimer.o(i.LL_APB1_GRP1_EnableClock)
    LL_APB1_GRP1_EnableClock                 0x08000fe1   Thumb Code    24  mytimer.o(i.LL_APB1_GRP1_EnableClock)
    i.LL_APB1_GRP1_EnableClock               0x08000ffc   Section        0  plateau.o(i.LL_APB1_GRP1_EnableClock)
    LL_APB1_GRP1_EnableClock                 0x08000ffd   Thumb Code    24  plateau.o(i.LL_APB1_GRP1_EnableClock)
    i.LL_APB2_GRP1_EnableClock               0x08001018   Section        0  accelerometre.o(i.LL_APB2_GRP1_EnableClock)
    LL_APB2_GRP1_EnableClock                 0x08001019   Thumb Code    24  accelerometre.o(i.LL_APB2_GRP1_EnableClock)
    i.LL_APB2_GRP1_EnableClock               0x08001034   Section        0  management.o(i.LL_APB2_GRP1_EnableClock)
    LL_APB2_GRP1_EnableClock                 0x08001035   Thumb Code    24  management.o(i.LL_APB2_GRP1_EnableClock)
    i.LL_APB2_GRP1_EnableClock               0x08001050   Section        0  plateau.o(i.LL_APB2_GRP1_EnableClock)
    LL_APB2_GRP1_EnableClock                 0x08001051   Thumb Code    24  plateau.o(i.LL_APB2_GRP1_EnableClock)
    i.LL_GPIO_Init                           0x0800106c   Section        0  stm32f1xx_ll_gpio.o(i.LL_GPIO_Init)
    i.LL_GPIO_SetPinMode                     0x08001264   Section        0  girouette.o(i.LL_GPIO_SetPinMode)
    LL_GPIO_SetPinMode                       0x08001265   Thumb Code    44  girouette.o(i.LL_GPIO_SetPinMode)
    i.LL_GPIO_SetPinMode                     0x08001290   Section        0  plateau.o(i.LL_GPIO_SetPinMode)
    LL_GPIO_SetPinMode                       0x08001291   Thumb Code    44  plateau.o(i.LL_GPIO_SetPinMode)
    i.LL_Init1msTick                         0x080012bc   Section        0  stm32f1xx_ll_utils.o(i.LL_Init1msTick)
    i.LL_RCC_GetSystemClocksFreq             0x080012d8   Section        0  stm32f1xx_ll_rcc.o(i.LL_RCC_GetSystemClocksFreq)
    i.LL_SetSystemCoreClock                  0x080012fc   Section        0  stm32f1xx_ll_utils.o(i.LL_SetSystemCoreClock)
    i.LL_TIM_ClearFlag_UPDATE                0x08001308   Section        0  mytimer.o(i.LL_TIM_ClearFlag_UPDATE)
    LL_TIM_ClearFlag_UPDATE                  0x08001309   Thumb Code     8  mytimer.o(i.LL_TIM_ClearFlag_UPDATE)
    i.LL_TIM_DisableCounter                  0x08001310   Section        0  mytimer.o(i.LL_TIM_DisableCounter)
    LL_TIM_DisableCounter                    0x08001311   Thumb Code    10  mytimer.o(i.LL_TIM_DisableCounter)
    i.LL_TIM_DisableIT_UPDATE                0x0800131a   Section        0  mytimer.o(i.LL_TIM_DisableIT_UPDATE)
    LL_TIM_DisableIT_UPDATE                  0x0800131b   Thumb Code    10  mytimer.o(i.LL_TIM_DisableIT_UPDATE)
    i.LL_TIM_ENCODER_Init                    0x08001324   Section        0  stm32f1xx_ll_tim.o(i.LL_TIM_ENCODER_Init)
    i.LL_TIM_EnableCounter                   0x080015d4   Section        0  plateau.o(i.LL_TIM_EnableCounter)
    LL_TIM_EnableCounter                     0x080015d5   Thumb Code    10  plateau.o(i.LL_TIM_EnableCounter)
    i.LL_TIM_Init                            0x080015e0   Section        0  stm32f1xx_ll_tim.o(i.LL_TIM_Init)
    i.LL_TIM_OC_SetMode                      0x080016f4   Section        0  accelerometre.o(i.LL_TIM_OC_SetMode)
    LL_TIM_OC_SetMode                        0x080016f5   Thumb Code    98  accelerometre.o(i.LL_TIM_OC_SetMode)
    i.LL_TIM_OC_SetMode                      0x08001760   Section        0  plateau.o(i.LL_TIM_OC_SetMode)
    LL_TIM_OC_SetMode                        0x08001761   Thumb Code    98  plateau.o(i.LL_TIM_OC_SetMode)
    i.LL_USART_Init                          0x080017cc   Section        0  stm32f1xx_ll_usart.o(i.LL_USART_Init)
    i.LL_USART_IsActiveFlag_TC               0x0800197c   Section        0  management.o(i.LL_USART_IsActiveFlag_TC)
    LL_USART_IsActiveFlag_TC                 0x0800197d   Thumb Code    10  management.o(i.LL_USART_IsActiveFlag_TC)
    i.LL_USART_IsEnabled                     0x08001986   Section        0  stm32f1xx_ll_usart.o(i.LL_USART_IsEnabled)
    LL_USART_IsEnabled                       0x08001987   Thumb Code    10  stm32f1xx_ll_usart.o(i.LL_USART_IsEnabled)
    i.LL_USART_SetBaudRate                   0x08001990   Section        0  stm32f1xx_ll_usart.o(i.LL_USART_SetBaudRate)
    LL_USART_SetBaudRate                     0x08001991   Thumb Code   158  stm32f1xx_ll_usart.o(i.LL_USART_SetBaudRate)
    i.LL_USART_TransmitData8                 0x08001a2e   Section        0  management.o(i.LL_USART_TransmitData8)
    LL_USART_TransmitData8                   0x08001a2f   Thumb Code     4  management.o(i.LL_USART_TransmitData8)
    i.MyTimer_Conf                           0x08001a34   Section        0  mytimer.o(i.MyTimer_Conf)
    i.MyTimer_IT_Conf                        0x08001ab8   Section        0  mytimer.o(i.MyTimer_IT_Conf)
    i.MyTimer_IT_Enable                      0x08001b80   Section        0  mytimer.o(i.MyTimer_IT_Enable)
    i.MyTimer_Start                          0x08001b8e   Section        0  mytimer.o(i.MyTimer_Start)
    i.RCC_GetHCLKClockFreq                   0x08001b9c   Section        0  stm32f1xx_ll_rcc.o(i.RCC_GetHCLKClockFreq)
    i.RCC_GetPCLK1ClockFreq                  0x08001bbc   Section        0  stm32f1xx_ll_rcc.o(i.RCC_GetPCLK1ClockFreq)
    i.RCC_GetPCLK2ClockFreq                  0x08001be0   Section        0  stm32f1xx_ll_rcc.o(i.RCC_GetPCLK2ClockFreq)
    i.RCC_GetSystemClockFreq                 0x08001c04   Section        0  stm32f1xx_ll_rcc.o(i.RCC_GetSystemClockFreq)
    i.RCC_PLL_GetFreqDomain_SYS              0x08001c40   Section        0  stm32f1xx_ll_rcc.o(i.RCC_PLL_GetFreqDomain_SYS)
    i.SystemClock_Config                     0x08001c98   Section        0  main.o(i.SystemClock_Config)
    i.SystemInit                             0x08001d88   Section        0  system_stm32f1xx.o(i.SystemInit)
    i.TIM1_UP_IRQHandler                     0x08001de0   Section        0  mytimer.o(i.TIM1_UP_IRQHandler)
    i.TIM2_IRQHandler                        0x08001df8   Section        0  mytimer.o(i.TIM2_IRQHandler)
    i.TIM3_IRQHandler                        0x08001e10   Section        0  mytimer.o(i.TIM3_IRQHandler)
    i.TIM4_IRQHandler                        0x08001e28   Section        0  mytimer.o(i.TIM4_IRQHandler)
    i.Timer_PWM_high_level_counter           0x08001e40   Section        0  mytimer.o(i.Timer_PWM_high_level_counter)
    i.Usart_conf                             0x08001e5c   Section        0  management.o(i.Usart_conf)
    i.Usart_sendBatInfo                      0x08001efc   Section        0  management.o(i.Usart_sendBatInfo)
    i.__kernel_poly                          0x08001fbc   Section        0  poly.o(i.__kernel_poly)
    i.__mathlib_dbl_infnan                   0x08002066   Section        0  dunder.o(i.__mathlib_dbl_infnan)
    i.__mathlib_dbl_invalid                  0x0800206c   Section        0  dunder.o(i.__mathlib_dbl_invalid)
    i.__scatterload_copy                     0x08002078   Section       14  handlers.o(i.__scatterload_copy)
    i.__scatterload_null                     0x08002086   Section        2  handlers.o(i.__scatterload_null)
    i.__scatterload_zeroinit                 0x08002088   Section       14  handlers.o(i.__scatterload_zeroinit)
    i.__set_errno                            0x08002098   Section        0  errno.o(i.__set_errno)
    i.absolu                                 0x080020a4   Section        0  plateau.o(i.absolu)
    i.acos                                   0x080020bc   Section        0  acos.o(i.acos)
    i.assert_failed                          0x08002338   Section        0  main.o(i.assert_failed)
    i.bougerPlateau                          0x0800233c   Section        0  plateau.o(i.bougerPlateau)
    i.bougerVoile                            0x080023e4   Section        0  accelerometre.o(i.bougerVoile)
    i.getAlimentationState                   0x0800240c   Section        0  management.o(i.getAlimentationState)
    i.getAngle                               0x0800243c   Section        0  accelerometre.o(i.getAngle)
    i.get_vitesse_sens                       0x080024ec   Section        0  plateau.o(i.get_vitesse_sens)
    i.girouetteConf                          0x08002578   Section        0  girouette.o(i.girouetteConf)
    i.girouette_get_angle                    0x0800260c   Section        0  girouette.o(i.girouette_get_angle)
    i.gpio_RF_init                           0x08002668   Section        0  plateau.o(i.gpio_RF_init)
    i.gpio_mcc_init                          0x08002690   Section        0  plateau.o(i.gpio_mcc_init)
    i.gpio_servom_init                       0x080026dc   Section        0  accelerometre.o(i.gpio_servom_init)
    i.main                                   0x08002710   Section        0  main.o(i.main)
    i.send2b                                 0x0800272c   Section        0  management.o(i.send2b)
    i.send_char                              0x08002774   Section        0  management.o(i.send_char)
    i.send_time                              0x08002790   Section        0  management.o(i.send_time)
    i.servoConf                              0x080027f0   Section        0  servomoteurs.o(i.servoConf)
    i.servo_setAngle                         0x0800287c   Section        0  servomoteurs.o(i.servo_setAngle)
    i.servo_start                            0x0800292c   Section        0  servomoteurs.o(i.servo_start)
    i.sqrt                                   0x08002944   Section        0  sqrt.o(i.sqrt)
    i.timer_RF_init                          0x08002990   Section        0  plateau.o(i.timer_RF_init)
    i.timer_pwm_init                         0x08002a74   Section        0  accelerometre.o(i.timer_pwm_init)
    i.timer_pwm_mcc_init                     0x08002ae0   Section        0  plateau.o(i.timer_pwm_mcc_init)
    i.usart_sendClearMessage                 0x08002b30   Section        0  management.o(i.usart_sendClearMessage)
    .constdata                               0x08002c00   Section       35  accelerometre.o(.constdata)
    OFFSET_TAB_CCMRx                         0x08002c00   Data           7  accelerometre.o(.constdata)
    SHIFT_TAB_OCxx                           0x08002c07   Data           7  accelerometre.o(.constdata)
    SHIFT_TAB_ICxx                           0x08002c0e   Data           7  accelerometre.o(.constdata)
    SHIFT_TAB_CCxP                           0x08002c15   Data           7  accelerometre.o(.constdata)
    SHIFT_TAB_OISx                           0x08002c1c   Data           7  accelerometre.o(.constdata)
    .constdata                               0x08002c24   Section      408  management.o(.constdata)
    OFFSET_TAB_CCMRx                         0x08002c24   Data           7  management.o(.constdata)
    SHIFT_TAB_OCxx                           0x08002c2b   Data           7  management.o(.constdata)
    SHIFT_TAB_ICxx                           0x08002c32   Data           7  management.o(.constdata)
    SHIFT_TAB_CCxP                           0x08002c39   Data           7  management.o(.constdata)
    SHIFT_TAB_OISx                           0x08002c40   Data           7  management.o(.constdata)
    .constdata                               0x08002dbc   Section       35  plateau.o(.constdata)
    OFFSET_TAB_CCMRx                         0x08002dbc   Data           7  plateau.o(.constdata)
    SHIFT_TAB_OCxx                           0x08002dc3   Data           7  plateau.o(.constdata)
    SHIFT_TAB_ICxx                           0x08002dca   Data           7  plateau.o(.constdata)
    SHIFT_TAB_CCxP                           0x08002dd1   Data           7  plateau.o(.constdata)
    SHIFT_TAB_OISx                           0x08002dd8   Data           7  plateau.o(.constdata)
    .constdata                               0x08002ddf   Section       24  system_stm32f1xx.o(.constdata)
    .constdata                               0x08002df8   Section       80  acos.o(.constdata)
    pS                                       0x08002df8   Data          48  acos.o(.constdata)
    qS                                       0x08002e28   Data          32  acos.o(.constdata)
    .data                                    0x20000000   Section       22  chrono.o(.data)
    Chrono_Time                              0x20000000   Data           4  chrono.o(.data)
    Chrono_Timer                             0x20000004   Data           4  chrono.o(.data)
    cpt                                      0x20000008   Data           4  chrono.o(.data)
    angle                                    0x2000000c   Data           4  chrono.o(.data)
    vitesse                                  0x20000010   Data           4  chrono.o(.data)
    voltage                                  0x20000014   Data           2  chrono.o(.data)
    .data                                    0x20000018   Section       16  mytimer.o(.data)
    .data                                    0x20000028   Section        4  accelerometre.o(.data)
    .data                                    0x2000002c   Section        4  girouette.o(.data)
    .data                                    0x20000030   Section       12  plateau.o(.data)
    .data                                    0x2000003c   Section        4  servomoteurs.o(.data)
    TimerServo                               0x2000003c   Data           4  servomoteurs.o(.data)
    .data                                    0x20000040   Section        4  system_stm32f1xx.o(.data)
    .data                                    0x20000044   Section        4  errno.o(.data)
    _errno                                   0x20000044   Data           4  errno.o(.data)
    STACK                                    0x20000048   Section     1024  startup_stm32f103xb.o(STACK)

    Global Symbols

    Symbol Name                              Value     Ov Type        Size  Object(Section)

    BuildAttributes$$THM_ISAv4$P$D$K$B$S$PE$A:L22UL41UL21$X:L11$S22US41US21$IEEE1$IW$USESV6$~STKCKD$USESV7$~SHL$OTIME$ROPI$IEEEX$EBA8$MICROLIB$REQ8$PRES8$EABIv2 0x00000000   Number         0  anon$$obj.o ABSOLUTE
    __ARM_use_no_argv                        0x00000000   Number         0  main.o ABSOLUTE
    __cpp_initialize__aeabi_                  - Undefined Weak Reference
    __cxa_finalize                            - Undefined Weak Reference
    __decompress                              - Undefined Weak Reference
    _clock_init                               - Undefined Weak Reference
    _microlib_exit                            - Undefined Weak Reference
    __Vectors_Size                           0x000000ec   Number         0  startup_stm32f103xb.o ABSOLUTE
    __Vectors                                0x08000000   Data           4  startup_stm32f103xb.o(RESET)
    __Vectors_End                            0x080000ec   Data           0  startup_stm32f103xb.o(RESET)
    __main                                   0x080000ed   Thumb Code     0  entry.o(.ARM.Collect$$$$00000000)
    _main_stk                                0x080000ed   Thumb Code     0  entry2.o(.ARM.Collect$$$$00000001)
    _main_scatterload                        0x080000f1   Thumb Code     0  entry5.o(.ARM.Collect$$$$00000004)
    __main_after_scatterload                 0x080000f5   Thumb Code     0  entry5.o(.ARM.Collect$$$$00000004)
    _main_clock                              0x080000f5   Thumb Code     0  entry7b.o(.ARM.Collect$$$$00000008)
    _main_cpp_init                           0x080000f5   Thumb Code     0  entry8b.o(.ARM.Collect$$$$0000000A)
    _main_init                               0x080000f5   Thumb Code     0  entry9a.o(.ARM.Collect$$$$0000000B)
    __rt_final_cpp                           0x080000fd   Thumb Code     0  entry10a.o(.ARM.Collect$$$$0000000D)
    __rt_final_exit                          0x080000fd   Thumb Code     0  entry11a.o(.ARM.Collect$$$$0000000F)
    Reset_Handler                            0x08000101   Thumb Code     8  startup_stm32f103xb.o(.text)
    NMI_Handler                              0x08000109   Thumb Code     2  startup_stm32f103xb.o(.text)
    HardFault_Handler                        0x0800010b   Thumb Code     2  startup_stm32f103xb.o(.text)
    MemManage_Handler                        0x0800010d   Thumb Code     2  startup_stm32f103xb.o(.text)
    BusFault_Handler                         0x0800010f   Thumb Code     2  startup_stm32f103xb.o(.text)
    UsageFault_Handler                       0x08000111   Thumb Code     2  startup_stm32f103xb.o(.text)
    SVC_Handler                              0x08000113   Thumb Code     2  startup_stm32f103xb.o(.text)
    DebugMon_Handler                         0x08000115   Thumb Code     2  startup_stm32f103xb.o(.text)
    PendSV_Handler                           0x08000117   Thumb Code     2  startup_stm32f103xb.o(.text)
    SysTick_Handler                          0x08000119   Thumb Code     2  startup_stm32f103xb.o(.text)
    ADC1_2_IRQHandler                        0x0800011b   Thumb Code     0  startup_stm32f103xb.o(.text)
    CAN1_RX1_IRQHandler                      0x0800011b   Thumb Code     0  startup_stm32f103xb.o(.text)
    CAN1_SCE_IRQHandler                      0x0800011b   Thumb Code     0  startup_stm32f103xb.o(.text)
    DMA1_Channel1_IRQHandler                 0x0800011b   Thumb Code     0  startup_stm32f103xb.o(.text)
    DMA1_Channel2_IRQHandler                 0x0800011b   Thumb Code     0  startup_stm32f103xb.o(.text)
    DMA1_Channel3_IRQHandler                 0x0800011b   Thumb Code     0  startup_stm32f103xb.o(.text)
    DMA1_Channel4_IRQHandler                 0x0800011b   Thumb Code     0  startup_stm32f103xb.o(.text)
    DMA1_Channel5_IRQHandler                 0x0800011b   Thumb Code     0  startup_stm32f103xb.o(.text)
    DMA1_Channel6_IRQHandler                 0x0800011b   Thumb Code     0  startup_stm32f103xb.o(.text)
    DMA1_Channel7_IRQHandler                 0x0800011b   Thumb Code     0  startup_stm32f103xb.o(.text)
    EXTI0_IRQHandler                         0x0800011b   Thumb Code     0  startup_stm32f103xb.o(.text)
    EXTI15_10_IRQHandler                     0x0800011b   Thumb Code     0  startup_stm32f103xb.o(.text)
    EXTI1_IRQHandler                         0x0800011b   Thumb Code     0  startup_stm32f103xb.o(.text)
    EXTI2_IRQHandler                         0x0800011b   Thumb Code     0  startup_stm32f103xb.o(.text)
    EXTI3_IRQHandler                         0x0800011b   Thumb Code     0  startup_stm32f103xb.o(.text)
    EXTI4_IRQHandler                         0x0800011b   Thumb Code     0  startup_stm32f103xb.o(.text)
    EXTI9_5_IRQHandler                       0x0800011b   Thumb Code     0  startup_stm32f103xb.o(.text)
    FLASH_IRQHandler                         0x0800011b   Thumb Code     0  startup_stm32f103xb.o(.text)
    I2C1_ER_IRQHandler                       0x0800011b   Thumb Code     0  startup_stm32f103xb.o(.text)
    I2C1_EV_IRQHandler                       0x0800011b   Thumb Code     0  startup_stm32f103xb.o(.text)
    I2C2_ER_IRQHandler                       0x0800011b   Thumb Code     0  startup_stm32f103xb.o(.text)
    I2C2_EV_IRQHandler                       0x0800011b   Thumb Code     0  startup_stm32f103xb.o(.text)
    PVD_IRQHandler                           0x0800011b   Thumb Code     0  startup_stm32f103xb.o(.text)
    RCC_IRQHandler                           0x0800011b   Thumb Code     0  startup_stm32f103xb.o(.text)
    RTC_Alarm_IRQHandler                     0x0800011b   Thumb Code     0  startup_stm32f103xb.o(.text)
    RTC_IRQHandler                           0x0800011b   Thumb Code     0  startup_stm32f103xb.o(.text)
    SPI1_IRQHandler                          0x0800011b   Thumb Code     0  startup_stm32f103xb.o(.text)
    SPI2_IRQHandler                          0x0800011b   Thumb Code     0  startup_stm32f103xb.o(.text)
    TAMPER_IRQHandler                        0x0800011b   Thumb Code     0  startup_stm32f103xb.o(.text)
    TIM1_BRK_IRQHandler                      0x0800011b   Thumb Code     0  startup_stm32f103xb.o(.text)
    TIM1_CC_IRQHandler                       0x0800011b   Thumb Code     0  startup_stm32f103xb.o(.text)
    TIM1_TRG_COM_IRQHandler                  0x0800011b   Thumb Code     0  startup_stm32f103xb.o(.text)
    USART1_IRQHandler                        0x0800011b   Thumb Code     0  startup_stm32f103xb.o(.text)
    USART2_IRQHandler                        0x0800011b   Thumb Code     0  startup_stm32f103xb.o(.text)
    USART3_IRQHandler                        0x0800011b   Thumb Code     0  startup_stm32f103xb.o(.text)
    USBWakeUp_IRQHandler                     0x0800011b   Thumb Code     0  startup_stm32f103xb.o(.text)
    USB_HP_CAN1_TX_IRQHandler                0x0800011b   Thumb Code     0  startup_stm32f103xb.o(.text)
    USB_LP_CAN1_RX0_IRQHandler               0x0800011b   Thumb Code     0  startup_stm32f103xb.o(.text)
    WWDG_IRQHandler                          0x0800011b   Thumb Code     0  startup_stm32f103xb.o(.text)
    __aeabi_memcpy                           0x08000125   Thumb Code    36  memcpya.o(.text)
    __aeabi_memcpy4                          0x08000125   Thumb Code     0  memcpya.o(.text)
    __aeabi_memcpy8                          0x08000125   Thumb Code     0  memcpya.o(.text)
    __aeabi_fdiv                             0x08000149   Thumb Code   124  fdiv.o(.text)
    __aeabi_dadd                             0x080001c5   Thumb Code   322  dadd.o(.text)
    __aeabi_dsub                             0x08000307   Thumb Code     6  dadd.o(.text)
    __aeabi_drsub                            0x0800030d   Thumb Code     6  dadd.o(.text)
    __aeabi_dmul                             0x08000313   Thumb Code   228  dmul.o(.text)
    __aeabi_ddiv                             0x080003f7   Thumb Code   222  ddiv.o(.text)
    __aeabi_i2f                              0x080004d5   Thumb Code    18  fflti.o(.text)
    __aeabi_i2d                              0x080004e7   Thumb Code    34  dflti.o(.text)
    __aeabi_ui2d                             0x08000509   Thumb Code    26  dfltui.o(.text)
    __aeabi_f2iz                             0x08000523   Thumb Code    50  ffixi.o(.text)
    __aeabi_d2iz                             0x08000555   Thumb Code    62  dfixi.o(.text)
    __aeabi_f2d                              0x08000593   Thumb Code    38  f2d.o(.text)
    __aeabi_cdcmpeq                          0x080005b9   Thumb Code     0  cdcmple.o(.text)
    __aeabi_cdcmple                          0x080005b9   Thumb Code    48  cdcmple.o(.text)
    __aeabi_cdrcmple                         0x080005e9   Thumb Code    48  cdrcmple.o(.text)
    __aeabi_d2f                              0x08000619   Thumb Code    56  d2f.o(.text)
    __aeabi_cfcmpeq                          0x08000651   Thumb Code     0  cfcmple.o(.text)
    __aeabi_cfcmple                          0x08000651   Thumb Code    20  cfcmple.o(.text)
    __aeabi_cfrcmple                         0x08000665   Thumb Code    20  cfrcmple.o(.text)
    __aeabi_llsl                             0x08000679   Thumb Code    30  llshl.o(.text)
    _ll_shift_l                              0x08000679   Thumb Code     0  llshl.o(.text)
    __aeabi_llsr                             0x08000697   Thumb Code    32  llushr.o(.text)
    _ll_ushift_r                             0x08000697   Thumb Code     0  llushr.o(.text)
    __aeabi_lasr                             0x080006b7   Thumb Code    36  llsshr.o(.text)
    _ll_sshift_r                             0x080006b7   Thumb Code     0  llsshr.o(.text)
    __I$use$fp                               0x080006db   Thumb Code     0  iusefp.o(.text)
    _float_round                             0x080006db   Thumb Code    18  fepilogue.o(.text)
    _float_epilogue                          0x080006ed   Thumb Code    92  fepilogue.o(.text)
    _double_round                            0x08000749   Thumb Code    30  depilogue.o(.text)
    _double_epilogue                         0x08000767   Thumb Code   156  depilogue.o(.text)
    __ARM_scalbn                             0x08000803   Thumb Code    46  dscalb.o(.text)
    scalbn                                   0x08000803   Thumb Code     0  dscalb.o(.text)
    __scatterload                            0x08000831   Thumb Code    28  init.o(.text)
    __scatterload_rt2                        0x08000831   Thumb Code     0  init.o(.text)
    _dsqrt                                   0x08000855   Thumb Code   162  dsqrt.o(.text)
    Adc_Conf                                 0x080008f9   Thumb Code   214  management.o(i.Adc_Conf)
    Adc_Conf_ACC                             0x080009e1   Thumb Code   254  accelerometre.o(i.Adc_Conf_ACC)
    Chrono_Background                        0x08000af5   Thumb Code    94  chrono.o(i.Chrono_Background)
    Chrono_Conf                              0x08000b69   Thumb Code   106  chrono.o(i.Chrono_Conf)
    Chrono_Start                             0x08000bf1   Thumb Code    12  chrono.o(i.Chrono_Start)
    Chrono_Task_10ms                         0x08000c01   Thumb Code    86  chrono.o(i.Chrono_Task_10ms)
    LL_ADC_CommonInit                        0x08000c61   Thumb Code   170  stm32f1xx_ll_adc.o(i.LL_ADC_CommonInit)
    LL_ADC_Init                              0x08000d39   Thumb Code   120  stm32f1xx_ll_adc.o(i.LL_ADC_Init)
    LL_ADC_REG_Init                          0x08000de9   Thumb Code   454  stm32f1xx_ll_adc.o(i.LL_ADC_REG_Init)
    LL_GPIO_Init                             0x0800106d   Thumb Code   442  stm32f1xx_ll_gpio.o(i.LL_GPIO_Init)
    LL_Init1msTick                           0x080012bd   Thumb Code    28  stm32f1xx_ll_utils.o(i.LL_Init1msTick)
    LL_RCC_GetSystemClocksFreq               0x080012d9   Thumb Code    36  stm32f1xx_ll_rcc.o(i.LL_RCC_GetSystemClocksFreq)
    LL_SetSystemCoreClock                    0x080012fd   Thumb Code     6  stm32f1xx_ll_utils.o(i.LL_SetSystemCoreClock)
    LL_TIM_ENCODER_Init                      0x08001325   Thumb Code   640  stm32f1xx_ll_tim.o(i.LL_TIM_ENCODER_Init)
    LL_TIM_Init                              0x080015e1   Thumb Code   228  stm32f1xx_ll_tim.o(i.LL_TIM_Init)
    LL_USART_Init                            0x080017cd   Thumb Code   376  stm32f1xx_ll_usart.o(i.LL_USART_Init)
    MyTimer_Conf                             0x08001a35   Thumb Code   118  mytimer.o(i.MyTimer_Conf)
    MyTimer_IT_Conf                          0x08001ab9   Thumb Code   166  mytimer.o(i.MyTimer_IT_Conf)
    MyTimer_IT_Enable                        0x08001b81   Thumb Code    14  mytimer.o(i.MyTimer_IT_Enable)
    MyTimer_Start                            0x08001b8f   Thumb Code    14  mytimer.o(i.MyTimer_Start)
    RCC_GetHCLKClockFreq                     0x08001b9d   Thumb Code    24  stm32f1xx_ll_rcc.o(i.RCC_GetHCLKClockFreq)
    RCC_GetPCLK1ClockFreq                    0x08001bbd   Thumb Code    26  stm32f1xx_ll_rcc.o(i.RCC_GetPCLK1ClockFreq)
    RCC_GetPCLK2ClockFreq                    0x08001be1   Thumb Code    26  stm32f1xx_ll_rcc.o(i.RCC_GetPCLK2ClockFreq)
    RCC_GetSystemClockFreq                   0x08001c05   Thumb Code    52  stm32f1xx_ll_rcc.o(i.RCC_GetSystemClockFreq)
    RCC_PLL_GetFreqDomain_SYS                0x08001c41   Thumb Code    76  stm32f1xx_ll_rcc.o(i.RCC_PLL_GetFreqDomain_SYS)
    SystemClock_Config                       0x08001c99   Thumb Code   226  main.o(i.SystemClock_Config)
    SystemInit                               0x08001d89   Thumb Code    70  system_stm32f1xx.o(i.SystemInit)
    TIM1_UP_IRQHandler                       0x08001de1   Thumb Code    16  mytimer.o(i.TIM1_UP_IRQHandler)
    TIM2_IRQHandler                          0x08001df9   Thumb Code    18  mytimer.o(i.TIM2_IRQHandler)
    TIM3_IRQHandler                          0x08001e11   Thumb Code    16  mytimer.o(i.TIM3_IRQHandler)
    TIM4_IRQHandler                          0x08001e29   Thumb Code    16  mytimer.o(i.TIM4_IRQHandler)
    Timer_PWM_high_level_counter             0x08001e41   Thumb Code    20  mytimer.o(i.Timer_PWM_high_level_counter)
    Usart_conf                               0x08001e5d   Thumb Code   150  management.o(i.Usart_conf)
    Usart_sendBatInfo                        0x08001efd   Thumb Code   188  management.o(i.Usart_sendBatInfo)
    __kernel_poly                            0x08001fbd   Thumb Code   170  poly.o(i.__kernel_poly)
    __mathlib_dbl_infnan                     0x08002067   Thumb Code     6  dunder.o(i.__mathlib_dbl_infnan)
    __mathlib_dbl_invalid                    0x0800206d   Thumb Code    12  dunder.o(i.__mathlib_dbl_invalid)
    __scatterload_copy                       0x08002079   Thumb Code    14  handlers.o(i.__scatterload_copy)
    __scatterload_null                       0x08002087   Thumb Code     2  handlers.o(i.__scatterload_null)
    __scatterload_zeroinit                   0x08002089   Thumb Code    14  handlers.o(i.__scatterload_zeroinit)
    __set_errno                              0x08002099   Thumb Code     6  errno.o(i.__set_errno)
    absolu                                   0x080020a5   Thumb Code    22  plateau.o(i.absolu)
    acos                                     0x080020bd   Thumb Code   574  acos.o(i.acos)
    assert_failed                            0x08002339   Thumb Code     4  main.o(i.assert_failed)
    bougerPlateau                            0x0800233d   Thumb Code   138  plateau.o(i.bougerPlateau)
    bougerVoile                              0x080023e5   Thumb Code    30  accelerometre.o(i.bougerVoile)
    getAlimentationState                     0x0800240d   Thumb Code    42  management.o(i.getAlimentationState)
    getAngle                                 0x0800243d   Thumb Code   142  accelerometre.o(i.getAngle)
    get_vitesse_sens                         0x080024ed   Thumb Code   120  plateau.o(i.get_vitesse_sens)
    girouetteConf                            0x08002579   Thumb Code   136  girouette.o(i.girouetteConf)
    girouette_get_angle                      0x0800260d   Thumb Code    78  girouette.o(i.girouette_get_angle)
    gpio_RF_init                             0x08002669   Thumb Code    34  plateau.o(i.gpio_RF_init)
    gpio_mcc_init                            0x08002691   Thumb Code    72  plateau.o(i.gpio_mcc_init)
    gpio_servom_init                         0x080026dd   Thumb Code    42  accelerometre.o(i.gpio_servom_init)
    main                                     0x08002711   Thumb Code    22  main.o(i.main)
    send2b                                   0x0800272d   Thumb Code    72  management.o(i.send2b)
    send_char                                0x08002775   Thumb Code    28  management.o(i.send_char)
    send_time                                0x08002791   Thumb Code    96  management.o(i.send_time)
    servoConf                                0x080027f1   Thumb Code   112  servomoteurs.o(i.servoConf)
    servo_setAngle                           0x0800287d   Thumb Code   152  servomoteurs.o(i.servo_setAngle)
    servo_start                              0x0800292d   Thumb Code    20  servomoteurs.o(i.servo_start)
    sqrt                                     0x08002945   Thumb Code    76  sqrt.o(i.sqrt)
    timer_RF_init                            0x08002991   Thumb Code   216  plateau.o(i.timer_RF_init)
    timer_pwm_init                           0x08002a75   Thumb Code   104  accelerometre.o(i.timer_pwm_init)
    timer_pwm_mcc_init                       0x08002ae1   Thumb Code    78  plateau.o(i.timer_pwm_mcc_init)
    usart_sendClearMessage                   0x08002b31   Thumb Code   204  management.o(i.usart_sendClearMessage)
    AHBPrescTable                            0x08002ddf   Data          16  system_stm32f1xx.o(.constdata)
    APBPrescTable                            0x08002def   Data           8  system_stm32f1xx.o(.constdata)
    Region$$Table$$Base                      0x08002e48   Number         0  anon$$obj.o(Region$$Table)
    Region$$Table$$Limit                     0x08002e68   Number         0  anon$$obj.o(Region$$Table)
    Ptr_ItFct_TIM1                           0x20000018   Data           4  mytimer.o(.data)
    Ptr_ItFct_TIM2                           0x2000001c   Data           4  mytimer.o(.data)
    Ptr_ItFct_TIM3                           0x20000020   Data           4  mytimer.o(.data)
    Ptr_ItFct_TIM4                           0x20000024   Data           4  mytimer.o(.data)
    adc                                      0x20000028   Data           4  accelerometre.o(.data)
    TIMx                                     0x2000002c   Data           4  girouette.o(.data)
    vitesse                                  0x20000030   Data           4  plateau.o(.data)
    sens                                     0x20000034   Data           4  plateau.o(.data)
    i                                        0x20000038   Data           4  plateau.o(.data)
    SystemCoreClock                          0x20000040   Data           4  system_stm32f1xx.o(.data)
    __initial_sp                             0x20000448   Data           0  startup_stm32f103xb.o(STACK)



==============================================================================

Memory Map of the image

  Image Entry point : 0x080000ed

  Load Region LR_IROM1 (Base: 0x08000000, Size: 0x00002eb0, Max: 0x00020000, ABSOLUTE)

    Execution Region ER_IROM1 (Exec base: 0x08000000, Load base: 0x08000000, Size: 0x00002e68, Max: 0x00020000, ABSOLUTE)

    Exec Addr    Load Addr    Size         Type   Attr      Idx    E Section Name        Object

    0x08000000   0x08000000   0x000000ec   Data   RO         1244    RESET               startup_stm32f103xb.o
    0x080000ec   0x080000ec   0x00000000   Code   RO         1259  * .ARM.Collect$$$$00000000  mc_w.l(entry.o)
    0x080000ec   0x080000ec   0x00000004   Code   RO         1320    .ARM.Collect$$$$00000001  mc_w.l(entry2.o)
    0x080000f0   0x080000f0   0x00000004   Code   RO         1323    .ARM.Collect$$$$00000004  mc_w.l(entry5.o)
    0x080000f4   0x080000f4   0x00000000   Code   RO         1325    .ARM.Collect$$$$00000008  mc_w.l(entry7b.o)
    0x080000f4   0x080000f4   0x00000000   Code   RO         1327    .ARM.Collect$$$$0000000A  mc_w.l(entry8b.o)
    0x080000f4   0x080000f4   0x00000008   Code   RO         1328    .ARM.Collect$$$$0000000B  mc_w.l(entry9a.o)
    0x080000fc   0x080000fc   0x00000000   Code   RO         1330    .ARM.Collect$$$$0000000D  mc_w.l(entry10a.o)
    0x080000fc   0x080000fc   0x00000000   Code   RO         1332    .ARM.Collect$$$$0000000F  mc_w.l(entry11a.o)
    0x080000fc   0x080000fc   0x00000004   Code   RO         1321    .ARM.Collect$$$$00002712  mc_w.l(entry2.o)
    0x08000100   0x08000100   0x00000024   Code   RO         1245    .text               startup_stm32f103xb.o
    0x08000124   0x08000124   0x00000024   Code   RO         1262    .text               mc_w.l(memcpya.o)
    0x08000148   0x08000148   0x0000007c   Code   RO         1266    .text               mf_w.l(fdiv.o)
    0x080001c4   0x080001c4   0x0000014e   Code   RO         1268    .text               mf_w.l(dadd.o)
    0x08000312   0x08000312   0x000000e4   Code   RO         1270    .text               mf_w.l(dmul.o)
    0x080003f6   0x080003f6   0x000000de   Code   RO         1272    .text               mf_w.l(ddiv.o)
    0x080004d4   0x080004d4   0x00000012   Code   RO         1274    .text               mf_w.l(fflti.o)
    0x080004e6   0x080004e6   0x00000022   Code   RO         1276    .text               mf_w.l(dflti.o)
    0x08000508   0x08000508   0x0000001a   Code   RO         1278    .text               mf_w.l(dfltui.o)
    0x08000522   0x08000522   0x00000032   Code   RO         1280    .text               mf_w.l(ffixi.o)
    0x08000554   0x08000554   0x0000003e   Code   RO         1282    .text               mf_w.l(dfixi.o)
    0x08000592   0x08000592   0x00000026   Code   RO         1284    .text               mf_w.l(f2d.o)
    0x080005b8   0x080005b8   0x00000030   Code   RO         1286    .text               mf_w.l(cdcmple.o)
    0x080005e8   0x080005e8   0x00000030   Code   RO         1288    .text               mf_w.l(cdrcmple.o)
    0x08000618   0x08000618   0x00000038   Code   RO         1290    .text               mf_w.l(d2f.o)
    0x08000650   0x08000650   0x00000014   Code   RO         1292    .text               mf_w.l(cfcmple.o)
    0x08000664   0x08000664   0x00000014   Code   RO         1294    .text               mf_w.l(cfrcmple.o)
    0x08000678   0x08000678   0x0000001e   Code   RO         1334    .text               mc_w.l(llshl.o)
    0x08000696   0x08000696   0x00000020   Code   RO         1336    .text               mc_w.l(llushr.o)
    0x080006b6   0x080006b6   0x00000024   Code   RO         1338    .text               mc_w.l(llsshr.o)
    0x080006da   0x080006da   0x00000000   Code   RO         1347    .text               mc_w.l(iusefp.o)
    0x080006da   0x080006da   0x0000006e   Code   RO         1348    .text               mf_w.l(fepilogue.o)
    0x08000748   0x08000748   0x000000ba   Code   RO         1350    .text               mf_w.l(depilogue.o)
    0x08000802   0x08000802   0x0000002e   Code   RO         1352    .text               mf_w.l(dscalb.o)
    0x08000830   0x08000830   0x00000024   Code   RO         1354    .text               mc_w.l(init.o)
    0x08000854   0x08000854   0x000000a2   Code   RO         1356    .text               mf_w.l(dsqrt.o)
    0x080008f6   0x080008f6   0x00000002   PAD
    0x080008f8   0x080008f8   0x000000e8   Code   RO          433    i.Adc_Conf          management.o
    0x080009e0   0x080009e0   0x00000114   Code   RO          301    i.Adc_Conf_ACC      accelerometre.o
    0x08000af4   0x08000af4   0x00000074   Code   RO           81    i.Chrono_Background  chrono.o
    0x08000b68   0x08000b68   0x00000088   Code   RO           82    i.Chrono_Conf       chrono.o
    0x08000bf0   0x08000bf0   0x00000010   Code   RO           85    i.Chrono_Start      chrono.o
    0x08000c00   0x08000c00   0x00000060   Code   RO           87    i.Chrono_Task_10ms  chrono.o
    0x08000c60   0x08000c60   0x000000d8   Code   RO         1000    i.LL_ADC_CommonInit  stm32f1xx_ll_adc.o
    0x08000d38   0x08000d38   0x000000a4   Code   RO         1005    i.LL_ADC_Init       stm32f1xx_ll_adc.o
    0x08000ddc   0x08000ddc   0x0000000a   Code   RO         1006    i.LL_ADC_IsEnabled  stm32f1xx_ll_adc.o
    0x08000de6   0x08000de6   0x00000002   PAD
    0x08000de8   0x08000de8   0x000001f8   Code   RO         1007    i.LL_ADC_REG_Init   stm32f1xx_ll_adc.o
    0x08000fe0   0x08000fe0   0x0000001c   Code   RO          183    i.LL_APB1_GRP1_EnableClock  mytimer.o
    0x08000ffc   0x08000ffc   0x0000001c   Code   RO          519    i.LL_APB1_GRP1_EnableClock  plateau.o
    0x08001018   0x08001018   0x0000001c   Code   RO          302    i.LL_APB2_GRP1_EnableClock  accelerometre.o
    0x08001034   0x08001034   0x0000001c   Code   RO          434    i.LL_APB2_GRP1_EnableClock  management.o
    0x08001050   0x08001050   0x0000001c   Code   RO          520    i.LL_APB2_GRP1_EnableClock  plateau.o
    0x0800106c   0x0800106c   0x000001f8   Code   RO         1091    i.LL_GPIO_Init      stm32f1xx_ll_gpio.o
    0x08001264   0x08001264   0x0000002c   Code   RO          380    i.LL_GPIO_SetPinMode  girouette.o
    0x08001290   0x08001290   0x0000002c   Code   RO          521    i.LL_GPIO_SetPinMode  plateau.o
    0x080012bc   0x080012bc   0x0000001c   Code   RO          743    i.LL_Init1msTick    stm32f1xx_ll_utils.o
    0x080012d8   0x080012d8   0x00000024   Code   RO          662    i.LL_RCC_GetSystemClocksFreq  stm32f1xx_ll_rcc.o
    0x080012fc   0x080012fc   0x0000000c   Code   RO          750    i.LL_SetSystemCoreClock  stm32f1xx_ll_utils.o
    0x08001308   0x08001308   0x00000008   Code   RO          184    i.LL_TIM_ClearFlag_UPDATE  mytimer.o
    0x08001310   0x08001310   0x0000000a   Code   RO          185    i.LL_TIM_DisableCounter  mytimer.o
    0x0800131a   0x0800131a   0x0000000a   Code   RO          186    i.LL_TIM_DisableIT_UPDATE  mytimer.o
    0x08001324   0x08001324   0x000002b0   Code   RO          849    i.LL_TIM_ENCODER_Init  stm32f1xx_ll_tim.o
    0x080015d4   0x080015d4   0x0000000a   Code   RO          522    i.LL_TIM_EnableCounter  plateau.o
    0x080015de   0x080015de   0x00000002   PAD
    0x080015e0   0x080015e0   0x00000114   Code   RO          855    i.LL_TIM_Init       stm32f1xx_ll_tim.o
    0x080016f4   0x080016f4   0x0000006c   Code   RO          303    i.LL_TIM_OC_SetMode  accelerometre.o
    0x08001760   0x08001760   0x0000006c   Code   RO          523    i.LL_TIM_OC_SetMode  plateau.o
    0x080017cc   0x080017cc   0x000001b0   Code   RO         1142    i.LL_USART_Init     stm32f1xx_ll_usart.o
    0x0800197c   0x0800197c   0x0000000a   Code   RO          435    i.LL_USART_IsActiveFlag_TC  management.o
    0x08001986   0x08001986   0x0000000a   Code   RO         1143    i.LL_USART_IsEnabled  stm32f1xx_ll_usart.o
    0x08001990   0x08001990   0x0000009e   Code   RO         1144    i.LL_USART_SetBaudRate  stm32f1xx_ll_usart.o
    0x08001a2e   0x08001a2e   0x00000004   Code   RO          436    i.LL_USART_TransmitData8  management.o
    0x08001a32   0x08001a32   0x00000002   PAD
    0x08001a34   0x08001a34   0x00000084   Code   RO          187    i.MyTimer_Conf      mytimer.o
    0x08001ab8   0x08001ab8   0x000000c8   Code   RO          188    i.MyTimer_IT_Conf   mytimer.o
    0x08001b80   0x08001b80   0x0000000e   Code   RO          190    i.MyTimer_IT_Enable  mytimer.o
    0x08001b8e   0x08001b8e   0x0000000e   Code   RO          191    i.MyTimer_Start     mytimer.o
    0x08001b9c   0x08001b9c   0x00000020   Code   RO          665    i.RCC_GetHCLKClockFreq  stm32f1xx_ll_rcc.o
    0x08001bbc   0x08001bbc   0x00000024   Code   RO          666    i.RCC_GetPCLK1ClockFreq  stm32f1xx_ll_rcc.o
    0x08001be0   0x08001be0   0x00000024   Code   RO          667    i.RCC_GetPCLK2ClockFreq  stm32f1xx_ll_rcc.o
    0x08001c04   0x08001c04   0x0000003c   Code   RO          668    i.RCC_GetSystemClockFreq  stm32f1xx_ll_rcc.o
    0x08001c40   0x08001c40   0x00000058   Code   RO          669    i.RCC_PLL_GetFreqDomain_SYS  stm32f1xx_ll_rcc.o
    0x08001c98   0x08001c98   0x000000f0   Code   RO            4    i.SystemClock_Config  main.o
    0x08001d88   0x08001d88   0x00000058   Code   RO         1209    i.SystemInit        system_stm32f1xx.o
    0x08001de0   0x08001de0   0x00000018   Code   RO          193    i.TIM1_UP_IRQHandler  mytimer.o
    0x08001df8   0x08001df8   0x00000018   Code   RO          194    i.TIM2_IRQHandler   mytimer.o
    0x08001e10   0x08001e10   0x00000018   Code   RO          195    i.TIM3_IRQHandler   mytimer.o
    0x08001e28   0x08001e28   0x00000018   Code   RO          196    i.TIM4_IRQHandler   mytimer.o
    0x08001e40   0x08001e40   0x0000001c   Code   RO          197    i.Timer_PWM_high_level_counter  mytimer.o
    0x08001e5c   0x08001e5c   0x000000a0   Code   RO          437    i.Usart_conf        management.o
    0x08001efc   0x08001efc   0x000000c0   Code   RO          438    i.Usart_sendBatInfo  management.o
    0x08001fbc   0x08001fbc   0x000000aa   Code   RO         1310    i.__kernel_poly     m_ws.l(poly.o)
    0x08002066   0x08002066   0x00000006   Code   RO         1297    i.__mathlib_dbl_infnan  m_ws.l(dunder.o)
    0x0800206c   0x0800206c   0x0000000c   Code   RO         1299    i.__mathlib_dbl_invalid  m_ws.l(dunder.o)
    0x08002078   0x08002078   0x0000000e   Code   RO         1360    i.__scatterload_copy  mc_w.l(handlers.o)
    0x08002086   0x08002086   0x00000002   Code   RO         1361    i.__scatterload_null  mc_w.l(handlers.o)
    0x08002088   0x08002088   0x0000000e   Code   RO         1362    i.__scatterload_zeroinit  mc_w.l(handlers.o)
    0x08002096   0x08002096   0x00000002   PAD
    0x08002098   0x08002098   0x0000000c   Code   RO         1342    i.__set_errno       mc_w.l(errno.o)
    0x080020a4   0x080020a4   0x00000016   Code   RO          524    i.absolu            plateau.o
    0x080020ba   0x080020ba   0x00000002   PAD
    0x080020bc   0x080020bc   0x0000027c   Code   RO         1250    i.acos              m_ws.l(acos.o)
    0x08002338   0x08002338   0x00000004   Code   RO            5    i.assert_failed     main.o
    0x0800233c   0x0800233c   0x000000a8   Code   RO          525    i.bougerPlateau     plateau.o
    0x080023e4   0x080023e4   0x00000028   Code   RO          304    i.bougerVoile       accelerometre.o
    0x0800240c   0x0800240c   0x00000030   Code   RO          439    i.getAlimentationState  management.o
    0x0800243c   0x0800243c   0x000000b0   Code   RO          305    i.getAngle          accelerometre.o
    0x080024ec   0x080024ec   0x0000008c   Code   RO          526    i.get_vitesse_sens  plateau.o
    0x08002578   0x08002578   0x00000094   Code   RO          381    i.girouetteConf     girouette.o
    0x0800260c   0x0800260c   0x0000005c   Code   RO          382    i.girouette_get_angle  girouette.o
    0x08002668   0x08002668   0x00000028   Code   RO          527    i.gpio_RF_init      plateau.o
    0x08002690   0x08002690   0x0000004c   Code   RO          528    i.gpio_mcc_init     plateau.o
    0x080026dc   0x080026dc   0x00000034   Code   RO          306    i.gpio_servom_init  accelerometre.o
    0x08002710   0x08002710   0x0000001c   Code   RO            6    i.main              main.o
    0x0800272c   0x0800272c   0x00000048   Code   RO          440    i.send2b            management.o
    0x08002774   0x08002774   0x0000001c   Code   RO          441    i.send_char         management.o
    0x08002790   0x08002790   0x00000060   Code   RO          442    i.send_time         management.o
    0x080027f0   0x080027f0   0x0000008c   Code   RO          614    i.servoConf         servomoteurs.o
    0x0800287c   0x0800287c   0x000000b0   Code   RO          615    i.servo_setAngle    servomoteurs.o
    0x0800292c   0x0800292c   0x00000018   Code   RO          616    i.servo_start       servomoteurs.o
    0x08002944   0x08002944   0x0000004c   Code   RO         1313    i.sqrt              m_ws.l(sqrt.o)
    0x08002990   0x08002990   0x000000e4   Code   RO          529    i.timer_RF_init     plateau.o
    0x08002a74   0x08002a74   0x0000006c   Code   RO          307    i.timer_pwm_init    accelerometre.o
    0x08002ae0   0x08002ae0   0x0000004e   Code   RO          530    i.timer_pwm_mcc_init  plateau.o
    0x08002b2e   0x08002b2e   0x00000002   PAD
    0x08002b30   0x08002b30   0x000000d0   Code   RO          443    i.usart_sendClearMessage  management.o
    0x08002c00   0x08002c00   0x00000023   Data   RO          308    .constdata          accelerometre.o
    0x08002c23   0x08002c23   0x00000001   PAD
    0x08002c24   0x08002c24   0x00000198   Data   RO          444    .constdata          management.o
    0x08002dbc   0x08002dbc   0x00000023   Data   RO          531    .constdata          plateau.o
    0x08002ddf   0x08002ddf   0x00000018   Data   RO         1210    .constdata          system_stm32f1xx.o
    0x08002df7   0x08002df7   0x00000001   PAD
    0x08002df8   0x08002df8   0x00000050   Data   RO         1251    .constdata          m_ws.l(acos.o)
    0x08002e48   0x08002e48   0x00000020   Data   RO         1358    Region$$Table       anon$$obj.o


    Execution Region RW_IRAM1 (Exec base: 0x20000000, Load base: 0x08002e68, Size: 0x00000448, Max: 0x00005000, ABSOLUTE)

    Exec Addr    Load Addr    Size         Type   Attr      Idx    E Section Name        Object

    0x20000000   0x08002e68   0x00000016   Data   RW           89    .data               chrono.o
    0x20000016   0x08002e7e   0x00000002   PAD
    0x20000018   0x08002e80   0x00000010   Data   RW          199    .data               mytimer.o
    0x20000028   0x08002e90   0x00000004   Data   RW          309    .data               accelerometre.o
    0x2000002c   0x08002e94   0x00000004   Data   RW          384    .data               girouette.o
    0x20000030   0x08002e98   0x0000000c   Data   RW          532    .data               plateau.o
    0x2000003c   0x08002ea4   0x00000004   Data   RW          618    .data               servomoteurs.o
    0x20000040   0x08002ea8   0x00000004   Data   RW         1211    .data               system_stm32f1xx.o
    0x20000044   0x08002eac   0x00000004   Data   RW         1343    .data               mc_w.l(errno.o)
    0x20000048        -       0x00000400   Zero   RW         1242    STACK               startup_stm32f103xb.o


==============================================================================

Image component sizes


      Code (inc. data)   RO Data    RW Data    ZI Data      Debug   Object Name

       788         94         35          4          0      71142   accelerometre.o
       364         66          0         22          0      43372   chrono.o
       284         26          0          4          0      34513   girouette.o
       272         20          0          0          0     356416   main.o
      1078         46        408          0          0      19637   management.o
       540         90          0         16          0      59260   mytimer.o
       970         90         35         12          0      38301   plateau.o
       340         56          0          4          0       2963   servomoteurs.o
        36          8        236          0       1024        748   startup_stm32f103xb.o
       894        140          0          0          0      38580   stm32f1xx_ll_adc.o
       504         62          0          0          0      10307   stm32f1xx_ll_gpio.o
       288         48          0          0          0      12909   stm32f1xx_ll_rcc.o
       964         96          0          0          0      29968   stm32f1xx_ll_tim.o
       600         56          0          0          0      15728   stm32f1xx_ll_usart.o
        40          6          0          0          0       1997   stm32f1xx_ll_utils.o
        88         18         24          4          0       1071   system_stm32f1xx.o

    ----------------------------------------------------------------------
      8060        922        772         68       1024     736912   Object Totals
         0          0         32          0          0          0   (incl. Generated)
        10          0          2          2          0          0   (incl. Padding)

    ----------------------------------------------------------------------

      Code (inc. data)   RO Data    RW Data    ZI Data      Debug   Library Member Name

       636         62         80          0          0        188   acos.o
        18          0          0          0          0        136   dunder.o
       170          0          0          0          0         96   poly.o
        76          0          0          0          0         84   sqrt.o
         0          0          0          0          0          0   entry.o
         0          0          0          0          0          0   entry10a.o
         0          0          0          0          0          0   entry11a.o
         8          4          0          0          0          0   entry2.o
         4          0          0          0          0          0   entry5.o
         0          0          0          0          0          0   entry7b.o
         0          0          0          0          0          0   entry8b.o
         8          4          0          0          0          0   entry9a.o
        12          6          0          4          0         68   errno.o
        30          0          0          0          0          0   handlers.o
        36          8          0          0          0         68   init.o
         0          0          0          0          0          0   iusefp.o
        30          0          0          0          0         68   llshl.o
        36          0          0          0          0         68   llsshr.o
        32          0          0          0          0         68   llushr.o
        36          0          0          0          0         68   memcpya.o
        48          0          0          0          0         68   cdcmple.o
        48          0          0          0          0         68   cdrcmple.o
        20          0          0          0          0         68   cfcmple.o
        20          0          0          0          0         68   cfrcmple.o
        56          0          0          0          0         88   d2f.o
       334          0          0          0          0        148   dadd.o
       222          0          0          0          0        100   ddiv.o
       186          0          0          0          0        176   depilogue.o
        62          0          0          0          0         80   dfixi.o
        34          0          0          0          0         76   dflti.o
        26          0          0          0          0         76   dfltui.o
       228          0          0          0          0         96   dmul.o
        46          0          0          0          0         80   dscalb.o
       162          0          0          0          0        100   dsqrt.o
        38          0          0          0          0         68   f2d.o
       124          0          0          0          0         88   fdiv.o
       110          0          0          0          0        168   fepilogue.o
        50          0          0          0          0         68   ffixi.o
        18          0          0          0          0         68   fflti.o

    ----------------------------------------------------------------------
      2968         84         80          4          0       2664   Library Totals
         4          0          0          0          0          0   (incl. Padding)

    ----------------------------------------------------------------------

      Code (inc. data)   RO Data    RW Data    ZI Data      Debug   Library Name

       900         62         80          0          0        504   m_ws.l
       232         22          0          4          0        408   mc_w.l
      1832          0          0          0          0       1752   mf_w.l

    ----------------------------------------------------------------------
      2968         84         80          4          0       2664   Library Totals

    ----------------------------------------------------------------------

==============================================================================


      Code (inc. data)   RO Data    RW Data    ZI Data      Debug   

     11028       1006        852         72       1024     734528   Grand Totals
     11028       1006        852         72       1024     734528   ELF Image Totals
     11028       1006        852         72          0          0   ROM Totals

==============================================================================

    Total RO  Size (Code + RO Data)                11880 (  11.60kB)
    Total RW  Size (RW Data + ZI Data)              1096 (   1.07kB)
    Total ROM Size (Code + RO Data + RW Data)      11952 (  11.67kB)

==============================================================================

