Component: ARM Compiler 5.06 update 6 (build 750) Tool: armlink [4d35ed]

==============================================================================

Section Cross References

    main.o(i.SystemClock_Config) refers to stm32f1xx_ll_utils.o(i.LL_Init1msTick) for LL_Init1msTick
    main.o(i.SystemClock_Config) refers to stm32f1xx_ll_utils.o(i.LL_SetSystemCoreClock) for LL_SetSystemCoreClock
    main.o(i.main) refers to main.o(i.SystemClock_Config) for SystemClock_Config
    main.o(i.main) refers to chrono.o(i.Chrono_Conf) for Chrono_Conf
    main.o(i.main) refers to chrono.o(i.Chrono_Start) for Chrono_Start
    main.o(i.main) refers to chrono.o(i.Chrono_Background) for Chrono_Background
    chrono.o(i.Chrono_Background) refers to management.o(i.getAlimentationState) for getAlimentationState
    chrono.o(i.Chrono_Background) refers to management.o(i.Usart_sendBatInfo) for Usart_sendBatInfo
    chrono.o(i.Chrono_Background) refers to management.o(i.usart_sendClearMessage) for usart_sendClearMessage
    chrono.o(i.Chrono_Background) refers to chrono.o(.data) for voltage
    chrono.o(i.Chrono_Conf) refers to mytimer.o(i.MyTimer_Conf) for MyTimer_Conf
    chrono.o(i.Chrono_Conf) refers to mytimer.o(i.MyTimer_IT_Conf) for MyTimer_IT_Conf
    chrono.o(i.Chrono_Conf) refers to mytimer.o(i.MyTimer_IT_Enable) for MyTimer_IT_Enable
    chrono.o(i.Chrono_Conf) refers to management.o(i.Usart_conf) for Usart_conf
    chrono.o(i.Chrono_Conf) refers to management.o(i.Adc_Conf) for Adc_Conf
    chrono.o(i.Chrono_Conf) refers to chrono.o(.data) for Chrono_Time
    chrono.o(i.Chrono_Conf) refers to chrono.o(i.Chrono_Task_10ms) for Chrono_Task_10ms
    chrono.o(i.Chrono_Read) refers to chrono.o(.data) for Chrono_Time
    chrono.o(i.Chrono_Reset) refers to chrono.o(.data) for Chrono_Time
    chrono.o(i.Chrono_Start) refers to mytimer.o(i.MyTimer_Start) for MyTimer_Start
    chrono.o(i.Chrono_Start) refers to chrono.o(.data) for Chrono_Timer
    chrono.o(i.Chrono_Stop) refers to mytimer.o(i.MyTimer_Stop) for MyTimer_Stop
    chrono.o(i.Chrono_Stop) refers to chrono.o(.data) for Chrono_Timer
    chrono.o(i.Chrono_Task_10ms) refers to chrono.o(.data) for cpt
    mytimer.o(i.MyTimer_Conf) refers to mytimer.o(i.LL_APB1_GRP1_EnableClock) for LL_APB1_GRP1_EnableClock
    mytimer.o(i.MyTimer_Conf) refers to stm32f1xx_ll_tim.o(i.LL_TIM_Init) for LL_TIM_Init
    mytimer.o(i.MyTimer_Conf) refers to mytimer.o(i.LL_TIM_DisableIT_UPDATE) for LL_TIM_DisableIT_UPDATE
    mytimer.o(i.MyTimer_Conf) refers to mytimer.o(i.LL_TIM_DisableCounter) for LL_TIM_DisableCounter
    mytimer.o(i.MyTimer_IT_Conf) refers to mytimer.o(i.LL_TIM_DisableIT_UPDATE) for LL_TIM_DisableIT_UPDATE
    mytimer.o(i.MyTimer_IT_Conf) refers to mytimer.o(.data) for Ptr_ItFct_TIM1
    mytimer.o(i.MyTimer_IT_Disable) refers to mytimer.o(i.LL_TIM_DisableIT_UPDATE) for LL_TIM_DisableIT_UPDATE
    mytimer.o(i.MyTimer_Stop) refers to mytimer.o(i.LL_TIM_DisableCounter) for LL_TIM_DisableCounter
    mytimer.o(i.TIM1_UP_IRQHandler) refers to mytimer.o(i.LL_TIM_ClearFlag_UPDATE) for LL_TIM_ClearFlag_UPDATE
    mytimer.o(i.TIM1_UP_IRQHandler) refers to mytimer.o(.data) for Ptr_ItFct_TIM1
    mytimer.o(i.TIM2_IRQHandler) refers to mytimer.o(i.LL_TIM_ClearFlag_UPDATE) for LL_TIM_ClearFlag_UPDATE
    mytimer.o(i.TIM2_IRQHandler) refers to mytimer.o(.data) for Ptr_ItFct_TIM2
    mytimer.o(i.TIM3_IRQHandler) refers to mytimer.o(i.LL_TIM_ClearFlag_UPDATE) for LL_TIM_ClearFlag_UPDATE
    mytimer.o(i.TIM3_IRQHandler) refers to mytimer.o(.data) for Ptr_ItFct_TIM3
    mytimer.o(i.TIM4_IRQHandler) refers to mytimer.o(i.LL_TIM_ClearFlag_UPDATE) for LL_TIM_ClearFlag_UPDATE
    mytimer.o(i.TIM4_IRQHandler) refers to mytimer.o(.data) for Ptr_ItFct_TIM4
    management.o(i.Adc_Conf) refers to management.o(i.LL_APB2_GRP1_EnableClock) for LL_APB2_GRP1_EnableClock
    management.o(i.Adc_Conf) refers to stm32f1xx_ll_adc.o(i.LL_ADC_REG_Init) for LL_ADC_REG_Init
    management.o(i.Adc_Conf) refers to stm32f1xx_ll_adc.o(i.LL_ADC_Init) for LL_ADC_Init
    management.o(i.Adc_Conf) refers to stm32f1xx_ll_adc.o(i.LL_ADC_CommonInit) for LL_ADC_CommonInit
    management.o(i.Adc_Conf) refers to stm32f1xx_ll_gpio.o(i.LL_GPIO_Init) for LL_GPIO_Init
    management.o(i.Usart_conf) refers to management.o(i.LL_APB2_GRP1_EnableClock) for LL_APB2_GRP1_EnableClock
    management.o(i.Usart_conf) refers to stm32f1xx_ll_gpio.o(i.LL_GPIO_Init) for LL_GPIO_Init
    management.o(i.Usart_conf) refers to stm32f1xx_ll_usart.o(i.LL_USART_Init) for LL_USART_Init
    management.o(i.Usart_sendBatInfo) refers to memcpya.o(.text) for __aeabi_memcpy4
    management.o(i.Usart_sendBatInfo) refers to management.o(i.send_time) for send_time
    management.o(i.Usart_sendBatInfo) refers to management.o(i.send_char) for send_char
    management.o(i.Usart_sendBatInfo) refers to management.o(.constdata) for .constdata
    management.o(i.send2b) refers to management.o(i.LL_USART_TransmitData8) for LL_USART_TransmitData8
    management.o(i.send2b) refers to management.o(i.LL_USART_IsActiveFlag_TC) for LL_USART_IsActiveFlag_TC
    management.o(i.send_char) refers to management.o(i.LL_USART_TransmitData8) for LL_USART_TransmitData8
    management.o(i.send_char) refers to management.o(i.LL_USART_IsActiveFlag_TC) for LL_USART_IsActiveFlag_TC
    management.o(i.send_time) refers to management.o(i.send2b) for send2b
    management.o(i.send_time) refers to management.o(i.send_char) for send_char
    management.o(i.usart_sendClearMessage) refers to memcpya.o(.text) for __aeabi_memcpy4
    management.o(i.usart_sendClearMessage) refers to management.o(i.send_time) for send_time
    management.o(i.usart_sendClearMessage) refers to management.o(i.send_char) for send_char
    management.o(i.usart_sendClearMessage) refers to management.o(.constdata) for .constdata
    plateau.o(i.LL_TIM_OC_SetMode) refers to plateau.o(.constdata) for OFFSET_TAB_CCMRx
    plateau.o(i.absolu) refers to cfcmple.o(.text) for __aeabi_cfcmple
    plateau.o(i.bougerPlateau) refers to plateau.o(i.absolu) for absolu
    plateau.o(i.bougerPlateau) refers to f2d.o(.text) for __aeabi_f2d
    plateau.o(i.bougerPlateau) refers to cdcmple.o(.text) for __aeabi_cdcmple
    plateau.o(i.bougerPlateau) refers to dadd.o(.text) for __aeabi_dsub
    plateau.o(i.bougerPlateau) refers to ddiv.o(.text) for __aeabi_ddiv
    plateau.o(i.bougerPlateau) refers to dmul.o(.text) for __aeabi_dmul
    plateau.o(i.bougerPlateau) refers to d2f.o(.text) for __aeabi_d2f
    plateau.o(i.bougerPlateau) refers to ffixi.o(.text) for __aeabi_f2iz
    plateau.o(i.bougerPlateau) refers to plateau.o(.data) for sens
    plateau.o(i.get_vitesse_sens) refers to fflti.o(.text) for __aeabi_i2f
    plateau.o(i.get_vitesse_sens) refers to f2d.o(.text) for __aeabi_f2d
    plateau.o(i.get_vitesse_sens) refers to ddiv.o(.text) for __aeabi_ddiv
    plateau.o(i.get_vitesse_sens) refers to dmul.o(.text) for __aeabi_dmul
    plateau.o(i.get_vitesse_sens) refers to dadd.o(.text) for __aeabi_dsub
    plateau.o(i.get_vitesse_sens) refers to d2f.o(.text) for __aeabi_d2f
    plateau.o(i.get_vitesse_sens) refers to cdrcmple.o(.text) for __aeabi_cdrcmple
    plateau.o(i.get_vitesse_sens) refers to plateau.o(.data) for vitesse
    plateau.o(i.gpio_RF_init) refers to plateau.o(i.LL_APB2_GRP1_EnableClock) for LL_APB2_GRP1_EnableClock
    plateau.o(i.gpio_RF_init) refers to plateau.o(i.LL_GPIO_SetPinMode) for LL_GPIO_SetPinMode
    plateau.o(i.gpio_mcc_init) refers to plateau.o(i.LL_APB2_GRP1_EnableClock) for LL_APB2_GRP1_EnableClock
    plateau.o(i.gpio_mcc_init) refers to stm32f1xx_ll_gpio.o(i.LL_GPIO_Init) for LL_GPIO_Init
    plateau.o(i.timer_RF_init) refers to plateau.o(i.LL_APB1_GRP1_EnableClock) for LL_APB1_GRP1_EnableClock
    plateau.o(i.timer_RF_init) refers to stm32f1xx_ll_tim.o(i.LL_TIM_Init) for LL_TIM_Init
    plateau.o(i.timer_RF_init) refers to plateau.o(i.LL_TIM_EnableCounter) for LL_TIM_EnableCounter
    plateau.o(i.timer_RF_init) refers to plateau.o(.data) for vitesse
    plateau.o(i.timer_pwm_mcc_init) refers to plateau.o(i.LL_APB1_GRP1_EnableClock) for LL_APB1_GRP1_EnableClock
    plateau.o(i.timer_pwm_mcc_init) refers to stm32f1xx_ll_tim.o(i.LL_TIM_Init) for LL_TIM_Init
    plateau.o(i.timer_pwm_mcc_init) refers to plateau.o(i.LL_TIM_OC_SetMode) for LL_TIM_OC_SetMode
    plateau.o(i.timer_pwm_mcc_init) refers to plateau.o(i.LL_TIM_EnableCounter) for LL_TIM_EnableCounter
    stm32f1xx_ll_rcc.o(i.LL_RCC_DeInit) refers to stm32f1xx_ll_rcc.o(i.LL_RCC_PLL_IsReady) for LL_RCC_PLL_IsReady
    stm32f1xx_ll_rcc.o(i.LL_RCC_GetADCClockFreq) refers to main.o(i.assert_failed) for assert_failed
    stm32f1xx_ll_rcc.o(i.LL_RCC_GetADCClockFreq) refers to stm32f1xx_ll_rcc.o(i.RCC_GetSystemClockFreq) for RCC_GetSystemClockFreq
    stm32f1xx_ll_rcc.o(i.LL_RCC_GetADCClockFreq) refers to stm32f1xx_ll_rcc.o(i.RCC_GetHCLKClockFreq) for RCC_GetHCLKClockFreq
    stm32f1xx_ll_rcc.o(i.LL_RCC_GetADCClockFreq) refers to stm32f1xx_ll_rcc.o(i.RCC_GetPCLK2ClockFreq) for RCC_GetPCLK2ClockFreq
    stm32f1xx_ll_rcc.o(i.LL_RCC_GetSystemClocksFreq) refers to stm32f1xx_ll_rcc.o(i.RCC_GetSystemClockFreq) for RCC_GetSystemClockFreq
    stm32f1xx_ll_rcc.o(i.LL_RCC_GetSystemClocksFreq) refers to stm32f1xx_ll_rcc.o(i.RCC_GetHCLKClockFreq) for RCC_GetHCLKClockFreq
    stm32f1xx_ll_rcc.o(i.LL_RCC_GetSystemClocksFreq) refers to stm32f1xx_ll_rcc.o(i.RCC_GetPCLK1ClockFreq) for RCC_GetPCLK1ClockFreq
    stm32f1xx_ll_rcc.o(i.LL_RCC_GetSystemClocksFreq) refers to stm32f1xx_ll_rcc.o(i.RCC_GetPCLK2ClockFreq) for RCC_GetPCLK2ClockFreq
    stm32f1xx_ll_rcc.o(i.LL_RCC_GetUSBClockFreq) refers to main.o(i.assert_failed) for assert_failed
    stm32f1xx_ll_rcc.o(i.LL_RCC_GetUSBClockFreq) refers to stm32f1xx_ll_rcc.o(i.LL_RCC_PLL_IsReady) for LL_RCC_PLL_IsReady
    stm32f1xx_ll_rcc.o(i.LL_RCC_GetUSBClockFreq) refers to stm32f1xx_ll_rcc.o(i.RCC_PLL_GetFreqDomain_SYS) for RCC_PLL_GetFreqDomain_SYS
    stm32f1xx_ll_rcc.o(i.RCC_GetHCLKClockFreq) refers to system_stm32f1xx.o(.constdata) for AHBPrescTable
    stm32f1xx_ll_rcc.o(i.RCC_GetPCLK1ClockFreq) refers to system_stm32f1xx.o(.constdata) for APBPrescTable
    stm32f1xx_ll_rcc.o(i.RCC_GetPCLK2ClockFreq) refers to system_stm32f1xx.o(.constdata) for APBPrescTable
    stm32f1xx_ll_rcc.o(i.RCC_GetSystemClockFreq) refers to stm32f1xx_ll_rcc.o(i.RCC_PLL_GetFreqDomain_SYS) for RCC_PLL_GetFreqDomain_SYS
    stm32f1xx_ll_utils.o(i.LL_PLL_ConfigSystemClock_HSE) refers to main.o(i.assert_failed) for assert_failed
    stm32f1xx_ll_utils.o(i.LL_PLL_ConfigSystemClock_HSE) refers to stm32f1xx_ll_utils.o(i.UTILS_PLL_IsBusy) for UTILS_PLL_IsBusy
    stm32f1xx_ll_utils.o(i.LL_PLL_ConfigSystemClock_HSE) refers to stm32f1xx_ll_utils.o(i.UTILS_GetPLLOutputFrequency) for UTILS_GetPLLOutputFrequency
    stm32f1xx_ll_utils.o(i.LL_PLL_ConfigSystemClock_HSE) refers to stm32f1xx_ll_utils.o(i.LL_RCC_HSE_IsReady) for LL_RCC_HSE_IsReady
    stm32f1xx_ll_utils.o(i.LL_PLL_ConfigSystemClock_HSE) refers to stm32f1xx_ll_utils.o(i.LL_RCC_PLL_ConfigDomain_SYS) for LL_RCC_PLL_ConfigDomain_SYS
    stm32f1xx_ll_utils.o(i.LL_PLL_ConfigSystemClock_HSE) refers to stm32f1xx_ll_utils.o(i.UTILS_EnablePLLAndSwitchSystem) for UTILS_EnablePLLAndSwitchSystem
    stm32f1xx_ll_utils.o(i.LL_PLL_ConfigSystemClock_HSI) refers to stm32f1xx_ll_utils.o(i.UTILS_PLL_IsBusy) for UTILS_PLL_IsBusy
    stm32f1xx_ll_utils.o(i.LL_PLL_ConfigSystemClock_HSI) refers to stm32f1xx_ll_utils.o(i.UTILS_GetPLLOutputFrequency) for UTILS_GetPLLOutputFrequency
    stm32f1xx_ll_utils.o(i.LL_PLL_ConfigSystemClock_HSI) refers to stm32f1xx_ll_utils.o(i.LL_RCC_HSI_IsReady) for LL_RCC_HSI_IsReady
    stm32f1xx_ll_utils.o(i.LL_PLL_ConfigSystemClock_HSI) refers to stm32f1xx_ll_utils.o(i.LL_RCC_PLL_ConfigDomain_SYS) for LL_RCC_PLL_ConfigDomain_SYS
    stm32f1xx_ll_utils.o(i.LL_PLL_ConfigSystemClock_HSI) refers to stm32f1xx_ll_utils.o(i.UTILS_EnablePLLAndSwitchSystem) for UTILS_EnablePLLAndSwitchSystem
    stm32f1xx_ll_utils.o(i.LL_SetSystemCoreClock) refers to system_stm32f1xx.o(.data) for SystemCoreClock
    stm32f1xx_ll_utils.o(i.UTILS_EnablePLLAndSwitchSystem) refers to main.o(i.assert_failed) for assert_failed
    stm32f1xx_ll_utils.o(i.UTILS_EnablePLLAndSwitchSystem) refers to stm32f1xx_ll_utils.o(i.UTILS_SetFlashLatency) for UTILS_SetFlashLatency
    stm32f1xx_ll_utils.o(i.UTILS_EnablePLLAndSwitchSystem) refers to stm32f1xx_ll_utils.o(i.LL_RCC_PLL_IsReady) for LL_RCC_PLL_IsReady
    stm32f1xx_ll_utils.o(i.UTILS_EnablePLLAndSwitchSystem) refers to stm32f1xx_ll_utils.o(i.LL_SetSystemCoreClock) for LL_SetSystemCoreClock
    stm32f1xx_ll_utils.o(i.UTILS_EnablePLLAndSwitchSystem) refers to system_stm32f1xx.o(.constdata) for AHBPrescTable
    stm32f1xx_ll_utils.o(i.UTILS_EnablePLLAndSwitchSystem) refers to system_stm32f1xx.o(.data) for SystemCoreClock
    stm32f1xx_ll_utils.o(i.UTILS_GetPLLOutputFrequency) refers to main.o(i.assert_failed) for assert_failed
    stm32f1xx_ll_utils.o(i.UTILS_PLL_IsBusy) refers to stm32f1xx_ll_utils.o(i.LL_RCC_PLL_IsReady) for LL_RCC_PLL_IsReady
    stm32f1xx_ll_tim.o(i.IC1Config) refers to main.o(i.assert_failed) for assert_failed
    stm32f1xx_ll_tim.o(i.IC2Config) refers to main.o(i.assert_failed) for assert_failed
    stm32f1xx_ll_tim.o(i.IC3Config) refers to main.o(i.assert_failed) for assert_failed
    stm32f1xx_ll_tim.o(i.IC4Config) refers to main.o(i.assert_failed) for assert_failed
    stm32f1xx_ll_tim.o(i.LL_TIM_BDTR_Init) refers to main.o(i.assert_failed) for assert_failed
    stm32f1xx_ll_tim.o(i.LL_TIM_DeInit) refers to main.o(i.assert_failed) for assert_failed
    stm32f1xx_ll_tim.o(i.LL_TIM_DeInit) refers to stm32f1xx_ll_tim.o(i.LL_APB1_GRP1_ForceReset) for LL_APB1_GRP1_ForceReset
    stm32f1xx_ll_tim.o(i.LL_TIM_DeInit) refers to stm32f1xx_ll_tim.o(i.LL_APB1_GRP1_ReleaseReset) for LL_APB1_GRP1_ReleaseReset
    stm32f1xx_ll_tim.o(i.LL_TIM_ENCODER_Init) refers to main.o(i.assert_failed) for assert_failed
    stm32f1xx_ll_tim.o(i.LL_TIM_HALLSENSOR_Init) refers to main.o(i.assert_failed) for assert_failed
    stm32f1xx_ll_tim.o(i.LL_TIM_HALLSENSOR_Init) refers to stm32f1xx_ll_tim.o(i.LL_TIM_OC_SetCompareCH2) for LL_TIM_OC_SetCompareCH2
    stm32f1xx_ll_tim.o(i.LL_TIM_IC_Init) refers to stm32f1xx_ll_tim.o(i.IC1Config) for IC1Config
    stm32f1xx_ll_tim.o(i.LL_TIM_IC_Init) refers to stm32f1xx_ll_tim.o(i.IC2Config) for IC2Config
    stm32f1xx_ll_tim.o(i.LL_TIM_IC_Init) refers to stm32f1xx_ll_tim.o(i.IC3Config) for IC3Config
    stm32f1xx_ll_tim.o(i.LL_TIM_IC_Init) refers to stm32f1xx_ll_tim.o(i.IC4Config) for IC4Config
    stm32f1xx_ll_tim.o(i.LL_TIM_Init) refers to main.o(i.assert_failed) for assert_failed
    stm32f1xx_ll_tim.o(i.LL_TIM_OC_Init) refers to stm32f1xx_ll_tim.o(i.OC1Config) for OC1Config
    stm32f1xx_ll_tim.o(i.LL_TIM_OC_Init) refers to stm32f1xx_ll_tim.o(i.OC2Config) for OC2Config
    stm32f1xx_ll_tim.o(i.LL_TIM_OC_Init) refers to stm32f1xx_ll_tim.o(i.OC3Config) for OC3Config
    stm32f1xx_ll_tim.o(i.LL_TIM_OC_Init) refers to stm32f1xx_ll_tim.o(i.OC4Config) for OC4Config
    stm32f1xx_ll_tim.o(i.OC1Config) refers to main.o(i.assert_failed) for assert_failed
    stm32f1xx_ll_tim.o(i.OC2Config) refers to main.o(i.assert_failed) for assert_failed
    stm32f1xx_ll_tim.o(i.OC2Config) refers to stm32f1xx_ll_tim.o(i.LL_TIM_OC_SetCompareCH2) for LL_TIM_OC_SetCompareCH2
    stm32f1xx_ll_tim.o(i.OC3Config) refers to main.o(i.assert_failed) for assert_failed
    stm32f1xx_ll_tim.o(i.OC4Config) refers to main.o(i.assert_failed) for assert_failed
    stm32f1xx_ll_adc.o(i.LL_ADC_CommonDeInit) refers to main.o(i.assert_failed) for assert_failed
    stm32f1xx_ll_adc.o(i.LL_ADC_CommonInit) refers to main.o(i.assert_failed) for assert_failed
    stm32f1xx_ll_adc.o(i.LL_ADC_CommonInit) refers to stm32f1xx_ll_adc.o(i.LL_ADC_IsEnabled) for LL_ADC_IsEnabled
    stm32f1xx_ll_adc.o(i.LL_ADC_DeInit) refers to main.o(i.assert_failed) for assert_failed
    stm32f1xx_ll_adc.o(i.LL_ADC_DeInit) refers to stm32f1xx_ll_adc.o(i.LL_ADC_IsEnabled) for LL_ADC_IsEnabled
    stm32f1xx_ll_adc.o(i.LL_ADC_INJ_Init) refers to main.o(i.assert_failed) for assert_failed
    stm32f1xx_ll_adc.o(i.LL_ADC_INJ_Init) refers to stm32f1xx_ll_adc.o(i.LL_ADC_IsEnabled) for LL_ADC_IsEnabled
    stm32f1xx_ll_adc.o(i.LL_ADC_Init) refers to main.o(i.assert_failed) for assert_failed
    stm32f1xx_ll_adc.o(i.LL_ADC_Init) refers to stm32f1xx_ll_adc.o(i.LL_ADC_IsEnabled) for LL_ADC_IsEnabled
    stm32f1xx_ll_adc.o(i.LL_ADC_REG_Init) refers to main.o(i.assert_failed) for assert_failed
    stm32f1xx_ll_adc.o(i.LL_ADC_REG_Init) refers to stm32f1xx_ll_adc.o(i.LL_ADC_IsEnabled) for LL_ADC_IsEnabled
    stm32f1xx_ll_gpio.o(i.LL_GPIO_DeInit) refers to main.o(i.assert_failed) for assert_failed
    stm32f1xx_ll_gpio.o(i.LL_GPIO_DeInit) refers to stm32f1xx_ll_gpio.o(i.LL_APB2_GRP1_ForceReset) for LL_APB2_GRP1_ForceReset
    stm32f1xx_ll_gpio.o(i.LL_GPIO_DeInit) refers to stm32f1xx_ll_gpio.o(i.LL_APB2_GRP1_ReleaseReset) for LL_APB2_GRP1_ReleaseReset
    stm32f1xx_ll_gpio.o(i.LL_GPIO_Init) refers to main.o(i.assert_failed) for assert_failed
    stm32f1xx_ll_usart.o(i.LL_USART_ClockInit) refers to main.o(i.assert_failed) for assert_failed
    stm32f1xx_ll_usart.o(i.LL_USART_ClockInit) refers to stm32f1xx_ll_usart.o(i.LL_USART_IsEnabled) for LL_USART_IsEnabled
    stm32f1xx_ll_usart.o(i.LL_USART_DeInit) refers to main.o(i.assert_failed) for assert_failed
    stm32f1xx_ll_usart.o(i.LL_USART_DeInit) refers to stm32f1xx_ll_usart.o(i.LL_APB1_GRP1_ForceReset) for LL_APB1_GRP1_ForceReset
    stm32f1xx_ll_usart.o(i.LL_USART_DeInit) refers to stm32f1xx_ll_usart.o(i.LL_APB1_GRP1_ReleaseReset) for LL_APB1_GRP1_ReleaseReset
    stm32f1xx_ll_usart.o(i.LL_USART_Init) refers to main.o(i.assert_failed) for assert_failed
    stm32f1xx_ll_usart.o(i.LL_USART_Init) refers to stm32f1xx_ll_usart.o(i.LL_USART_IsEnabled) for LL_USART_IsEnabled
    stm32f1xx_ll_usart.o(i.LL_USART_Init) refers to stm32f1xx_ll_rcc.o(i.LL_RCC_GetSystemClocksFreq) for LL_RCC_GetSystemClocksFreq
    stm32f1xx_ll_usart.o(i.LL_USART_Init) refers to stm32f1xx_ll_usart.o(i.LL_USART_SetBaudRate) for LL_USART_SetBaudRate
    stm32f1xx_ll_i2c.o(i.LL_I2C_DeInit) refers to main.o(i.assert_failed) for assert_failed
    stm32f1xx_ll_i2c.o(i.LL_I2C_DeInit) refers to stm32f1xx_ll_i2c.o(i.LL_APB1_GRP1_ForceReset) for LL_APB1_GRP1_ForceReset
    stm32f1xx_ll_i2c.o(i.LL_I2C_DeInit) refers to stm32f1xx_ll_i2c.o(i.LL_APB1_GRP1_ReleaseReset) for LL_APB1_GRP1_ReleaseReset
    stm32f1xx_ll_i2c.o(i.LL_I2C_Init) refers to main.o(i.assert_failed) for assert_failed
    stm32f1xx_ll_i2c.o(i.LL_I2C_Init) refers to stm32f1xx_ll_rcc.o(i.LL_RCC_GetSystemClocksFreq) for LL_RCC_GetSystemClocksFreq
    stm32f1xx_ll_i2c.o(i.LL_I2C_Init) refers to stm32f1xx_ll_i2c.o(i.LL_I2C_ConfigSpeed) for LL_I2C_ConfigSpeed
    stm32f1xx_ll_rtc.o(i.LL_RTC_ALARM_Init) refers to main.o(i.assert_failed) for assert_failed
    stm32f1xx_ll_rtc.o(i.LL_RTC_ALARM_Init) refers to stm32f1xx_ll_rtc.o(i.LL_RTC_EnterInitMode) for LL_RTC_EnterInitMode
    stm32f1xx_ll_rtc.o(i.LL_RTC_ALARM_Init) refers to stm32f1xx_ll_rtc.o(i.LL_RTC_ALARM_Set) for LL_RTC_ALARM_Set
    stm32f1xx_ll_rtc.o(i.LL_RTC_ALARM_Init) refers to stm32f1xx_ll_rtc.o(i.LL_RTC_ExitInitMode) for LL_RTC_ExitInitMode
    stm32f1xx_ll_rtc.o(i.LL_RTC_ALARM_SetCounter) refers to main.o(i.assert_failed) for assert_failed
    stm32f1xx_ll_rtc.o(i.LL_RTC_ALARM_SetCounter) refers to stm32f1xx_ll_rtc.o(i.LL_RTC_EnterInitMode) for LL_RTC_EnterInitMode
    stm32f1xx_ll_rtc.o(i.LL_RTC_ALARM_SetCounter) refers to stm32f1xx_ll_rtc.o(i.LL_RTC_ALARM_Set) for LL_RTC_ALARM_Set
    stm32f1xx_ll_rtc.o(i.LL_RTC_ALARM_SetCounter) refers to stm32f1xx_ll_rtc.o(i.LL_RTC_ExitInitMode) for LL_RTC_ExitInitMode
    stm32f1xx_ll_rtc.o(i.LL_RTC_DeInit) refers to main.o(i.assert_failed) for assert_failed
    stm32f1xx_ll_rtc.o(i.LL_RTC_DeInit) refers to stm32f1xx_ll_rtc.o(i.LL_RTC_DisableWriteProtection) for LL_RTC_DisableWriteProtection
    stm32f1xx_ll_rtc.o(i.LL_RTC_DeInit) refers to stm32f1xx_ll_rtc.o(i.LL_RTC_EnterInitMode) for LL_RTC_EnterInitMode
    stm32f1xx_ll_rtc.o(i.LL_RTC_DeInit) refers to stm32f1xx_ll_rtc.o(i.LL_RTC_ExitInitMode) for LL_RTC_ExitInitMode
    stm32f1xx_ll_rtc.o(i.LL_RTC_DeInit) refers to stm32f1xx_ll_rtc.o(i.LL_RTC_WaitForSynchro) for LL_RTC_WaitForSynchro
    stm32f1xx_ll_rtc.o(i.LL_RTC_DeInit) refers to stm32f1xx_ll_rtc.o(i.LL_RTC_ClearFlag_RS) for LL_RTC_ClearFlag_RS
    stm32f1xx_ll_rtc.o(i.LL_RTC_DeInit) refers to stm32f1xx_ll_rtc.o(i.LL_RTC_EnableWriteProtection) for LL_RTC_EnableWriteProtection
    stm32f1xx_ll_rtc.o(i.LL_RTC_EnterInitMode) refers to main.o(i.assert_failed) for assert_failed
    stm32f1xx_ll_rtc.o(i.LL_RTC_EnterInitMode) refers to stm32f1xx_ll_rtc.o(i.LL_RTC_IsActiveFlag_RTOF) for LL_RTC_IsActiveFlag_RTOF
    stm32f1xx_ll_rtc.o(i.LL_RTC_EnterInitMode) refers to stm32f1xx_ll_rtc.o(i.LL_SYSTICK_IsActiveCounterFlag) for LL_SYSTICK_IsActiveCounterFlag
    stm32f1xx_ll_rtc.o(i.LL_RTC_EnterInitMode) refers to stm32f1xx_ll_rtc.o(i.LL_RTC_DisableWriteProtection) for LL_RTC_DisableWriteProtection
    stm32f1xx_ll_rtc.o(i.LL_RTC_ExitInitMode) refers to main.o(i.assert_failed) for assert_failed
    stm32f1xx_ll_rtc.o(i.LL_RTC_ExitInitMode) refers to stm32f1xx_ll_rtc.o(i.LL_RTC_EnableWriteProtection) for LL_RTC_EnableWriteProtection
    stm32f1xx_ll_rtc.o(i.LL_RTC_ExitInitMode) refers to stm32f1xx_ll_rtc.o(i.LL_RTC_IsActiveFlag_RTOF) for LL_RTC_IsActiveFlag_RTOF
    stm32f1xx_ll_rtc.o(i.LL_RTC_ExitInitMode) refers to stm32f1xx_ll_rtc.o(i.LL_SYSTICK_IsActiveCounterFlag) for LL_SYSTICK_IsActiveCounterFlag
    stm32f1xx_ll_rtc.o(i.LL_RTC_Init) refers to main.o(i.assert_failed) for assert_failed
    stm32f1xx_ll_rtc.o(i.LL_RTC_Init) refers to stm32f1xx_ll_rtc.o(i.LL_RTC_WaitForSynchro) for LL_RTC_WaitForSynchro
    stm32f1xx_ll_rtc.o(i.LL_RTC_Init) refers to stm32f1xx_ll_rtc.o(i.LL_RTC_EnterInitMode) for LL_RTC_EnterInitMode
    stm32f1xx_ll_rtc.o(i.LL_RTC_Init) refers to stm32f1xx_ll_rtc.o(i.LL_RTC_ExitInitMode) for LL_RTC_ExitInitMode
    stm32f1xx_ll_rtc.o(i.LL_RTC_TIME_Init) refers to main.o(i.assert_failed) for assert_failed
    stm32f1xx_ll_rtc.o(i.LL_RTC_TIME_Init) refers to stm32f1xx_ll_rtc.o(i.LL_RTC_EnterInitMode) for LL_RTC_EnterInitMode
    stm32f1xx_ll_rtc.o(i.LL_RTC_TIME_Init) refers to stm32f1xx_ll_rtc.o(i.LL_RTC_TIME_Set) for LL_RTC_TIME_Set
    stm32f1xx_ll_rtc.o(i.LL_RTC_TIME_Init) refers to stm32f1xx_ll_rtc.o(i.LL_RTC_ExitInitMode) for LL_RTC_ExitInitMode
    stm32f1xx_ll_rtc.o(i.LL_RTC_TIME_SetCounter) refers to main.o(i.assert_failed) for assert_failed
    stm32f1xx_ll_rtc.o(i.LL_RTC_TIME_SetCounter) refers to stm32f1xx_ll_rtc.o(i.LL_RTC_EnterInitMode) for LL_RTC_EnterInitMode
    stm32f1xx_ll_rtc.o(i.LL_RTC_TIME_SetCounter) refers to stm32f1xx_ll_rtc.o(i.LL_RTC_TIME_Set) for LL_RTC_TIME_Set
    stm32f1xx_ll_rtc.o(i.LL_RTC_TIME_SetCounter) refers to stm32f1xx_ll_rtc.o(i.LL_RTC_ExitInitMode) for LL_RTC_ExitInitMode
    stm32f1xx_ll_rtc.o(i.LL_RTC_WaitForSynchro) refers to main.o(i.assert_failed) for assert_failed
    stm32f1xx_ll_rtc.o(i.LL_RTC_WaitForSynchro) refers to stm32f1xx_ll_rtc.o(i.LL_RTC_ClearFlag_RS) for LL_RTC_ClearFlag_RS
    stm32f1xx_ll_rtc.o(i.LL_RTC_WaitForSynchro) refers to stm32f1xx_ll_rtc.o(i.LL_RTC_IsActiveFlag_RS) for LL_RTC_IsActiveFlag_RS
    stm32f1xx_ll_rtc.o(i.LL_RTC_WaitForSynchro) refers to stm32f1xx_ll_rtc.o(i.LL_SYSTICK_IsActiveCounterFlag) for LL_SYSTICK_IsActiveCounterFlag
    system_stm32f1xx.o(i.SystemCoreClockUpdate) refers to system_stm32f1xx.o(.data) for SystemCoreClock
    system_stm32f1xx.o(i.SystemCoreClockUpdate) refers to system_stm32f1xx.o(.constdata) for AHBPrescTable
    startup_stm32f103xb.o(RESET) refers to startup_stm32f103xb.o(STACK) for __initial_sp
    startup_stm32f103xb.o(RESET) refers to startup_stm32f103xb.o(.text) for Reset_Handler
    startup_stm32f103xb.o(RESET) refers to mytimer.o(i.TIM1_UP_IRQHandler) for TIM1_UP_IRQHandler
    startup_stm32f103xb.o(RESET) refers to mytimer.o(i.TIM2_IRQHandler) for TIM2_IRQHandler
    startup_stm32f103xb.o(RESET) refers to mytimer.o(i.TIM3_IRQHandler) for TIM3_IRQHandler
    startup_stm32f103xb.o(RESET) refers to mytimer.o(i.TIM4_IRQHandler) for TIM4_IRQHandler
    startup_stm32f103xb.o(.text) refers to system_stm32f1xx.o(i.SystemInit) for SystemInit
    startup_stm32f103xb.o(.text) refers to entry.o(.ARM.Collect$$$$00000000) for __main
    entry.o(.ARM.Collect$$$$00000000) refers (Special) to entry10a.o(.ARM.Collect$$$$0000000D) for __rt_final_cpp
    entry.o(.ARM.Collect$$$$00000000) refers (Special) to entry11a.o(.ARM.Collect$$$$0000000F) for __rt_final_exit
    entry.o(.ARM.Collect$$$$00000000) refers (Special) to entry7b.o(.ARM.Collect$$$$00000008) for _main_clock
    entry.o(.ARM.Collect$$$$00000000) refers (Special) to entry8b.o(.ARM.Collect$$$$0000000A) for _main_cpp_init
    entry.o(.ARM.Collect$$$$00000000) refers (Special) to entry9a.o(.ARM.Collect$$$$0000000B) for _main_init
    entry.o(.ARM.Collect$$$$00000000) refers (Special) to entry5.o(.ARM.Collect$$$$00000004) for _main_scatterload
    entry.o(.ARM.Collect$$$$00000000) refers (Special) to entry2.o(.ARM.Collect$$$$00000001) for _main_stk
    dadd.o(.text) refers (Special) to iusefp.o(.text) for __I$use$fp
    dadd.o(.text) refers to llshl.o(.text) for __aeabi_llsl
    dadd.o(.text) refers to llsshr.o(.text) for __aeabi_lasr
    dadd.o(.text) refers to depilogue.o(.text) for _double_epilogue
    dmul.o(.text) refers (Special) to iusefp.o(.text) for __I$use$fp
    dmul.o(.text) refers to depilogue.o(.text) for _double_epilogue
    ddiv.o(.text) refers (Special) to iusefp.o(.text) for __I$use$fp
    ddiv.o(.text) refers to depilogue.o(.text) for _double_round
    fflti.o(.text) refers (Special) to iusefp.o(.text) for __I$use$fp
    fflti.o(.text) refers to fepilogue.o(.text) for _float_epilogue
    ffixi.o(.text) refers (Special) to iusefp.o(.text) for __I$use$fp
    f2d.o(.text) refers (Special) to iusefp.o(.text) for __I$use$fp
    cdcmple.o(.text) refers (Special) to iusefp.o(.text) for __I$use$fp
    cdrcmple.o(.text) refers (Special) to iusefp.o(.text) for __I$use$fp
    d2f.o(.text) refers (Special) to iusefp.o(.text) for __I$use$fp
    d2f.o(.text) refers to fepilogue.o(.text) for _float_round
    cfcmple.o(.text) refers (Special) to iusefp.o(.text) for __I$use$fp
    entry2.o(.ARM.Collect$$$$00000001) refers to entry2.o(.ARM.Collect$$$$00002712) for __lit__00000000
    entry2.o(.ARM.Collect$$$$00002712) refers to startup_stm32f103xb.o(STACK) for __initial_sp
    entry2.o(__vectab_stack_and_reset_area) refers to startup_stm32f103xb.o(STACK) for __initial_sp
    entry2.o(__vectab_stack_and_reset_area) refers to entry.o(.ARM.Collect$$$$00000000) for __main
    entry5.o(.ARM.Collect$$$$00000004) refers to init.o(.text) for __scatterload
    entry9a.o(.ARM.Collect$$$$0000000B) refers to main.o(i.main) for main
    entry9b.o(.ARM.Collect$$$$0000000C) refers to main.o(i.main) for main
    depilogue.o(.text) refers to llshl.o(.text) for __aeabi_llsl
    depilogue.o(.text) refers to llushr.o(.text) for __aeabi_llsr
    init.o(.text) refers to entry5.o(.ARM.Collect$$$$00000004) for __main_after_scatterload


==============================================================================

Removing Unused input sections from the image.

    Removing main.o(.rev16_text), (4 bytes).
    Removing main.o(.revsh_text), (4 bytes).
    Removing main.o(.rrx_text), (6 bytes).
    Removing chrono.o(.rev16_text), (4 bytes).
    Removing chrono.o(.revsh_text), (4 bytes).
    Removing chrono.o(.rrx_text), (6 bytes).
    Removing chrono.o(i.Chrono_Read), (8 bytes).
    Removing chrono.o(i.Chrono_Reset), (20 bytes).
    Removing chrono.o(i.Chrono_Stop), (16 bytes).
    Removing chrono.o(.constdata), (35 bytes).
    Removing mytimer.o(.rev16_text), (4 bytes).
    Removing mytimer.o(.revsh_text), (4 bytes).
    Removing mytimer.o(.rrx_text), (6 bytes).
    Removing mytimer.o(i.MyTimer_IT_Disable), (12 bytes).
    Removing mytimer.o(i.MyTimer_Stop), (12 bytes).
    Removing mytimer.o(.constdata), (35 bytes).
    Removing management.o(.rev16_text), (4 bytes).
    Removing management.o(.revsh_text), (4 bytes).
    Removing management.o(.rrx_text), (6 bytes).
    Removing plateau.o(.rev16_text), (4 bytes).
    Removing plateau.o(.revsh_text), (4 bytes).
    Removing plateau.o(.rrx_text), (6 bytes).
    Removing plateau.o(i.LL_APB1_GRP1_EnableClock), (28 bytes).
    Removing plateau.o(i.LL_APB2_GRP1_EnableClock), (28 bytes).
    Removing plateau.o(i.LL_GPIO_SetPinMode), (44 bytes).
    Removing plateau.o(i.LL_TIM_EnableCounter), (10 bytes).
    Removing plateau.o(i.LL_TIM_OC_SetMode), (108 bytes).
    Removing plateau.o(i.absolu), (22 bytes).
    Removing plateau.o(i.bougerPlateau), (168 bytes).
    Removing plateau.o(i.get_vitesse_sens), (136 bytes).
    Removing plateau.o(i.gpio_RF_init), (40 bytes).
    Removing plateau.o(i.gpio_mcc_init), (76 bytes).
    Removing plateau.o(i.timer_RF_init), (228 bytes).
    Removing plateau.o(i.timer_pwm_mcc_init), (78 bytes).
    Removing plateau.o(.constdata), (35 bytes).
    Removing plateau.o(.data), (12 bytes).
    Removing stm32f1xx_ll_rcc.o(.rev16_text), (4 bytes).
    Removing stm32f1xx_ll_rcc.o(.revsh_text), (4 bytes).
    Removing stm32f1xx_ll_rcc.o(.rrx_text), (6 bytes).
    Removing stm32f1xx_ll_rcc.o(i.LL_RCC_DeInit), (152 bytes).
    Removing stm32f1xx_ll_rcc.o(i.LL_RCC_GetADCClockFreq), (124 bytes).
    Removing stm32f1xx_ll_rcc.o(i.LL_RCC_GetUSBClockFreq), (120 bytes).
    Removing stm32f1xx_ll_rcc.o(i.LL_RCC_PLL_IsReady), (16 bytes).
    Removing stm32f1xx_ll_utils.o(.rev16_text), (4 bytes).
    Removing stm32f1xx_ll_utils.o(.revsh_text), (4 bytes).
    Removing stm32f1xx_ll_utils.o(.rrx_text), (6 bytes).
    Removing stm32f1xx_ll_utils.o(i.LL_PLL_ConfigSystemClock_HSE), (260 bytes).
    Removing stm32f1xx_ll_utils.o(i.LL_PLL_ConfigSystemClock_HSI), (104 bytes).
    Removing stm32f1xx_ll_utils.o(i.LL_RCC_HSE_IsReady), (16 bytes).
    Removing stm32f1xx_ll_utils.o(i.LL_RCC_HSI_IsReady), (16 bytes).
    Removing stm32f1xx_ll_utils.o(i.LL_RCC_PLL_ConfigDomain_SYS), (28 bytes).
    Removing stm32f1xx_ll_utils.o(i.LL_RCC_PLL_IsReady), (16 bytes).
    Removing stm32f1xx_ll_utils.o(i.LL_mDelay), (40 bytes).
    Removing stm32f1xx_ll_utils.o(i.UTILS_EnablePLLAndSwitchSystem), (416 bytes).
    Removing stm32f1xx_ll_utils.o(i.UTILS_GetPLLOutputFrequency), (228 bytes).
    Removing stm32f1xx_ll_utils.o(i.UTILS_PLL_IsBusy), (16 bytes).
    Removing stm32f1xx_ll_utils.o(i.UTILS_SetFlashLatency), (80 bytes).
    Removing stm32f1xx_ll_tim.o(.rev16_text), (4 bytes).
    Removing stm32f1xx_ll_tim.o(.revsh_text), (4 bytes).
    Removing stm32f1xx_ll_tim.o(.rrx_text), (6 bytes).
    Removing stm32f1xx_ll_tim.o(i.IC1Config), (376 bytes).
    Removing stm32f1xx_ll_tim.o(i.IC2Config), (376 bytes).
    Removing stm32f1xx_ll_tim.o(i.IC3Config), (380 bytes).
    Removing stm32f1xx_ll_tim.o(i.IC4Config), (380 bytes).
    Removing stm32f1xx_ll_tim.o(i.LL_APB1_GRP1_ForceReset), (16 bytes).
    Removing stm32f1xx_ll_tim.o(i.LL_APB1_GRP1_ReleaseReset), (16 bytes).
    Removing stm32f1xx_ll_tim.o(i.LL_TIM_BDTR_Init), (312 bytes).
    Removing stm32f1xx_ll_tim.o(i.LL_TIM_BDTR_StructInit), (18 bytes).
    Removing stm32f1xx_ll_tim.o(i.LL_TIM_DeInit), (192 bytes).
    Removing stm32f1xx_ll_tim.o(i.LL_TIM_ENCODER_Init), (688 bytes).
    Removing stm32f1xx_ll_tim.o(i.LL_TIM_ENCODER_StructInit), (36 bytes).
    Removing stm32f1xx_ll_tim.o(i.LL_TIM_HALLSENSOR_Init), (396 bytes).
    Removing stm32f1xx_ll_tim.o(i.LL_TIM_HALLSENSOR_StructInit), (12 bytes).
    Removing stm32f1xx_ll_tim.o(i.LL_TIM_IC_Init), (92 bytes).
    Removing stm32f1xx_ll_tim.o(i.LL_TIM_IC_StructInit), (18 bytes).
    Removing stm32f1xx_ll_tim.o(i.LL_TIM_OC_Init), (92 bytes).
    Removing stm32f1xx_ll_tim.o(i.LL_TIM_OC_SetCompareCH2), (4 bytes).
    Removing stm32f1xx_ll_tim.o(i.LL_TIM_OC_StructInit), (20 bytes).
    Removing stm32f1xx_ll_tim.o(i.LL_TIM_StructInit), (18 bytes).
    Removing stm32f1xx_ll_tim.o(i.OC1Config), (404 bytes).
    Removing stm32f1xx_ll_tim.o(i.OC2Config), (404 bytes).
    Removing stm32f1xx_ll_tim.o(i.OC3Config), (404 bytes).
    Removing stm32f1xx_ll_tim.o(i.OC4Config), (372 bytes).
    Removing stm32f1xx_ll_tim.o(.constdata), (35 bytes).
    Removing stm32f1xx_ll_adc.o(.rev16_text), (4 bytes).
    Removing stm32f1xx_ll_adc.o(.revsh_text), (4 bytes).
    Removing stm32f1xx_ll_adc.o(.rrx_text), (6 bytes).
    Removing stm32f1xx_ll_adc.o(i.LL_ADC_CommonDeInit), (100 bytes).
    Removing stm32f1xx_ll_adc.o(i.LL_ADC_CommonStructInit), (6 bytes).
    Removing stm32f1xx_ll_adc.o(i.LL_ADC_DeInit), (272 bytes).
    Removing stm32f1xx_ll_adc.o(i.LL_ADC_INJ_Init), (316 bytes).
    Removing stm32f1xx_ll_adc.o(i.LL_ADC_INJ_StructInit), (16 bytes).
    Removing stm32f1xx_ll_adc.o(i.LL_ADC_REG_StructInit), (18 bytes).
    Removing stm32f1xx_ll_adc.o(i.LL_ADC_StructInit), (12 bytes).
    Removing stm32f1xx_ll_gpio.o(.rev16_text), (4 bytes).
    Removing stm32f1xx_ll_gpio.o(.revsh_text), (4 bytes).
    Removing stm32f1xx_ll_gpio.o(.rrx_text), (6 bytes).
    Removing stm32f1xx_ll_gpio.o(i.LL_APB2_GRP1_ForceReset), (16 bytes).
    Removing stm32f1xx_ll_gpio.o(i.LL_APB2_GRP1_ReleaseReset), (16 bytes).
    Removing stm32f1xx_ll_gpio.o(i.LL_GPIO_DeInit), (212 bytes).
    Removing stm32f1xx_ll_gpio.o(i.LL_GPIO_StructInit), (24 bytes).
    Removing stm32f1xx_ll_usart.o(.rev16_text), (4 bytes).
    Removing stm32f1xx_ll_usart.o(.revsh_text), (4 bytes).
    Removing stm32f1xx_ll_usart.o(.rrx_text), (6 bytes).
    Removing stm32f1xx_ll_usart.o(i.LL_APB1_GRP1_ForceReset), (16 bytes).
    Removing stm32f1xx_ll_usart.o(i.LL_APB1_GRP1_ReleaseReset), (16 bytes).
    Removing stm32f1xx_ll_usart.o(i.LL_USART_ClockInit), (276 bytes).
    Removing stm32f1xx_ll_usart.o(i.LL_USART_ClockStructInit), (12 bytes).
    Removing stm32f1xx_ll_usart.o(i.LL_USART_DeInit), (180 bytes).
    Removing stm32f1xx_ll_usart.o(i.LL_USART_StructInit), (24 bytes).
    Removing stm32f1xx_ll_i2c.o(.rev16_text), (4 bytes).
    Removing stm32f1xx_ll_i2c.o(.revsh_text), (4 bytes).
    Removing stm32f1xx_ll_i2c.o(.rrx_text), (6 bytes).
    Removing stm32f1xx_ll_i2c.o(i.LL_APB1_GRP1_ForceReset), (16 bytes).
    Removing stm32f1xx_ll_i2c.o(i.LL_APB1_GRP1_ReleaseReset), (16 bytes).
    Removing stm32f1xx_ll_i2c.o(i.LL_I2C_ConfigSpeed), (188 bytes).
    Removing stm32f1xx_ll_i2c.o(i.LL_I2C_DeInit), (128 bytes).
    Removing stm32f1xx_ll_i2c.o(i.LL_I2C_Init), (316 bytes).
    Removing stm32f1xx_ll_i2c.o(i.LL_I2C_StructInit), (26 bytes).
    Removing stm32f1xx_ll_rtc.o(.rev16_text), (4 bytes).
    Removing stm32f1xx_ll_rtc.o(.revsh_text), (4 bytes).
    Removing stm32f1xx_ll_rtc.o(.rrx_text), (6 bytes).
    Removing stm32f1xx_ll_rtc.o(i.LL_RTC_ALARM_Init), (404 bytes).
    Removing stm32f1xx_ll_rtc.o(i.LL_RTC_ALARM_Set), (10 bytes).
    Removing stm32f1xx_ll_rtc.o(i.LL_RTC_ALARM_SetCounter), (96 bytes).
    Removing stm32f1xx_ll_rtc.o(i.LL_RTC_ALARM_StructInit), (10 bytes).
    Removing stm32f1xx_ll_rtc.o(i.LL_RTC_ClearFlag_RS), (10 bytes).
    Removing stm32f1xx_ll_rtc.o(i.LL_RTC_DeInit), (160 bytes).
    Removing stm32f1xx_ll_rtc.o(i.LL_RTC_DisableWriteProtection), (10 bytes).
    Removing stm32f1xx_ll_rtc.o(i.LL_RTC_EnableWriteProtection), (10 bytes).
    Removing stm32f1xx_ll_rtc.o(i.LL_RTC_EnterInitMode), (128 bytes).
    Removing stm32f1xx_ll_rtc.o(i.LL_RTC_ExitInitMode), (128 bytes).
    Removing stm32f1xx_ll_rtc.o(i.LL_RTC_Init), (260 bytes).
    Removing stm32f1xx_ll_rtc.o(i.LL_RTC_IsActiveFlag_RS), (10 bytes).
    Removing stm32f1xx_ll_rtc.o(i.LL_RTC_IsActiveFlag_RTOF), (10 bytes).
    Removing stm32f1xx_ll_rtc.o(i.LL_RTC_StructInit), (12 bytes).
    Removing stm32f1xx_ll_rtc.o(i.LL_RTC_TIME_Init), (388 bytes).
    Removing stm32f1xx_ll_rtc.o(i.LL_RTC_TIME_Set), (10 bytes).
    Removing stm32f1xx_ll_rtc.o(i.LL_RTC_TIME_SetCounter), (96 bytes).
    Removing stm32f1xx_ll_rtc.o(i.LL_RTC_TIME_StructInit), (10 bytes).
    Removing stm32f1xx_ll_rtc.o(i.LL_RTC_WaitForSynchro), (128 bytes).
    Removing stm32f1xx_ll_rtc.o(i.LL_SYSTICK_IsActiveCounterFlag), (12 bytes).
    Removing system_stm32f1xx.o(.rev16_text), (4 bytes).
    Removing system_stm32f1xx.o(.revsh_text), (4 bytes).
    Removing system_stm32f1xx.o(.rrx_text), (6 bytes).
    Removing system_stm32f1xx.o(i.SystemCoreClockUpdate), (164 bytes).
    Removing startup_stm32f103xb.o(HEAP), (512 bytes).
    Removing dadd.o(.text), (334 bytes).
    Removing dmul.o(.text), (228 bytes).
    Removing ddiv.o(.text), (222 bytes).
    Removing fflti.o(.text), (18 bytes).
    Removing ffixi.o(.text), (50 bytes).
    Removing f2d.o(.text), (38 bytes).
    Removing cdcmple.o(.text), (48 bytes).
    Removing cdrcmple.o(.text), (48 bytes).
    Removing d2f.o(.text), (56 bytes).
    Removing cfcmple.o(.text), (20 bytes).
    Removing fepilogue.o(.text), (110 bytes).
    Removing depilogue.o(.text), (186 bytes).

159 unused section(s) (total 14198 bytes) removed from the image.

==============================================================================

Image Symbol Table

    Local Symbols

    Symbol Name                              Value     Ov Type        Size  Object(Section)

    ../Src/main.c                            0x00000000   Number         0  main.o ABSOLUTE
    ../Src/system_stm32f1xx.c                0x00000000   Number         0  system_stm32f1xx.o ABSOLUTE
    ../clib/microlib/init/entry.s            0x00000000   Number         0  entry11a.o ABSOLUTE
    ../clib/microlib/init/entry.s            0x00000000   Number         0  entry11b.o ABSOLUTE
    ../clib/microlib/init/entry.s            0x00000000   Number         0  entry9a.o ABSOLUTE
    ../clib/microlib/init/entry.s            0x00000000   Number         0  entry10b.o ABSOLUTE
    ../clib/microlib/init/entry.s            0x00000000   Number         0  entry10a.o ABSOLUTE
    ../clib/microlib/init/entry.s            0x00000000   Number         0  entry9b.o ABSOLUTE
    ../clib/microlib/init/entry.s            0x00000000   Number         0  entry8b.o ABSOLUTE
    ../clib/microlib/init/entry.s            0x00000000   Number         0  entry8a.o ABSOLUTE
    ../clib/microlib/init/entry.s            0x00000000   Number         0  entry7b.o ABSOLUTE
    ../clib/microlib/init/entry.s            0x00000000   Number         0  entry7a.o ABSOLUTE
    ../clib/microlib/init/entry.s            0x00000000   Number         0  entry5.o ABSOLUTE
    ../clib/microlib/init/entry.s            0x00000000   Number         0  entry2.o ABSOLUTE
    ../clib/microlib/init/entry.s            0x00000000   Number         0  entry.o ABSOLUTE
    ../clib/microlib/longlong.c              0x00000000   Number         0  llsshr.o ABSOLUTE
    ../clib/microlib/longlong.c              0x00000000   Number         0  llshl.o ABSOLUTE
    ../clib/microlib/longlong.c              0x00000000   Number         0  llushr.o ABSOLUTE
    ../clib/microlib/string/memcpy.c         0x00000000   Number         0  memcpya.o ABSOLUTE
    ../clib/microlib/string/memcpy.c         0x00000000   Number         0  memcpyb.o ABSOLUTE
    ../clib/microlib/stubs.s                 0x00000000   Number         0  iusefp.o ABSOLUTE
    ../fplib/microlib/d2f.c                  0x00000000   Number         0  d2f.o ABSOLUTE
    ../fplib/microlib/f2d.c                  0x00000000   Number         0  f2d.o ABSOLUTE
    ../fplib/microlib/fpadd.c                0x00000000   Number         0  dadd.o ABSOLUTE
    ../fplib/microlib/fpdiv.c                0x00000000   Number         0  ddiv.o ABSOLUTE
    ../fplib/microlib/fpepilogue.c           0x00000000   Number         0  depilogue.o ABSOLUTE
    ../fplib/microlib/fpepilogue.c           0x00000000   Number         0  fepilogue.o ABSOLUTE
    ../fplib/microlib/fpfix.c                0x00000000   Number         0  ffixi.o ABSOLUTE
    ../fplib/microlib/fpflt.c                0x00000000   Number         0  fflti.o ABSOLUTE
    ../fplib/microlib/fpmul.c                0x00000000   Number         0  dmul.o ABSOLUTE
    ..\LLDrivers\src\stm32f1xx_ll_adc.c      0x00000000   Number         0  stm32f1xx_ll_adc.o ABSOLUTE
    ..\LLDrivers\src\stm32f1xx_ll_gpio.c     0x00000000   Number         0  stm32f1xx_ll_gpio.o ABSOLUTE
    ..\LLDrivers\src\stm32f1xx_ll_i2c.c      0x00000000   Number         0  stm32f1xx_ll_i2c.o ABSOLUTE
    ..\LLDrivers\src\stm32f1xx_ll_rcc.c      0x00000000   Number         0  stm32f1xx_ll_rcc.o ABSOLUTE
    ..\LLDrivers\src\stm32f1xx_ll_rtc.c      0x00000000   Number         0  stm32f1xx_ll_rtc.o ABSOLUTE
    ..\LLDrivers\src\stm32f1xx_ll_tim.c      0x00000000   Number         0  stm32f1xx_ll_tim.o ABSOLUTE
    ..\LLDrivers\src\stm32f1xx_ll_usart.c    0x00000000   Number         0  stm32f1xx_ll_usart.o ABSOLUTE
    ..\LLDrivers\src\stm32f1xx_ll_utils.c    0x00000000   Number         0  stm32f1xx_ll_utils.o ABSOLUTE
    ..\MyDrivers\Accelerometre.c             0x00000000   Number         0  accelerometre.o ABSOLUTE
    ..\MyDrivers\Girouette.c                 0x00000000   Number         0  girouette.o ABSOLUTE
    ..\MyDrivers\Management.c                0x00000000   Number         0  management.o ABSOLUTE
    ..\MyDrivers\MyTimer.c                   0x00000000   Number         0  mytimer.o ABSOLUTE
    ..\MyDrivers\plateau.c                   0x00000000   Number         0  plateau.o ABSOLUTE
    ..\Services\Chrono.c                     0x00000000   Number         0  chrono.o ABSOLUTE
    ..\Src\main.c                            0x00000000   Number         0  main.o ABSOLUTE
    ..\Src\system_stm32f1xx.c                0x00000000   Number         0  system_stm32f1xx.o ABSOLUTE
    ..\\LLDrivers\\src\\stm32f1xx_ll_adc.c   0x00000000   Number         0  stm32f1xx_ll_adc.o ABSOLUTE
    ..\\LLDrivers\\src\\stm32f1xx_ll_gpio.c  0x00000000   Number         0  stm32f1xx_ll_gpio.o ABSOLUTE
    ..\\LLDrivers\\src\\stm32f1xx_ll_i2c.c   0x00000000   Number         0  stm32f1xx_ll_i2c.o ABSOLUTE
    ..\\LLDrivers\\src\\stm32f1xx_ll_rcc.c   0x00000000   Number         0  stm32f1xx_ll_rcc.o ABSOLUTE
    ..\\LLDrivers\\src\\stm32f1xx_ll_rtc.c   0x00000000   Number         0  stm32f1xx_ll_rtc.o ABSOLUTE
    ..\\LLDrivers\\src\\stm32f1xx_ll_tim.c   0x00000000   Number         0  stm32f1xx_ll_tim.o ABSOLUTE
    ..\\LLDrivers\\src\\stm32f1xx_ll_usart.c 0x00000000   Number         0  stm32f1xx_ll_usart.o ABSOLUTE
    ..\\LLDrivers\\src\\stm32f1xx_ll_utils.c 0x00000000   Number         0  stm32f1xx_ll_utils.o ABSOLUTE
    ..\\MyDrivers\\Management.c              0x00000000   Number         0  management.o ABSOLUTE
    ..\\MyDrivers\\MyTimer.c                 0x00000000   Number         0  mytimer.o ABSOLUTE
    ..\\MyDrivers\\plateau.c                 0x00000000   Number         0  plateau.o ABSOLUTE
    ..\\Services\\Chrono.c                   0x00000000   Number         0  chrono.o ABSOLUTE
    cdcmple.s                                0x00000000   Number         0  cdcmple.o ABSOLUTE
    cdrcmple.s                               0x00000000   Number         0  cdrcmple.o ABSOLUTE
    cfcmple.s                                0x00000000   Number         0  cfcmple.o ABSOLUTE
    dc.s                                     0x00000000   Number         0  dc.o ABSOLUTE
    handlers.s                               0x00000000   Number         0  handlers.o ABSOLUTE
    init.s                                   0x00000000   Number         0  init.o ABSOLUTE
    startup_stm32f103xb.s                    0x00000000   Number         0  startup_stm32f103xb.o ABSOLUTE
    RESET                                    0x08000000   Section      236  startup_stm32f103xb.o(RESET)
    .ARM.Collect$$$$00000000                 0x080000ec   Section        0  entry.o(.ARM.Collect$$$$00000000)
    .ARM.Collect$$$$00000001                 0x080000ec   Section        4  entry2.o(.ARM.Collect$$$$00000001)
    .ARM.Collect$$$$00000004                 0x080000f0   Section        4  entry5.o(.ARM.Collect$$$$00000004)
    .ARM.Collect$$$$00000008                 0x080000f4   Section        0  entry7b.o(.ARM.Collect$$$$00000008)
    .ARM.Collect$$$$0000000A                 0x080000f4   Section        0  entry8b.o(.ARM.Collect$$$$0000000A)
    .ARM.Collect$$$$0000000B                 0x080000f4   Section        8  entry9a.o(.ARM.Collect$$$$0000000B)
    .ARM.Collect$$$$0000000D                 0x080000fc   Section        0  entry10a.o(.ARM.Collect$$$$0000000D)
    .ARM.Collect$$$$0000000F                 0x080000fc   Section        0  entry11a.o(.ARM.Collect$$$$0000000F)
    .ARM.Collect$$$$00002712                 0x080000fc   Section        4  entry2.o(.ARM.Collect$$$$00002712)
    __lit__00000000                          0x080000fc   Data           4  entry2.o(.ARM.Collect$$$$00002712)
    .text                                    0x08000100   Section       36  startup_stm32f103xb.o(.text)
    .text                                    0x08000124   Section        0  memcpya.o(.text)
    .text                                    0x08000148   Section       36  init.o(.text)
    i.Adc_Conf                               0x0800016c   Section        0  management.o(i.Adc_Conf)
    i.Chrono_Background                      0x08000264   Section        0  chrono.o(i.Chrono_Background)
    i.Chrono_Conf                            0x080002a4   Section        0  chrono.o(i.Chrono_Conf)
    i.Chrono_Start                           0x080002fc   Section        0  chrono.o(i.Chrono_Start)
    i.Chrono_Task_10ms                       0x0800030c   Section        0  chrono.o(i.Chrono_Task_10ms)
    i.LL_ADC_CommonInit                      0x0800036c   Section        0  stm32f1xx_ll_adc.o(i.LL_ADC_CommonInit)
    i.LL_ADC_Init                            0x08000444   Section        0  stm32f1xx_ll_adc.o(i.LL_ADC_Init)
    i.LL_ADC_IsEnabled                       0x080004e8   Section        0  stm32f1xx_ll_adc.o(i.LL_ADC_IsEnabled)
    LL_ADC_IsEnabled                         0x080004e9   Thumb Code    10  stm32f1xx_ll_adc.o(i.LL_ADC_IsEnabled)
    i.LL_ADC_REG_Init                        0x080004f4   Section        0  stm32f1xx_ll_adc.o(i.LL_ADC_REG_Init)
    i.LL_APB1_GRP1_EnableClock               0x080006ec   Section        0  mytimer.o(i.LL_APB1_GRP1_EnableClock)
    LL_APB1_GRP1_EnableClock                 0x080006ed   Thumb Code    24  mytimer.o(i.LL_APB1_GRP1_EnableClock)
    i.LL_APB2_GRP1_EnableClock               0x08000708   Section        0  management.o(i.LL_APB2_GRP1_EnableClock)
    LL_APB2_GRP1_EnableClock                 0x08000709   Thumb Code    24  management.o(i.LL_APB2_GRP1_EnableClock)
    i.LL_GPIO_Init                           0x08000724   Section        0  stm32f1xx_ll_gpio.o(i.LL_GPIO_Init)
    i.LL_Init1msTick                         0x0800091c   Section        0  stm32f1xx_ll_utils.o(i.LL_Init1msTick)
    i.LL_RCC_GetSystemClocksFreq             0x08000938   Section        0  stm32f1xx_ll_rcc.o(i.LL_RCC_GetSystemClocksFreq)
    i.LL_SetSystemCoreClock                  0x0800095c   Section        0  stm32f1xx_ll_utils.o(i.LL_SetSystemCoreClock)
    i.LL_TIM_ClearFlag_UPDATE                0x08000968   Section        0  mytimer.o(i.LL_TIM_ClearFlag_UPDATE)
    LL_TIM_ClearFlag_UPDATE                  0x08000969   Thumb Code     8  mytimer.o(i.LL_TIM_ClearFlag_UPDATE)
    i.LL_TIM_DisableCounter                  0x08000970   Section        0  mytimer.o(i.LL_TIM_DisableCounter)
    LL_TIM_DisableCounter                    0x08000971   Thumb Code    10  mytimer.o(i.LL_TIM_DisableCounter)
    i.LL_TIM_DisableIT_UPDATE                0x0800097a   Section        0  mytimer.o(i.LL_TIM_DisableIT_UPDATE)
    LL_TIM_DisableIT_UPDATE                  0x0800097b   Thumb Code    10  mytimer.o(i.LL_TIM_DisableIT_UPDATE)
    i.LL_TIM_Init                            0x08000984   Section        0  stm32f1xx_ll_tim.o(i.LL_TIM_Init)
    i.LL_USART_Init                          0x08000a98   Section        0  stm32f1xx_ll_usart.o(i.LL_USART_Init)
    i.LL_USART_IsActiveFlag_TC               0x08000c48   Section        0  management.o(i.LL_USART_IsActiveFlag_TC)
    LL_USART_IsActiveFlag_TC                 0x08000c49   Thumb Code    10  management.o(i.LL_USART_IsActiveFlag_TC)
    i.LL_USART_IsEnabled                     0x08000c52   Section        0  stm32f1xx_ll_usart.o(i.LL_USART_IsEnabled)
    LL_USART_IsEnabled                       0x08000c53   Thumb Code    10  stm32f1xx_ll_usart.o(i.LL_USART_IsEnabled)
    i.LL_USART_SetBaudRate                   0x08000c5c   Section        0  stm32f1xx_ll_usart.o(i.LL_USART_SetBaudRate)
    LL_USART_SetBaudRate                     0x08000c5d   Thumb Code   158  stm32f1xx_ll_usart.o(i.LL_USART_SetBaudRate)
    i.LL_USART_TransmitData8                 0x08000cfa   Section        0  management.o(i.LL_USART_TransmitData8)
    LL_USART_TransmitData8                   0x08000cfb   Thumb Code     4  management.o(i.LL_USART_TransmitData8)
    i.MyTimer_Conf                           0x08000d00   Section        0  mytimer.o(i.MyTimer_Conf)
    i.MyTimer_IT_Conf                        0x08000d84   Section        0  mytimer.o(i.MyTimer_IT_Conf)
    i.MyTimer_IT_Enable                      0x08000e4c   Section        0  mytimer.o(i.MyTimer_IT_Enable)
    i.MyTimer_Start                          0x08000e5a   Section        0  mytimer.o(i.MyTimer_Start)
    i.RCC_GetHCLKClockFreq                   0x08000e68   Section        0  stm32f1xx_ll_rcc.o(i.RCC_GetHCLKClockFreq)
    i.RCC_GetPCLK1ClockFreq                  0x08000e88   Section        0  stm32f1xx_ll_rcc.o(i.RCC_GetPCLK1ClockFreq)
    i.RCC_GetPCLK2ClockFreq                  0x08000eac   Section        0  stm32f1xx_ll_rcc.o(i.RCC_GetPCLK2ClockFreq)
    i.RCC_GetSystemClockFreq                 0x08000ed0   Section        0  stm32f1xx_ll_rcc.o(i.RCC_GetSystemClockFreq)
    i.RCC_PLL_GetFreqDomain_SYS              0x08000f0c   Section        0  stm32f1xx_ll_rcc.o(i.RCC_PLL_GetFreqDomain_SYS)
    i.SystemClock_Config                     0x08000f64   Section        0  main.o(i.SystemClock_Config)
    i.SystemInit                             0x08001054   Section        0  system_stm32f1xx.o(i.SystemInit)
    i.TIM1_UP_IRQHandler                     0x080010ac   Section        0  mytimer.o(i.TIM1_UP_IRQHandler)
    i.TIM2_IRQHandler                        0x080010c4   Section        0  mytimer.o(i.TIM2_IRQHandler)
    i.TIM3_IRQHandler                        0x080010dc   Section        0  mytimer.o(i.TIM3_IRQHandler)
    i.TIM4_IRQHandler                        0x080010f4   Section        0  mytimer.o(i.TIM4_IRQHandler)
    i.Usart_conf                             0x0800110c   Section        0  management.o(i.Usart_conf)
    i.Usart_sendBatInfo                      0x080011ac   Section        0  management.o(i.Usart_sendBatInfo)
    i.__scatterload_copy                     0x0800126c   Section       14  handlers.o(i.__scatterload_copy)
    i.__scatterload_null                     0x0800127a   Section        2  handlers.o(i.__scatterload_null)
    i.__scatterload_zeroinit                 0x0800127c   Section       14  handlers.o(i.__scatterload_zeroinit)
    i.assert_failed                          0x0800128a   Section        0  main.o(i.assert_failed)
    i.getAlimentationState                   0x08001290   Section        0  management.o(i.getAlimentationState)
    i.main                                   0x080012c0   Section        0  main.o(i.main)
    i.send2b                                 0x080012dc   Section        0  management.o(i.send2b)
    i.send_char                              0x08001324   Section        0  management.o(i.send_char)
    i.send_time                              0x08001340   Section        0  management.o(i.send_time)
    i.usart_sendClearMessage                 0x080013a0   Section        0  management.o(i.usart_sendClearMessage)
    .constdata                               0x08001470   Section      408  management.o(.constdata)
    OFFSET_TAB_CCMRx                         0x08001470   Data           7  management.o(.constdata)
    SHIFT_TAB_OCxx                           0x08001477   Data           7  management.o(.constdata)
    SHIFT_TAB_ICxx                           0x0800147e   Data           7  management.o(.constdata)
    SHIFT_TAB_CCxP                           0x08001485   Data           7  management.o(.constdata)
    SHIFT_TAB_OISx                           0x0800148c   Data           7  management.o(.constdata)
    .constdata                               0x08001608   Section       24  system_stm32f1xx.o(.constdata)
    .data                                    0x20000000   Section       14  chrono.o(.data)
    Chrono_Time                              0x20000000   Data           4  chrono.o(.data)
    Chrono_Timer                             0x20000004   Data           4  chrono.o(.data)
    cpt                                      0x20000008   Data           4  chrono.o(.data)
    voltage                                  0x2000000c   Data           2  chrono.o(.data)
    .data                                    0x20000010   Section       16  mytimer.o(.data)
    .data                                    0x20000020   Section        4  system_stm32f1xx.o(.data)
    STACK                                    0x20000028   Section     1024  startup_stm32f103xb.o(STACK)

    Global Symbols

    Symbol Name                              Value     Ov Type        Size  Object(Section)

    BuildAttributes$$THM_ISAv4$P$D$K$B$S$PE$A:L22UL41UL21$X:L11$S22US41US21$IEEE1$IW$USESV6$~STKCKD$USESV7$~SHL$OTIME$ROPI$EBA8$MICROLIB$REQ8$PRES8$EABIv2 0x00000000   Number         0  anon$$obj.o ABSOLUTE
    __ARM_use_no_argv                        0x00000000   Number         0  main.o ABSOLUTE
    __cpp_initialize__aeabi_                  - Undefined Weak Reference
    __cxa_finalize                            - Undefined Weak Reference
    __decompress                              - Undefined Weak Reference
    _clock_init                               - Undefined Weak Reference
    _microlib_exit                            - Undefined Weak Reference
    __Vectors_Size                           0x000000ec   Number         0  startup_stm32f103xb.o ABSOLUTE
    __Vectors                                0x08000000   Data           4  startup_stm32f103xb.o(RESET)
    __Vectors_End                            0x080000ec   Data           0  startup_stm32f103xb.o(RESET)
    __main                                   0x080000ed   Thumb Code     0  entry.o(.ARM.Collect$$$$00000000)
    _main_stk                                0x080000ed   Thumb Code     0  entry2.o(.ARM.Collect$$$$00000001)
    _main_scatterload                        0x080000f1   Thumb Code     0  entry5.o(.ARM.Collect$$$$00000004)
    __main_after_scatterload                 0x080000f5   Thumb Code     0  entry5.o(.ARM.Collect$$$$00000004)
    _main_clock                              0x080000f5   Thumb Code     0  entry7b.o(.ARM.Collect$$$$00000008)
    _main_cpp_init                           0x080000f5   Thumb Code     0  entry8b.o(.ARM.Collect$$$$0000000A)
    _main_init                               0x080000f5   Thumb Code     0  entry9a.o(.ARM.Collect$$$$0000000B)
    __rt_final_cpp                           0x080000fd   Thumb Code     0  entry10a.o(.ARM.Collect$$$$0000000D)
    __rt_final_exit                          0x080000fd   Thumb Code     0  entry11a.o(.ARM.Collect$$$$0000000F)
    Reset_Handler                            0x08000101   Thumb Code     8  startup_stm32f103xb.o(.text)
    NMI_Handler                              0x08000109   Thumb Code     2  startup_stm32f103xb.o(.text)
    HardFault_Handler                        0x0800010b   Thumb Code     2  startup_stm32f103xb.o(.text)
    MemManage_Handler                        0x0800010d   Thumb Code     2  startup_stm32f103xb.o(.text)
    BusFault_Handler                         0x0800010f   Thumb Code     2  startup_stm32f103xb.o(.text)
    UsageFault_Handler                       0x08000111   Thumb Code     2  startup_stm32f103xb.o(.text)
    SVC_Handler                              0x08000113   Thumb Code     2  startup_stm32f103xb.o(.text)
    DebugMon_Handler                         0x08000115   Thumb Code     2  startup_stm32f103xb.o(.text)
    PendSV_Handler                           0x08000117   Thumb Code     2  startup_stm32f103xb.o(.text)
    SysTick_Handler                          0x08000119   Thumb Code     2  startup_stm32f103xb.o(.text)
    ADC1_2_IRQHandler                        0x0800011b   Thumb Code     0  startup_stm32f103xb.o(.text)
    CAN1_RX1_IRQHandler                      0x0800011b   Thumb Code     0  startup_stm32f103xb.o(.text)
    CAN1_SCE_IRQHandler                      0x0800011b   Thumb Code     0  startup_stm32f103xb.o(.text)
    DMA1_Channel1_IRQHandler                 0x0800011b   Thumb Code     0  startup_stm32f103xb.o(.text)
    DMA1_Channel2_IRQHandler                 0x0800011b   Thumb Code     0  startup_stm32f103xb.o(.text)
    DMA1_Channel3_IRQHandler                 0x0800011b   Thumb Code     0  startup_stm32f103xb.o(.text)
    DMA1_Channel4_IRQHandler                 0x0800011b   Thumb Code     0  startup_stm32f103xb.o(.text)
    DMA1_Channel5_IRQHandler                 0x0800011b   Thumb Code     0  startup_stm32f103xb.o(.text)
    DMA1_Channel6_IRQHandler                 0x0800011b   Thumb Code     0  startup_stm32f103xb.o(.text)
    DMA1_Channel7_IRQHandler                 0x0800011b   Thumb Code     0  startup_stm32f103xb.o(.text)
    EXTI0_IRQHandler                         0x0800011b   Thumb Code     0  startup_stm32f103xb.o(.text)
    EXTI15_10_IRQHandler                     0x0800011b   Thumb Code     0  startup_stm32f103xb.o(.text)
    EXTI1_IRQHandler                         0x0800011b   Thumb Code     0  startup_stm32f103xb.o(.text)
    EXTI2_IRQHandler                         0x0800011b   Thumb Code     0  startup_stm32f103xb.o(.text)
    EXTI3_IRQHandler                         0x0800011b   Thumb Code     0  startup_stm32f103xb.o(.text)
    EXTI4_IRQHandler                         0x0800011b   Thumb Code     0  startup_stm32f103xb.o(.text)
    EXTI9_5_IRQHandler                       0x0800011b   Thumb Code     0  startup_stm32f103xb.o(.text)
    FLASH_IRQHandler                         0x0800011b   Thumb Code     0  startup_stm32f103xb.o(.text)
    I2C1_ER_IRQHandler                       0x0800011b   Thumb Code     0  startup_stm32f103xb.o(.text)
    I2C1_EV_IRQHandler                       0x0800011b   Thumb Code     0  startup_stm32f103xb.o(.text)
    I2C2_ER_IRQHandler                       0x0800011b   Thumb Code     0  startup_stm32f103xb.o(.text)
    I2C2_EV_IRQHandler                       0x0800011b   Thumb Code     0  startup_stm32f103xb.o(.text)
    PVD_IRQHandler                           0x0800011b   Thumb Code     0  startup_stm32f103xb.o(.text)
    RCC_IRQHandler                           0x0800011b   Thumb Code     0  startup_stm32f103xb.o(.text)
    RTC_Alarm_IRQHandler                     0x0800011b   Thumb Code     0  startup_stm32f103xb.o(.text)
    RTC_IRQHandler                           0x0800011b   Thumb Code     0  startup_stm32f103xb.o(.text)
    SPI1_IRQHandler                          0x0800011b   Thumb Code     0  startup_stm32f103xb.o(.text)
    SPI2_IRQHandler                          0x0800011b   Thumb Code     0  startup_stm32f103xb.o(.text)
    TAMPER_IRQHandler                        0x0800011b   Thumb Code     0  startup_stm32f103xb.o(.text)
    TIM1_BRK_IRQHandler                      0x0800011b   Thumb Code     0  startup_stm32f103xb.o(.text)
    TIM1_CC_IRQHandler                       0x0800011b   Thumb Code     0  startup_stm32f103xb.o(.text)
    TIM1_TRG_COM_IRQHandler                  0x0800011b   Thumb Code     0  startup_stm32f103xb.o(.text)
    USART1_IRQHandler                        0x0800011b   Thumb Code     0  startup_stm32f103xb.o(.text)
    USART2_IRQHandler                        0x0800011b   Thumb Code     0  startup_stm32f103xb.o(.text)
    USART3_IRQHandler                        0x0800011b   Thumb Code     0  startup_stm32f103xb.o(.text)
    USBWakeUp_IRQHandler                     0x0800011b   Thumb Code     0  startup_stm32f103xb.o(.text)
    USB_HP_CAN1_TX_IRQHandler                0x0800011b   Thumb Code     0  startup_stm32f103xb.o(.text)
    USB_LP_CAN1_RX0_IRQHandler               0x0800011b   Thumb Code     0  startup_stm32f103xb.o(.text)
    WWDG_IRQHandler                          0x0800011b   Thumb Code     0  startup_stm32f103xb.o(.text)
    __aeabi_memcpy                           0x08000125   Thumb Code    36  memcpya.o(.text)
    __aeabi_memcpy4                          0x08000125   Thumb Code     0  memcpya.o(.text)
    __aeabi_memcpy8                          0x08000125   Thumb Code     0  memcpya.o(.text)
    __scatterload                            0x08000149   Thumb Code    28  init.o(.text)
    __scatterload_rt2                        0x08000149   Thumb Code     0  init.o(.text)
    Adc_Conf                                 0x0800016d   Thumb Code   232  management.o(i.Adc_Conf)
    Chrono_Background                        0x08000265   Thumb Code    50  chrono.o(i.Chrono_Background)
    Chrono_Conf                              0x080002a5   Thumb Code    68  chrono.o(i.Chrono_Conf)
    Chrono_Start                             0x080002fd   Thumb Code    12  chrono.o(i.Chrono_Start)
    Chrono_Task_10ms                         0x0800030d   Thumb Code    86  chrono.o(i.Chrono_Task_10ms)
    LL_ADC_CommonInit                        0x0800036d   Thumb Code   170  stm32f1xx_ll_adc.o(i.LL_ADC_CommonInit)
    LL_ADC_Init                              0x08000445   Thumb Code   120  stm32f1xx_ll_adc.o(i.LL_ADC_Init)
    LL_ADC_REG_Init                          0x080004f5   Thumb Code   454  stm32f1xx_ll_adc.o(i.LL_ADC_REG_Init)
    LL_GPIO_Init                             0x08000725   Thumb Code   442  stm32f1xx_ll_gpio.o(i.LL_GPIO_Init)
    LL_Init1msTick                           0x0800091d   Thumb Code    28  stm32f1xx_ll_utils.o(i.LL_Init1msTick)
    LL_RCC_GetSystemClocksFreq               0x08000939   Thumb Code    36  stm32f1xx_ll_rcc.o(i.LL_RCC_GetSystemClocksFreq)
    LL_SetSystemCoreClock                    0x0800095d   Thumb Code     6  stm32f1xx_ll_utils.o(i.LL_SetSystemCoreClock)
    LL_TIM_Init                              0x08000985   Thumb Code   228  stm32f1xx_ll_tim.o(i.LL_TIM_Init)
    LL_USART_Init                            0x08000a99   Thumb Code   376  stm32f1xx_ll_usart.o(i.LL_USART_Init)
    MyTimer_Conf                             0x08000d01   Thumb Code   118  mytimer.o(i.MyTimer_Conf)
    MyTimer_IT_Conf                          0x08000d85   Thumb Code   166  mytimer.o(i.MyTimer_IT_Conf)
    MyTimer_IT_Enable                        0x08000e4d   Thumb Code    14  mytimer.o(i.MyTimer_IT_Enable)
    MyTimer_Start                            0x08000e5b   Thumb Code    14  mytimer.o(i.MyTimer_Start)
    RCC_GetHCLKClockFreq                     0x08000e69   Thumb Code    24  stm32f1xx_ll_rcc.o(i.RCC_GetHCLKClockFreq)
    RCC_GetPCLK1ClockFreq                    0x08000e89   Thumb Code    26  stm32f1xx_ll_rcc.o(i.RCC_GetPCLK1ClockFreq)
    RCC_GetPCLK2ClockFreq                    0x08000ead   Thumb Code    26  stm32f1xx_ll_rcc.o(i.RCC_GetPCLK2ClockFreq)
    RCC_GetSystemClockFreq                   0x08000ed1   Thumb Code    52  stm32f1xx_ll_rcc.o(i.RCC_GetSystemClockFreq)
    RCC_PLL_GetFreqDomain_SYS                0x08000f0d   Thumb Code    76  stm32f1xx_ll_rcc.o(i.RCC_PLL_GetFreqDomain_SYS)
    SystemClock_Config                       0x08000f65   Thumb Code   226  main.o(i.SystemClock_Config)
    SystemInit                               0x08001055   Thumb Code    70  system_stm32f1xx.o(i.SystemInit)
    TIM1_UP_IRQHandler                       0x080010ad   Thumb Code    16  mytimer.o(i.TIM1_UP_IRQHandler)
    TIM2_IRQHandler                          0x080010c5   Thumb Code    18  mytimer.o(i.TIM2_IRQHandler)
    TIM3_IRQHandler                          0x080010dd   Thumb Code    16  mytimer.o(i.TIM3_IRQHandler)
    TIM4_IRQHandler                          0x080010f5   Thumb Code    16  mytimer.o(i.TIM4_IRQHandler)
    Usart_conf                               0x0800110d   Thumb Code   150  management.o(i.Usart_conf)
    Usart_sendBatInfo                        0x080011ad   Thumb Code   188  management.o(i.Usart_sendBatInfo)
    __scatterload_copy                       0x0800126d   Thumb Code    14  handlers.o(i.__scatterload_copy)
    __scatterload_null                       0x0800127b   Thumb Code     2  handlers.o(i.__scatterload_null)
    __scatterload_zeroinit                   0x0800127d   Thumb Code    14  handlers.o(i.__scatterload_zeroinit)
    assert_failed                            0x0800128b   Thumb Code     4  main.o(i.assert_failed)
    getAlimentationState                     0x08001291   Thumb Code    42  management.o(i.getAlimentationState)
    main                                     0x080012c1   Thumb Code    22  main.o(i.main)
    send2b                                   0x080012dd   Thumb Code    72  management.o(i.send2b)
    send_char                                0x08001325   Thumb Code    28  management.o(i.send_char)
    send_time                                0x08001341   Thumb Code    96  management.o(i.send_time)
    usart_sendClearMessage                   0x080013a1   Thumb Code   204  management.o(i.usart_sendClearMessage)
    AHBPrescTable                            0x08001608   Data          16  system_stm32f1xx.o(.constdata)
    APBPrescTable                            0x08001618   Data           8  system_stm32f1xx.o(.constdata)
    Region$$Table$$Base                      0x08001620   Number         0  anon$$obj.o(Region$$Table)
    Region$$Table$$Limit                     0x08001640   Number         0  anon$$obj.o(Region$$Table)
    Ptr_ItFct_TIM1                           0x20000010   Data           4  mytimer.o(.data)
    Ptr_ItFct_TIM2                           0x20000014   Data           4  mytimer.o(.data)
    Ptr_ItFct_TIM3                           0x20000018   Data           4  mytimer.o(.data)
    Ptr_ItFct_TIM4                           0x2000001c   Data           4  mytimer.o(.data)
    SystemCoreClock                          0x20000020   Data           4  system_stm32f1xx.o(.data)
    __initial_sp                             0x20000428   Data           0  startup_stm32f103xb.o(STACK)



==============================================================================

Memory Map of the image

  Image Entry point : 0x080000ed

  Load Region LR_IROM1 (Base: 0x08000000, Size: 0x00001664, Max: 0x00020000, ABSOLUTE)

    Execution Region ER_IROM1 (Exec base: 0x08000000, Load base: 0x08000000, Size: 0x00001640, Max: 0x00020000, ABSOLUTE)

    Exec Addr    Load Addr    Size         Type   Attr      Idx    E Section Name        Object

    0x08000000   0x08000000   0x000000ec   Data   RO         1256    RESET               startup_stm32f103xb.o
    0x080000ec   0x080000ec   0x00000000   Code   RO         1261  * .ARM.Collect$$$$00000000  mc_w.l(entry.o)
    0x080000ec   0x080000ec   0x00000004   Code   RO         1288    .ARM.Collect$$$$00000001  mc_w.l(entry2.o)
    0x080000f0   0x080000f0   0x00000004   Code   RO         1291    .ARM.Collect$$$$00000004  mc_w.l(entry5.o)
    0x080000f4   0x080000f4   0x00000000   Code   RO         1293    .ARM.Collect$$$$00000008  mc_w.l(entry7b.o)
    0x080000f4   0x080000f4   0x00000000   Code   RO         1295    .ARM.Collect$$$$0000000A  mc_w.l(entry8b.o)
    0x080000f4   0x080000f4   0x00000008   Code   RO         1296    .ARM.Collect$$$$0000000B  mc_w.l(entry9a.o)
    0x080000fc   0x080000fc   0x00000000   Code   RO         1298    .ARM.Collect$$$$0000000D  mc_w.l(entry10a.o)
    0x080000fc   0x080000fc   0x00000000   Code   RO         1300    .ARM.Collect$$$$0000000F  mc_w.l(entry11a.o)
    0x080000fc   0x080000fc   0x00000004   Code   RO         1289    .ARM.Collect$$$$00002712  mc_w.l(entry2.o)
    0x08000100   0x08000100   0x00000024   Code   RO         1257    .text               startup_stm32f103xb.o
    0x08000124   0x08000124   0x00000024   Code   RO         1264    .text               mc_w.l(memcpya.o)
    0x08000148   0x08000148   0x00000024   Code   RO         1311    .text               mc_w.l(init.o)
    0x0800016c   0x0800016c   0x000000f8   Code   RO          292    i.Adc_Conf          management.o
    0x08000264   0x08000264   0x00000040   Code   RO           81    i.Chrono_Background  chrono.o
    0x080002a4   0x080002a4   0x00000058   Code   RO           82    i.Chrono_Conf       chrono.o
    0x080002fc   0x080002fc   0x00000010   Code   RO           85    i.Chrono_Start      chrono.o
    0x0800030c   0x0800030c   0x00000060   Code   RO           87    i.Chrono_Task_10ms  chrono.o
    0x0800036c   0x0800036c   0x000000d8   Code   RO          819    i.LL_ADC_CommonInit  stm32f1xx_ll_adc.o
    0x08000444   0x08000444   0x000000a4   Code   RO          824    i.LL_ADC_Init       stm32f1xx_ll_adc.o
    0x080004e8   0x080004e8   0x0000000a   Code   RO          825    i.LL_ADC_IsEnabled  stm32f1xx_ll_adc.o
    0x080004f2   0x080004f2   0x00000002   PAD
    0x080004f4   0x080004f4   0x000001f8   Code   RO          826    i.LL_ADC_REG_Init   stm32f1xx_ll_adc.o
    0x080006ec   0x080006ec   0x0000001c   Code   RO          174    i.LL_APB1_GRP1_EnableClock  mytimer.o
    0x08000708   0x08000708   0x0000001c   Code   RO          293    i.LL_APB2_GRP1_EnableClock  management.o
    0x08000724   0x08000724   0x000001f8   Code   RO          910    i.LL_GPIO_Init      stm32f1xx_ll_gpio.o
    0x0800091c   0x0800091c   0x0000001c   Code   RO          562    i.LL_Init1msTick    stm32f1xx_ll_utils.o
    0x08000938   0x08000938   0x00000024   Code   RO          481    i.LL_RCC_GetSystemClocksFreq  stm32f1xx_ll_rcc.o
    0x0800095c   0x0800095c   0x0000000c   Code   RO          569    i.LL_SetSystemCoreClock  stm32f1xx_ll_utils.o
    0x08000968   0x08000968   0x00000008   Code   RO          175    i.LL_TIM_ClearFlag_UPDATE  mytimer.o
    0x08000970   0x08000970   0x0000000a   Code   RO          176    i.LL_TIM_DisableCounter  mytimer.o
    0x0800097a   0x0800097a   0x0000000a   Code   RO          177    i.LL_TIM_DisableIT_UPDATE  mytimer.o
    0x08000984   0x08000984   0x00000114   Code   RO          674    i.LL_TIM_Init       stm32f1xx_ll_tim.o
    0x08000a98   0x08000a98   0x000001b0   Code   RO          961    i.LL_USART_Init     stm32f1xx_ll_usart.o
    0x08000c48   0x08000c48   0x0000000a   Code   RO          294    i.LL_USART_IsActiveFlag_TC  management.o
    0x08000c52   0x08000c52   0x0000000a   Code   RO          962    i.LL_USART_IsEnabled  stm32f1xx_ll_usart.o
    0x08000c5c   0x08000c5c   0x0000009e   Code   RO          963    i.LL_USART_SetBaudRate  stm32f1xx_ll_usart.o
    0x08000cfa   0x08000cfa   0x00000004   Code   RO          295    i.LL_USART_TransmitData8  management.o
    0x08000cfe   0x08000cfe   0x00000002   PAD
    0x08000d00   0x08000d00   0x00000084   Code   RO          178    i.MyTimer_Conf      mytimer.o
    0x08000d84   0x08000d84   0x000000c8   Code   RO          179    i.MyTimer_IT_Conf   mytimer.o
    0x08000e4c   0x08000e4c   0x0000000e   Code   RO          181    i.MyTimer_IT_Enable  mytimer.o
    0x08000e5a   0x08000e5a   0x0000000e   Code   RO          182    i.MyTimer_Start     mytimer.o
    0x08000e68   0x08000e68   0x00000020   Code   RO          484    i.RCC_GetHCLKClockFreq  stm32f1xx_ll_rcc.o
    0x08000e88   0x08000e88   0x00000024   Code   RO          485    i.RCC_GetPCLK1ClockFreq  stm32f1xx_ll_rcc.o
    0x08000eac   0x08000eac   0x00000024   Code   RO          486    i.RCC_GetPCLK2ClockFreq  stm32f1xx_ll_rcc.o
    0x08000ed0   0x08000ed0   0x0000003c   Code   RO          487    i.RCC_GetSystemClockFreq  stm32f1xx_ll_rcc.o
    0x08000f0c   0x08000f0c   0x00000058   Code   RO          488    i.RCC_PLL_GetFreqDomain_SYS  stm32f1xx_ll_rcc.o
    0x08000f64   0x08000f64   0x000000f0   Code   RO            4    i.SystemClock_Config  main.o
    0x08001054   0x08001054   0x00000058   Code   RO         1221    i.SystemInit        system_stm32f1xx.o
    0x080010ac   0x080010ac   0x00000018   Code   RO          184    i.TIM1_UP_IRQHandler  mytimer.o
    0x080010c4   0x080010c4   0x00000018   Code   RO          185    i.TIM2_IRQHandler   mytimer.o
    0x080010dc   0x080010dc   0x00000018   Code   RO          186    i.TIM3_IRQHandler   mytimer.o
    0x080010f4   0x080010f4   0x00000018   Code   RO          187    i.TIM4_IRQHandler   mytimer.o
    0x0800110c   0x0800110c   0x000000a0   Code   RO          296    i.Usart_conf        management.o
    0x080011ac   0x080011ac   0x000000c0   Code   RO          297    i.Usart_sendBatInfo  management.o
    0x0800126c   0x0800126c   0x0000000e   Code   RO         1317    i.__scatterload_copy  mc_w.l(handlers.o)
    0x0800127a   0x0800127a   0x00000002   Code   RO         1318    i.__scatterload_null  mc_w.l(handlers.o)
    0x0800127c   0x0800127c   0x0000000e   Code   RO         1319    i.__scatterload_zeroinit  mc_w.l(handlers.o)
    0x0800128a   0x0800128a   0x00000004   Code   RO            5    i.assert_failed     main.o
    0x0800128e   0x0800128e   0x00000002   PAD
    0x08001290   0x08001290   0x00000030   Code   RO          298    i.getAlimentationState  management.o
    0x080012c0   0x080012c0   0x0000001c   Code   RO            6    i.main              main.o
    0x080012dc   0x080012dc   0x00000048   Code   RO          299    i.send2b            management.o
    0x08001324   0x08001324   0x0000001c   Code   RO          300    i.send_char         management.o
    0x08001340   0x08001340   0x00000060   Code   RO          301    i.send_time         management.o
    0x080013a0   0x080013a0   0x000000d0   Code   RO          302    i.usart_sendClearMessage  management.o
    0x08001470   0x08001470   0x00000198   Data   RO          303    .constdata          management.o
    0x08001608   0x08001608   0x00000018   Data   RO         1222    .constdata          system_stm32f1xx.o
    0x08001620   0x08001620   0x00000020   Data   RO         1315    Region$$Table       anon$$obj.o


    Execution Region RW_IRAM1 (Exec base: 0x20000000, Load base: 0x08001640, Size: 0x00000428, Max: 0x00005000, ABSOLUTE)

    Exec Addr    Load Addr    Size         Type   Attr      Idx    E Section Name        Object

    0x20000000   0x08001640   0x0000000e   Data   RW           89    .data               chrono.o
    0x2000000e   0x0800164e   0x00000002   PAD
    0x20000010   0x08001650   0x00000010   Data   RW          189    .data               mytimer.o
    0x20000020   0x08001660   0x00000004   Data   RW         1223    .data               system_stm32f1xx.o
    0x20000024   0x08001664   0x00000004   PAD
    0x20000028        -       0x00000400   Zero   RW         1254    STACK               startup_stm32f103xb.o


==============================================================================

Image component sizes


      Code (inc. data)   RO Data    RW Data    ZI Data      Debug   Object Name

       264         48          0         14          0      43228   chrono.o
       272         20          0          0          0     356416   main.o
      1094         44        408          0          0      58765   management.o
       512         82          0         16          0      58741   mytimer.o
        36          8        236          0       1024        748   startup_stm32f103xb.o
       894        140          0          0          0      38580   stm32f1xx_ll_adc.o
       504         62          0          0          0      10307   stm32f1xx_ll_gpio.o
       288         48          0          0          0      12909   stm32f1xx_ll_rcc.o
       276         48          0          0          0      28894   stm32f1xx_ll_tim.o
       600         56          0          0          0      15728   stm32f1xx_ll_usart.o
        40          6          0          0          0       1997   stm32f1xx_ll_utils.o
        88         18         24          4          0       1071   system_stm32f1xx.o

    ----------------------------------------------------------------------
      4874        580        700         36       1028     627384   Object Totals
         0          0         32          0          0          0   (incl. Generated)
         6          0          0          2          4          0   (incl. Padding)

    ----------------------------------------------------------------------

      Code (inc. data)   RO Data    RW Data    ZI Data      Debug   Library Member Name

         0          0          0          0          0          0   entry.o
         0          0          0          0          0          0   entry10a.o
         0          0          0          0          0          0   entry11a.o
         8          4          0          0          0          0   entry2.o
         4          0          0          0          0          0   entry5.o
         0          0          0          0          0          0   entry7b.o
         0          0          0          0          0          0   entry8b.o
         8          4          0          0          0          0   entry9a.o
        30          0          0          0          0          0   handlers.o
        36          8          0          0          0         68   init.o
        36          0          0          0          0         68   memcpya.o

    ----------------------------------------------------------------------
       122         16          0          0          0        136   Library Totals
         0          0          0          0          0          0   (incl. Padding)

    ----------------------------------------------------------------------

      Code (inc. data)   RO Data    RW Data    ZI Data      Debug   Library Name

       122         16          0          0          0        136   mc_w.l

    ----------------------------------------------------------------------
       122         16          0          0          0        136   Library Totals

    ----------------------------------------------------------------------

==============================================================================


      Code (inc. data)   RO Data    RW Data    ZI Data      Debug   

      4996        596        700         36       1028     625332   Grand Totals
      4996        596        700         36       1028     625332   ELF Image Totals
      4996        596        700         36          0          0   ROM Totals

==============================================================================

    Total RO  Size (Code + RO Data)                 5696 (   5.56kB)
    Total RW  Size (RW Data + ZI Data)              1064 (   1.04kB)
    Total ROM Size (Code + RO Data + RW Data)       5732 (   5.60kB)

==============================================================================

